# Excerpt of the full H100 training log for beS1-f50-s0.
# Full log: 331540 lines, sha256 81c0878a7c8306165b9c3a2f131fc630ecc5ef2aa497b1a21975c6e3f4462af4 (operator archive).
# Site paths redacted: /projects/geofam -> /cluster-site-redacted.
[rank: 0] Seed set to 0
GPU available: True (cuda), used: True
TPU available: False, using: 0 TPU cores
💡 Tip: For seamless cloud logging and experiment tracking, try installing [litlogger](https://pypi.org/project/litlogger/) to enable LitLogger, which logs metrics and artifacts automatically to the Lightning Experiments platform.
/cluster-site-redacted/jroth/envs/xview3-h100-fp32-dgx-a4af214a/lib/python3.11/site-packages/lightning/pytorch/trainer/configuration_validator.py:70: You defined a `validation_step` but have no `val_dataloader`. Skipping val loop.
You are using a CUDA device ('NVIDIA H100 80GB HBM3') that has Tensor Cores. To properly utilize them, you should set `torch.set_float32_matmul_precision('medium' | 'high')` which will trade-off precision for performance. For more details, read https://pytorch.org/docs/stable/generated/torch.set_float32_matmul_precision.html#torch.set_float32_matmul_precision
LOCAL_RANK: 0 - CUDA_VISIBLE_DEVICES: [5]

  | Name     | Type             | Params | Mode  | FLOPs
--------------------------------------------------------------
0 | backbone | ConvNeXtBackbone | 87.7 M | train | 0    
1 | head     | HeatmapHead      | 6.3 M  | train | 0    
--------------------------------------------------------------
94.0 M    Trainable params
0         Non-trainable params
94.0 M    Total params
375.955   Total estimated model params size (MB)
481       Modules in train mode
0         Modules in eval mode
0         Total Flops
SLURM auto-requeueing enabled. Setting signal handlers.
/cluster-site-redacted/jroth/envs/xview3-h100-fp32-dgx-a4af214a/lib/python3.11/site-packages/lightning/pytorch/utilities/_pytree.py:21: `isinstance(treespec, LeafSpec)` is deprecated, use `isinstance(treespec, TreeSpec) and treespec.is_leaf()` instead.
[bigearthnet_s1] matched=378 missing=0 unexpected=0

Training: |          | 0/? [00:00<?, ?it/s]
Training: |          | 0/? [00:00<?, ?it/s]
Epoch 0:   0%|          | 0/3310 [00:00<?, ?it/s]
Epoch 0:   0%|          | 1/3310 [00:03<3:34:12,  0.26it/s]
Epoch 0:   0%|          | 1/3310 [00:03<3:34:15,  0.26it/s, v_num=rics, train_loss=47.50]
Epoch 0:   0%|          | 2/3310 [00:04<1:55:54,  0.48it/s, v_num=rics, train_loss=47.50]
Epoch 0:   0%|          | 2/3310 [00:04<2:03:24,  0.45it/s, v_num=rics, train_loss=32.60]
Epoch 0:   0%|          | 3/3310 [00:04<1:27:19,  0.63it/s, v_num=rics, train_loss=32.60]
Epoch 0:   0%|          | 3/3310 [00:05<1:32:15,  0.60it/s, v_num=rics, train_loss=14.10]
Epoch 0:   0%|          | 4/3310 [00:05<1:12:57,  0.76it/s, v_num=rics, train_loss=14.10]
Epoch 0:   0%|          | 4/3310 [00:05<1:16:39,  0.72it/s, v_num=rics, train_loss=19.00]
Epoch 0:   0%|          | 5/3310 [00:05<1:04:19,  0.86it/s, v_num=rics, train_loss=19.00]
Epoch 0:   0%|          | 5/3310 [00:06<1:07:18,  0.82it/s, v_num=rics, train_loss=9.980]
Epoch 0:   0%|          | 6/3310 [00:06<58:35,  0.94it/s, v_num=rics, train_loss=9.980]  
Epoch 0:   0%|          | 6/3310 [00:06<1:01:03,  0.90it/s, v_num=rics, train_loss=6.650]
Epoch 0:   0%|          | 7/3310 [00:06<54:29,  1.01it/s, v_num=rics, train_loss=6.650]  
Epoch 0:   0%|          | 7/3310 [00:07<56:37,  0.97it/s, v_num=rics, train_loss=5.830]
Epoch 0:   0%|          | 8/3310 [00:07<51:24,  1.07it/s, v_num=rics, train_loss=5.830]
Epoch 0:   0%|          | 8/3310 [00:07<53:16,  1.03it/s, v_num=rics, train_loss=5.630]
Epoch 0:   0%|          | 9/3310 [00:08<49:01,  1.12it/s, v_num=rics, train_loss=5.630]
Epoch 0:   0%|          | 9/3310 [00:08<50:40,  1.09it/s, v_num=rics, train_loss=5.160]
Epoch 0:   0%|          | 10/3310 [00:08<47:06,  1.17it/s, v_num=rics, train_loss=5.160]
Epoch 0:   0%|          | 10/3310 [00:08<48:36,  1.13it/s, v_num=rics, train_loss=4.550]
Epoch 0:   0%|          | 11/3310 [00:09<45:35,  1.21it/s, v_num=rics, train_loss=4.550]
Epoch 0:   0%|          | 11/3310 [00:09<46:57,  1.17it/s, v_num=rics, train_loss=4.350]
Epoch 0:   0%|          | 12/3310 [00:09<44:17,  1.24it/s, v_num=rics, train_loss=4.350]
Epoch 0:   0%|          | 12/3310 [00:09<45:31,  1.21it/s, v_num=rics, train_loss=5.970]
Epoch 0:   0%|          | 13/3310 [00:10<43:10,  1.27it/s, v_num=rics, train_loss=5.970]
Epoch 0:   0%|          | 13/3310 [00:10<44:18,  1.24it/s, v_num=rics, train_loss=4.190]
Epoch 0:   0%|          | 14/3310 [00:10<42:12,  1.30it/s, v_num=rics, train_loss=4.190]
Epoch 0:   0%|          | 14/3310 [00:11<43:16,  1.27it/s, v_num=rics, train_loss=4.220]
Epoch 0:   0%|          | 15/3310 [00:11<41:22,  1.33it/s, v_num=rics, train_loss=4.220]
Epoch 0:   0%|          | 15/3310 [00:11<42:22,  1.30it/s, v_num=rics, train_loss=4.260]
Epoch 0:   0%|          | 16/3310 [00:11<40:39,  1.35it/s, v_num=rics, train_loss=4.260]
Epoch 0:   0%|          | 16/3310 [00:12<41:34,  1.32it/s, v_num=rics, train_loss=3.900]
Epoch 0:   1%|          | 17/3310 [00:12<40:01,  1.37it/s, v_num=rics, train_loss=3.900]
[... 331360 lines elided ...]
Epoch 49: 100%|█████████▉| 3300/3310 [29:59<00:05,  1.83it/s, v_num=rics, train_loss=0.00153, dev_f1=0.891]
Epoch 49: 100%|█████████▉| 3301/3310 [29:59<00:04,  1.83it/s, v_num=rics, train_loss=0.00153, dev_f1=0.891]
Epoch 49: 100%|█████████▉| 3301/3310 [29:59<00:04,  1.83it/s, v_num=rics, train_loss=0.00147, dev_f1=0.891]
Epoch 49: 100%|█████████▉| 3302/3310 [29:59<00:04,  1.83it/s, v_num=rics, train_loss=0.00147, dev_f1=0.891]
Epoch 49: 100%|█████████▉| 3302/3310 [30:00<00:04,  1.83it/s, v_num=rics, train_loss=0.0141, dev_f1=0.891] 
Epoch 49: 100%|█████████▉| 3303/3310 [30:00<00:03,  1.83it/s, v_num=rics, train_loss=0.0141, dev_f1=0.891]
Epoch 49: 100%|█████████▉| 3303/3310 [30:00<00:03,  1.83it/s, v_num=rics, train_loss=0.000823, dev_f1=0.891]
Epoch 49: 100%|█████████▉| 3304/3310 [30:00<00:03,  1.83it/s, v_num=rics, train_loss=0.000823, dev_f1=0.891]
Epoch 49: 100%|█████████▉| 3304/3310 [30:01<00:03,  1.83it/s, v_num=rics, train_loss=0.00126, dev_f1=0.891] 
Epoch 49: 100%|█████████▉| 3305/3310 [30:01<00:02,  1.83it/s, v_num=rics, train_loss=0.00126, dev_f1=0.891]
Epoch 49: 100%|█████████▉| 3305/3310 [30:01<00:02,  1.83it/s, v_num=rics, train_loss=0.000986, dev_f1=0.891]
Epoch 49: 100%|█████████▉| 3306/3310 [30:02<00:02,  1.83it/s, v_num=rics, train_loss=0.000986, dev_f1=0.891]
Epoch 49: 100%|█████████▉| 3306/3310 [30:02<00:02,  1.83it/s, v_num=rics, train_loss=0.0102, dev_f1=0.891]  
Epoch 49: 100%|█████████▉| 3307/3310 [30:02<00:01,  1.83it/s, v_num=rics, train_loss=0.0102, dev_f1=0.891]
Epoch 49: 100%|█████████▉| 3307/3310 [30:02<00:01,  1.83it/s, v_num=rics, train_loss=0.00194, dev_f1=0.891]
Epoch 49: 100%|█████████▉| 3308/3310 [30:03<00:01,  1.83it/s, v_num=rics, train_loss=0.00194, dev_f1=0.891]
Epoch 49: 100%|█████████▉| 3308/3310 [30:03<00:01,  1.83it/s, v_num=rics, train_loss=0.352, dev_f1=0.891]  
Epoch 49: 100%|█████████▉| 3309/3310 [30:03<00:00,  1.83it/s, v_num=rics, train_loss=0.352, dev_f1=0.891]
Epoch 49: 100%|█████████▉| 3309/3310 [30:03<00:00,  1.83it/s, v_num=rics, train_loss=0.0726, dev_f1=0.891]
Epoch 49: 100%|██████████| 3310/3310 [30:04<00:00,  1.83it/s, v_num=rics, train_loss=0.0726, dev_f1=0.891]
Epoch 49: 100%|██████████| 3310/3310 [30:04<00:00,  1.83it/s, v_num=rics, train_loss=0.00334, dev_f1=0.891][dev eval, checkpoint epoch 49] {'f1': 0.8903976721629486, 'precision': 0.8929961089494164, 'recall': 0.8878143133462283, 'tp': 459, 'fp': 55, 'fn': 58, 'ignored_predictions': 72, 'threshold': 0.92333984375, 'n_candidates': 1205, 'epoch': 49}

Epoch 49: 100%|██████████| 3310/3310 [36:51<00:00,  1.50it/s, v_num=rics, train_loss=0.00334, dev_f1=0.890]`Trainer.fit` stopped: `max_epochs=50` reached.

Epoch 49: 100%|██████████| 3310/3310 [36:51<00:00,  1.50it/s, v_num=rics, train_loss=0.00334, dev_f1=0.890]
{
 "result_schema": 2,
 "exp_id": "beS1-f50-s0",
 "git_sha": "06b2e61dbb85dc5fa5a5d5853f9ba15f6a87dca9",
 "detector_sha256": "c42ae65bf9045cc93f0d73ae1437b2f6a1300670cb49d8e93f83a39d58a62a12",
 "precision": "32-true",
 "micro_batch": 16,
 "gradient_accumulation": 1,
 "effective_batch": 16,
 "epochs_run": 50,
 "best_dev_f1": 0.8998073217726397,
 "best_dev": {
  "f1": 0.8998073217726397,
  "precision": 0.8963531669865643,
  "recall": 0.9032882011605415,
  "tp": 467,
  "fp": 54,
  "fn": 50,
  "ignored_predictions": 70,
  "threshold": 0.900390625,
  "n_candidates": 1042,
  "epoch": 29
 },
 "best_checkpoint": {
  "relative_path": "checkpoints/best.ckpt",
  "sha256": "539ac2ea3c3e54baab9aa5dcb69147759eda9699b1d990a1bd4baa00e7d669a1",
  "epoch": 29
 },
 "last_dev": {
  "f1": 0.8903976721629486,
  "precision": 0.8929961089494164,
  "recall": 0.8878143133462283,
  "tp": 459,
  "fp": 55,
  "fn": 58,
  "ignored_predictions": 72,
  "threshold": 0.92333984375,
  "n_candidates": 1205,
  "epoch": 49
 },
 "train_loss": 0.003343458753079176,
 "h100_runtime_contract": {
  "schema": 1,
  "status": "verified",
  "pre_trainer": {
   "schema": 1,
   "status": "verified",
   "stage": "pre-trainer",
   "precision": "32-true",
   "devices": 1,
   "micro_batch": 16,
   "gradient_accumulation": 1,
   "effective_batch": 16,
   "strict_fp32": {
    "cuda_matmul_fp32_precision": "ieee",
    "cudnn_conv_fp32_precision": "ieee",
    "cudnn_rnn_fp32_precision": "ieee"
   },
   "autocast": {
    "global": false,
    "cuda": false,
    "cpu": false
   },
   "process": {
    "WORLD_SIZE": "unset",
    "SLURM_NTASKS": "1",
    "effective_world_size": 1
   },
   "model": {
    "floating_parameter_count": 392,
    "floating_parameter_dtypes": [
     "torch.float32"
    ]
   }
  },
  "resolved_trainer": {
   "accelerator": "lightning.pytorch.accelerators.cuda.CUDAAccelerator",
   "precision_plugin": "lightning.pytorch.plugins.precision.precision.Precision",
   "precision": "32-true",
   "gradient_scaler": null,
   "strategy": "lightning.pytorch.strategies.single_device.SingleDeviceStrategy",
   "root_device_type": "cuda",
   "root_device_index": 0,
   "num_devices": 1,
   "world_size": 1,
   "device_ids": [
    0
   ],
   "gradient_accumulation": 1
  }
 }
}
[2026-10-01T19:56:16] beS1-f50-s0: scoring frozen TEST with cohort-bound best-dev threshold
[2026-10-01T20:09:30] beS1-f50-s0: test F1 0.8478; near-shore F1 0.0000 on 2 GT
[2026-10-01T20:09:30] scored 1 runs
