# Excerpt of the full H100 training log for beS1-f100-s0.
# Full log: 329601 lines, sha256 42338c302a4b1ef18ad488c0a92a776005c5c3d5a5058bc112a191f3d8016e94 (operator archive).
# Site paths redacted: /projects/geofam -> /cluster-site-redacted.
[rank: 0] Seed set to 0
GPU available: True (cuda), used: True
TPU available: False, using: 0 TPU cores
💡 Tip: For seamless cloud logging and experiment tracking, try installing [litlogger](https://pypi.org/project/litlogger/) to enable LitLogger, which logs metrics and artifacts automatically to the Lightning Experiments platform.
/cluster-site-redacted/jroth/envs/xview3-h100-fp32-dgx-a4af214a/lib/python3.11/site-packages/lightning/pytorch/trainer/configuration_validator.py:70: You defined a `validation_step` but have no `val_dataloader`. Skipping val loop.
You are using a CUDA device ('NVIDIA H100 80GB HBM3') that has Tensor Cores. To properly utilize them, you should set `torch.set_float32_matmul_precision('medium' | 'high')` which will trade-off precision for performance. For more details, read https://pytorch.org/docs/stable/generated/torch.set_float32_matmul_precision.html#torch.set_float32_matmul_precision
LOCAL_RANK: 0 - CUDA_VISIBLE_DEVICES: [2]

  | Name     | Type             | Params | Mode  | FLOPs
--------------------------------------------------------------
0 | backbone | ConvNeXtBackbone | 87.7 M | train | 0    
1 | head     | HeatmapHead      | 6.3 M  | train | 0    
--------------------------------------------------------------
94.0 M    Trainable params
0         Non-trainable params
94.0 M    Total params
375.955   Total estimated model params size (MB)
481       Modules in train mode
0         Modules in eval mode
0         Total Flops
SLURM auto-requeueing enabled. Setting signal handlers.
/cluster-site-redacted/jroth/envs/xview3-h100-fp32-dgx-a4af214a/lib/python3.11/site-packages/lightning/pytorch/utilities/_pytree.py:21: `isinstance(treespec, LeafSpec)` is deprecated, use `isinstance(treespec, TreeSpec) and treespec.is_leaf()` instead.
[bigearthnet_s1] matched=378 missing=0 unexpected=0

Training: |          | 0/? [00:00<?, ?it/s]
Training: |          | 0/? [00:00<?, ?it/s]
Epoch 0:   0%|          | 0/6588 [00:00<?, ?it/s]
Epoch 0:   0%|          | 1/6588 [00:03<7:09:56,  0.26it/s]
Epoch 0:   0%|          | 1/6588 [00:03<7:10:00,  0.26it/s, v_num=rics, train_loss=64.40]
Epoch 0:   0%|          | 2/6588 [00:04<3:49:59,  0.48it/s, v_num=rics, train_loss=64.40]
Epoch 0:   0%|          | 2/6588 [00:04<4:04:51,  0.45it/s, v_num=rics, train_loss=22.00]
Epoch 0:   0%|          | 3/6588 [00:04<2:53:12,  0.63it/s, v_num=rics, train_loss=22.00]
Epoch 0:   0%|          | 3/6588 [00:05<3:03:06,  0.60it/s, v_num=rics, train_loss=17.20]
Epoch 0:   0%|          | 4/6588 [00:05<2:24:48,  0.76it/s, v_num=rics, train_loss=17.20]
Epoch 0:   0%|          | 4/6588 [00:05<2:32:14,  0.72it/s, v_num=rics, train_loss=23.10]
Epoch 0:   0%|          | 5/6588 [00:05<2:07:45,  0.86it/s, v_num=rics, train_loss=23.10]
Epoch 0:   0%|          | 5/6588 [00:06<2:13:43,  0.82it/s, v_num=rics, train_loss=5.790]
Epoch 0:   0%|          | 6/6588 [00:06<1:56:24,  0.94it/s, v_num=rics, train_loss=5.790]
Epoch 0:   0%|          | 6/6588 [00:06<2:01:20,  0.90it/s, v_num=rics, train_loss=7.300]
Epoch 0:   0%|          | 7/6588 [00:06<1:48:16,  1.01it/s, v_num=rics, train_loss=7.300]
Epoch 0:   0%|          | 7/6588 [00:07<1:52:32,  0.97it/s, v_num=rics, train_loss=8.170]
Epoch 0:   0%|          | 8/6588 [00:07<1:42:12,  1.07it/s, v_num=rics, train_loss=8.170]
Epoch 0:   0%|          | 8/6588 [00:07<1:45:54,  1.04it/s, v_num=rics, train_loss=5.880]
Epoch 0:   0%|          | 9/6588 [00:07<1:37:26,  1.13it/s, v_num=rics, train_loss=5.880]
Epoch 0:   0%|          | 9/6588 [00:08<1:40:44,  1.09it/s, v_num=rics, train_loss=4.450]
Epoch 0:   0%|          | 10/6588 [00:08<1:33:39,  1.17it/s, v_num=rics, train_loss=4.450]
Epoch 0:   0%|          | 10/6588 [00:08<1:36:37,  1.13it/s, v_num=rics, train_loss=6.030]
Epoch 0:   0%|          | 11/6588 [00:09<1:30:35,  1.21it/s, v_num=rics, train_loss=6.030]
Epoch 0:   0%|          | 11/6588 [00:09<1:33:18,  1.17it/s, v_num=rics, train_loss=4.270]
Epoch 0:   0%|          | 12/6588 [00:09<1:28:00,  1.25it/s, v_num=rics, train_loss=4.270]
Epoch 0:   0%|          | 12/6588 [00:09<1:30:27,  1.21it/s, v_num=rics, train_loss=4.240]
Epoch 0:   0%|          | 13/6588 [00:10<1:25:47,  1.28it/s, v_num=rics, train_loss=4.240]
Epoch 0:   0%|          | 13/6588 [00:10<1:28:03,  1.24it/s, v_num=rics, train_loss=4.440]
Epoch 0:   0%|          | 14/6588 [00:10<1:23:53,  1.31it/s, v_num=rics, train_loss=4.440]
Epoch 0:   0%|          | 14/6588 [00:10<1:25:59,  1.27it/s, v_num=rics, train_loss=4.230]
Epoch 0:   0%|          | 15/6588 [00:11<1:22:14,  1.33it/s, v_num=rics, train_loss=4.230]
Epoch 0:   0%|          | 15/6588 [00:11<1:24:14,  1.30it/s, v_num=rics, train_loss=3.870]
Epoch 0:   0%|          | 16/6588 [00:11<1:20:49,  1.36it/s, v_num=rics, train_loss=3.870]
Epoch 0:   0%|          | 16/6588 [00:12<1:22:41,  1.32it/s, v_num=rics, train_loss=4.210]
Epoch 0:   0%|          | 17/6588 [00:12<1:19:35,  1.38it/s, v_num=rics, train_loss=4.210]
[... 329421 lines elided ...]
Epoch 24: 100%|█████████▉| 6578/6588 [59:47<00:05,  1.83it/s, v_num=rics, train_loss=0.0122, dev_f1=0.896]
Epoch 24: 100%|█████████▉| 6578/6588 [59:47<00:05,  1.83it/s, v_num=rics, train_loss=0.00327, dev_f1=0.896]
Epoch 24: 100%|█████████▉| 6579/6588 [59:47<00:04,  1.83it/s, v_num=rics, train_loss=0.00327, dev_f1=0.896]
Epoch 24: 100%|█████████▉| 6579/6588 [59:48<00:04,  1.83it/s, v_num=rics, train_loss=0.184, dev_f1=0.896]  
Epoch 24: 100%|█████████▉| 6580/6588 [59:48<00:04,  1.83it/s, v_num=rics, train_loss=0.184, dev_f1=0.896]
Epoch 24: 100%|█████████▉| 6580/6588 [59:48<00:04,  1.83it/s, v_num=rics, train_loss=0.933, dev_f1=0.896]
Epoch 24: 100%|█████████▉| 6581/6588 [59:48<00:03,  1.83it/s, v_num=rics, train_loss=0.933, dev_f1=0.896]
Epoch 24: 100%|█████████▉| 6581/6588 [59:49<00:03,  1.83it/s, v_num=rics, train_loss=0.00151, dev_f1=0.896]
Epoch 24: 100%|█████████▉| 6582/6588 [59:49<00:03,  1.83it/s, v_num=rics, train_loss=0.00151, dev_f1=0.896]
Epoch 24: 100%|█████████▉| 6582/6588 [59:49<00:03,  1.83it/s, v_num=rics, train_loss=0.00287, dev_f1=0.896]
Epoch 24: 100%|█████████▉| 6583/6588 [59:49<00:02,  1.83it/s, v_num=rics, train_loss=0.00287, dev_f1=0.896]
Epoch 24: 100%|█████████▉| 6583/6588 [59:50<00:02,  1.83it/s, v_num=rics, train_loss=0.0053, dev_f1=0.896] 
Epoch 24: 100%|█████████▉| 6584/6588 [59:50<00:02,  1.83it/s, v_num=rics, train_loss=0.0053, dev_f1=0.896]
Epoch 24: 100%|█████████▉| 6584/6588 [59:50<00:02,  1.83it/s, v_num=rics, train_loss=0.00701, dev_f1=0.896]
Epoch 24: 100%|█████████▉| 6585/6588 [59:51<00:01,  1.83it/s, v_num=rics, train_loss=0.00701, dev_f1=0.896]
Epoch 24: 100%|█████████▉| 6585/6588 [59:51<00:01,  1.83it/s, v_num=rics, train_loss=0.00468, dev_f1=0.896]
Epoch 24: 100%|█████████▉| 6586/6588 [59:51<00:01,  1.83it/s, v_num=rics, train_loss=0.00468, dev_f1=0.896]
Epoch 24: 100%|█████████▉| 6586/6588 [59:51<00:01,  1.83it/s, v_num=rics, train_loss=0.0866, dev_f1=0.896] 
Epoch 24: 100%|█████████▉| 6587/6588 [59:52<00:00,  1.83it/s, v_num=rics, train_loss=0.0866, dev_f1=0.896]
Epoch 24: 100%|█████████▉| 6587/6588 [59:52<00:00,  1.83it/s, v_num=rics, train_loss=0.00296, dev_f1=0.896]
Epoch 24: 100%|██████████| 6588/6588 [59:52<00:00,  1.83it/s, v_num=rics, train_loss=0.00296, dev_f1=0.896]
Epoch 24: 100%|██████████| 6588/6588 [59:52<00:00,  1.83it/s, v_num=rics, train_loss=0.00675, dev_f1=0.896][dev eval, checkpoint epoch 24] {'f1': 0.901077375122429, 'precision': 0.9126984126984127, 'recall': 0.8897485493230174, 'tp': 460, 'fp': 44, 'fn': 57, 'ignored_predictions': 73, 'threshold': 0.90576171875, 'n_candidates': 967, 'epoch': 24}

Epoch 24: 100%|██████████| 6588/6588 [1:06:58<00:00,  1.64it/s, v_num=rics, train_loss=0.00675, dev_f1=0.901]
Epoch 24: 100%|██████████| 6588/6588 [1:06:58<00:00,  1.64it/s, v_num=rics, train_loss=0.00675, dev_f1=0.901]
{
 "result_schema": 2,
 "exp_id": "beS1-f100-s0",
 "git_sha": "06b2e61dbb85dc5fa5a5d5853f9ba15f6a87dca9",
 "detector_sha256": "c42ae65bf9045cc93f0d73ae1437b2f6a1300670cb49d8e93f83a39d58a62a12",
 "precision": "32-true",
 "micro_batch": 16,
 "gradient_accumulation": 1,
 "effective_batch": 16,
 "epochs_run": 25,
 "best_dev_f1": 0.9067713444553483,
 "best_dev": {
  "f1": 0.9067713444553483,
  "precision": 0.9203187250996016,
  "recall": 0.8936170212765957,
  "tp": 462,
  "fp": 40,
  "fn": 55,
  "ignored_predictions": 74,
  "threshold": 0.83203125,
  "n_candidates": 3491,
  "epoch": 4
 },
 "best_checkpoint": {
  "relative_path": "checkpoints/best.ckpt",
  "sha256": "a7f1b43c7f84e8f3ea480ad734fccb393318a6e3398fdb9f463f563c86365036",
  "epoch": 4
 },
 "last_dev": {
  "f1": 0.901077375122429,
  "precision": 0.9126984126984127,
  "recall": 0.8897485493230174,
  "tp": 460,
  "fp": 44,
  "fn": 57,
  "ignored_predictions": 73,
  "threshold": 0.90576171875,
  "n_candidates": 967,
  "epoch": 24
 },
 "train_loss": 0.006745414342731237,
 "h100_runtime_contract": {
  "schema": 1,
  "status": "verified",
  "pre_trainer": {
   "schema": 1,
   "status": "verified",
   "stage": "pre-trainer",
   "precision": "32-true",
   "devices": 1,
   "micro_batch": 16,
   "gradient_accumulation": 1,
   "effective_batch": 16,
   "strict_fp32": {
    "cuda_matmul_fp32_precision": "ieee",
    "cudnn_conv_fp32_precision": "ieee",
    "cudnn_rnn_fp32_precision": "ieee"
   },
   "autocast": {
    "global": false,
    "cuda": false,
    "cpu": false
   },
   "process": {
    "WORLD_SIZE": "unset",
    "SLURM_NTASKS": "1",
    "effective_world_size": 1
   },
   "model": {
    "floating_parameter_count": 392,
    "floating_parameter_dtypes": [
     "torch.float32"
    ]
   }
  },
  "resolved_trainer": {
   "accelerator": "lightning.pytorch.accelerators.cuda.CUDAAccelerator",
   "precision_plugin": "lightning.pytorch.plugins.precision.precision.Precision",
   "precision": "32-true",
   "gradient_scaler": null,
   "strategy": "lightning.pytorch.strategies.single_device.SingleDeviceStrategy",
   "root_device_type": "cuda",
   "root_device_index": 0,
   "num_devices": 1,
   "world_size": 1,
   "device_ids": [
    0
   ],
   "gradient_accumulation": 1
  }
 }
}
[2026-10-01T18:06:39] beS1-f100-s0: scoring frozen TEST with cohort-bound best-dev threshold
[2026-10-01T18:19:20] beS1-f100-s0: test F1 0.8221; near-shore F1 0.0000 on 2 GT
[2026-10-01T18:19:20] scored 1 runs
