# Excerpt of the full H100 training log for beS1-f10-s0.
# Full log: 70382 lines, sha256 6ba5bedb757c467cdde5b384e61ef2c4ca7f84d0f5dff67a60c8d3c6d7f5f609 (operator archive).
# Site paths redacted: /projects/geofam -> /cluster-site-redacted.
[rank: 0] Seed set to 0
GPU available: True (cuda), used: True
TPU available: False, using: 0 TPU cores
💡 Tip: For seamless cloud logging and experiment tracking, try installing [litlogger](https://pypi.org/project/litlogger/) to enable LitLogger, which logs metrics and artifacts automatically to the Lightning Experiments platform.
/cluster-site-redacted/jroth/envs/xview3-h100-fp32-dgx-a4af214a/lib/python3.11/site-packages/lightning/pytorch/trainer/configuration_validator.py:70: You defined a `validation_step` but have no `val_dataloader`. Skipping val loop.
You are using a CUDA device ('NVIDIA H100 80GB HBM3') that has Tensor Cores. To properly utilize them, you should set `torch.set_float32_matmul_precision('medium' | 'high')` which will trade-off precision for performance. For more details, read https://pytorch.org/docs/stable/generated/torch.set_float32_matmul_precision.html#torch.set_float32_matmul_precision
LOCAL_RANK: 0 - CUDA_VISIBLE_DEVICES: [3]

  | Name     | Type             | Params | Mode  | FLOPs
--------------------------------------------------------------
0 | backbone | ConvNeXtBackbone | 87.7 M | train | 0    
1 | head     | HeatmapHead      | 6.3 M  | train | 0    
--------------------------------------------------------------
94.0 M    Trainable params
0         Non-trainable params
94.0 M    Total params
375.955   Total estimated model params size (MB)
481       Modules in train mode
0         Modules in eval mode
0         Total Flops
SLURM auto-requeueing enabled. Setting signal handlers.
/cluster-site-redacted/jroth/envs/xview3-h100-fp32-dgx-a4af214a/lib/python3.11/site-packages/lightning/pytorch/utilities/_pytree.py:21: `isinstance(treespec, LeafSpec)` is deprecated, use `isinstance(treespec, TreeSpec) and treespec.is_leaf()` instead.
[bigearthnet_s1] matched=378 missing=0 unexpected=0

Training: |          | 0/? [00:00<?, ?it/s]
Training: |          | 0/? [00:00<?, ?it/s]
Epoch 0:   0%|          | 0/701 [00:00<?, ?it/s]
Epoch 0:   0%|          | 1/701 [00:03<45:37,  0.26it/s]
Epoch 0:   0%|          | 1/701 [00:03<45:37,  0.26it/s, v_num=rics, train_loss=46.80]
Epoch 0:   0%|          | 2/701 [00:04<24:23,  0.48it/s, v_num=rics, train_loss=46.80]
Epoch 0:   0%|          | 2/701 [00:04<25:57,  0.45it/s, v_num=rics, train_loss=27.80]
Epoch 0:   0%|          | 3/701 [00:04<18:20,  0.63it/s, v_num=rics, train_loss=27.80]
Epoch 0:   0%|          | 3/701 [00:05<19:24,  0.60it/s, v_num=rics, train_loss=19.00]
Epoch 0:   1%|          | 4/701 [00:05<15:19,  0.76it/s, v_num=rics, train_loss=19.00]
Epoch 0:   1%|          | 4/701 [00:05<16:07,  0.72it/s, v_num=rics, train_loss=15.90]
Epoch 0:   1%|          | 5/701 [00:05<13:31,  0.86it/s, v_num=rics, train_loss=15.90]
Epoch 0:   1%|          | 5/701 [00:06<14:08,  0.82it/s, v_num=rics, train_loss=9.440]
Epoch 0:   1%|          | 6/701 [00:06<12:18,  0.94it/s, v_num=rics, train_loss=9.440]
Epoch 0:   1%|          | 6/701 [00:06<12:49,  0.90it/s, v_num=rics, train_loss=6.710]
Epoch 0:   1%|          | 7/701 [00:06<11:26,  1.01it/s, v_num=rics, train_loss=6.710]
Epoch 0:   1%|          | 7/701 [00:07<11:52,  0.97it/s, v_num=rics, train_loss=5.760]
Epoch 0:   1%|          | 8/701 [00:07<10:46,  1.07it/s, v_num=rics, train_loss=5.760]
Epoch 0:   1%|          | 8/701 [00:07<11:10,  1.03it/s, v_num=rics, train_loss=6.270]
Epoch 0:   1%|▏         | 9/701 [00:08<10:16,  1.12it/s, v_num=rics, train_loss=6.270]
Epoch 0:   1%|▏         | 9/701 [00:08<10:37,  1.09it/s, v_num=rics, train_loss=4.910]
Epoch 0:   1%|▏         | 10/701 [00:08<09:51,  1.17it/s, v_num=rics, train_loss=4.910]
Epoch 0:   1%|▏         | 10/701 [00:08<10:10,  1.13it/s, v_num=rics, train_loss=4.850]
Epoch 0:   2%|▏         | 11/701 [00:09<09:31,  1.21it/s, v_num=rics, train_loss=4.850]
Epoch 0:   2%|▏         | 11/701 [00:09<09:48,  1.17it/s, v_num=rics, train_loss=4.270]
Epoch 0:   2%|▏         | 12/701 [00:09<09:14,  1.24it/s, v_num=rics, train_loss=4.270]
Epoch 0:   2%|▏         | 12/701 [00:09<09:30,  1.21it/s, v_num=rics, train_loss=3.910]
Epoch 0:   2%|▏         | 13/701 [00:10<09:00,  1.27it/s, v_num=rics, train_loss=3.910]
Epoch 0:   2%|▏         | 13/701 [00:10<09:14,  1.24it/s, v_num=rics, train_loss=3.970]
Epoch 0:   2%|▏         | 14/701 [00:10<08:48,  1.30it/s, v_num=rics, train_loss=3.970]
Epoch 0:   2%|▏         | 14/701 [00:11<09:01,  1.27it/s, v_num=rics, train_loss=4.380]
Epoch 0:   2%|▏         | 15/701 [00:11<08:37,  1.33it/s, v_num=rics, train_loss=4.380]
Epoch 0:   2%|▏         | 15/701 [00:11<08:49,  1.30it/s, v_num=rics, train_loss=4.230]
Epoch 0:   2%|▏         | 16/701 [00:11<08:27,  1.35it/s, v_num=rics, train_loss=4.230]
Epoch 0:   2%|▏         | 16/701 [00:12<08:39,  1.32it/s, v_num=rics, train_loss=4.000]
Epoch 0:   2%|▏         | 17/701 [00:12<08:18,  1.37it/s, v_num=rics, train_loss=4.000]
[... 70202 lines elided ...]
Epoch 49:  99%|█████████▊| 691/701 [06:17<00:05,  1.83it/s, v_num=rics, train_loss=0.0023, dev_f1=0.840] 
Epoch 49:  99%|█████████▊| 692/701 [06:17<00:04,  1.83it/s, v_num=rics, train_loss=0.0023, dev_f1=0.840]
Epoch 49:  99%|█████████▊| 692/701 [06:17<00:04,  1.83it/s, v_num=rics, train_loss=0.00225, dev_f1=0.840]
Epoch 49:  99%|█████████▉| 693/701 [06:18<00:04,  1.83it/s, v_num=rics, train_loss=0.00225, dev_f1=0.840]
Epoch 49:  99%|█████████▉| 693/701 [06:18<00:04,  1.83it/s, v_num=rics, train_loss=0.00495, dev_f1=0.840]
Epoch 49:  99%|█████████▉| 694/701 [06:18<00:03,  1.83it/s, v_num=rics, train_loss=0.00495, dev_f1=0.840]
Epoch 49:  99%|█████████▉| 694/701 [06:18<00:03,  1.83it/s, v_num=rics, train_loss=0.0065, dev_f1=0.840] 
Epoch 49:  99%|█████████▉| 695/701 [06:19<00:03,  1.83it/s, v_num=rics, train_loss=0.0065, dev_f1=0.840]
Epoch 49:  99%|█████████▉| 695/701 [06:19<00:03,  1.83it/s, v_num=rics, train_loss=0.00267, dev_f1=0.840]
Epoch 49:  99%|█████████▉| 696/701 [06:19<00:02,  1.83it/s, v_num=rics, train_loss=0.00267, dev_f1=0.840]
Epoch 49:  99%|█████████▉| 696/701 [06:19<00:02,  1.83it/s, v_num=rics, train_loss=0.00227, dev_f1=0.840]
Epoch 49:  99%|█████████▉| 697/701 [06:20<00:02,  1.83it/s, v_num=rics, train_loss=0.00227, dev_f1=0.840]
Epoch 49:  99%|█████████▉| 697/701 [06:20<00:02,  1.83it/s, v_num=rics, train_loss=0.00627, dev_f1=0.840]
Epoch 49: 100%|█████████▉| 698/701 [06:20<00:01,  1.83it/s, v_num=rics, train_loss=0.00627, dev_f1=0.840]
Epoch 49: 100%|█████████▉| 698/701 [06:21<00:01,  1.83it/s, v_num=rics, train_loss=0.00366, dev_f1=0.840]
Epoch 49: 100%|█████████▉| 699/701 [06:21<00:01,  1.83it/s, v_num=rics, train_loss=0.00366, dev_f1=0.840]
Epoch 49: 100%|█████████▉| 699/701 [06:21<00:01,  1.83it/s, v_num=rics, train_loss=0.0046, dev_f1=0.840] 
Epoch 49: 100%|█████████▉| 700/701 [06:21<00:00,  1.83it/s, v_num=rics, train_loss=0.0046, dev_f1=0.840]
Epoch 49: 100%|█████████▉| 700/701 [06:22<00:00,  1.83it/s, v_num=rics, train_loss=0.767, dev_f1=0.840] 
Epoch 49: 100%|██████████| 701/701 [06:22<00:00,  1.83it/s, v_num=rics, train_loss=0.767, dev_f1=0.840]
Epoch 49: 100%|██████████| 701/701 [06:22<00:00,  1.83it/s, v_num=rics, train_loss=0.000904, dev_f1=0.840][dev eval, checkpoint epoch 49] {'f1': 0.8398849472674976, 'precision': 0.8326996197718631, 'recall': 0.8471953578336557, 'tp': 438, 'fp': 88, 'fn': 79, 'ignored_predictions': 65, 'threshold': 0.8818359375, 'n_candidates': 2614, 'epoch': 49}

Epoch 49: 100%|██████████| 701/701 [13:02<00:00,  0.90it/s, v_num=rics, train_loss=0.000904, dev_f1=0.840]`Trainer.fit` stopped: `max_epochs=50` reached.

Epoch 49: 100%|██████████| 701/701 [13:02<00:00,  0.90it/s, v_num=rics, train_loss=0.000904, dev_f1=0.840]
{
 "result_schema": 2,
 "exp_id": "beS1-f10-s0",
 "git_sha": "06b2e61dbb85dc5fa5a5d5853f9ba15f6a87dca9",
 "detector_sha256": "c42ae65bf9045cc93f0d73ae1437b2f6a1300670cb49d8e93f83a39d58a62a12",
 "precision": "32-true",
 "micro_batch": 16,
 "gradient_accumulation": 1,
 "effective_batch": 16,
 "epochs_run": 50,
 "best_dev_f1": 0.8762088974854932,
 "best_dev": {
  "f1": 0.8762088974854932,
  "precision": 0.8762088974854932,
  "recall": 0.8762088974854932,
  "tp": 453,
  "fp": 64,
  "fn": 64,
  "ignored_predictions": 69,
  "threshold": 0.77587890625,
  "n_candidates": 1259,
  "epoch": 34
 },
 "best_checkpoint": {
  "relative_path": "checkpoints/best.ckpt",
  "sha256": "89f50215dcaf85b040840d90bf641e26d91cca2aadb987f4ffb904d602e9cf85",
  "epoch": 34
 },
 "last_dev": {
  "f1": 0.8398849472674976,
  "precision": 0.8326996197718631,
  "recall": 0.8471953578336557,
  "tp": 438,
  "fp": 88,
  "fn": 79,
  "ignored_predictions": 65,
  "threshold": 0.8818359375,
  "n_candidates": 2614,
  "epoch": 49
 },
 "train_loss": 0.0009044798207469285,
 "h100_runtime_contract": {
  "schema": 1,
  "status": "verified",
  "pre_trainer": {
   "schema": 1,
   "status": "verified",
   "stage": "pre-trainer",
   "precision": "32-true",
   "devices": 1,
   "micro_batch": 16,
   "gradient_accumulation": 1,
   "effective_batch": 16,
   "strict_fp32": {
    "cuda_matmul_fp32_precision": "ieee",
    "cudnn_conv_fp32_precision": "ieee",
    "cudnn_rnn_fp32_precision": "ieee"
   },
   "autocast": {
    "global": false,
    "cuda": false,
    "cpu": false
   },
   "process": {
    "WORLD_SIZE": "unset",
    "SLURM_NTASKS": "1",
    "effective_world_size": 1
   },
   "model": {
    "floating_parameter_count": 392,
    "floating_parameter_dtypes": [
     "torch.float32"
    ]
   }
  },
  "resolved_trainer": {
   "accelerator": "lightning.pytorch.accelerators.cuda.CUDAAccelerator",
   "precision_plugin": "lightning.pytorch.plugins.precision.precision.Precision",
   "precision": "32-true",
   "gradient_scaler": null,
   "strategy": "lightning.pytorch.strategies.single_device.SingleDeviceStrategy",
   "root_device_type": "cuda",
   "root_device_index": 0,
   "num_devices": 1,
   "world_size": 1,
   "device_ids": [
    0
   ],
   "gradient_accumulation": 1
  }
 }
}
[2026-10-01T23:32:57] beS1-f10-s0: scoring frozen TEST with cohort-bound best-dev threshold
[2026-10-01T23:45:43] beS1-f10-s0: test F1 0.8000; near-shore F1 0.0000 on 2 GT
[2026-10-01T23:45:43] scored 1 runs
