# Excerpt of the full H100 training log for beS1-f25-s0.
# Full log: 116573 lines, sha256 a427df751ffb935d6d3876219420dbcef01de3b8e9995947784eced7ee7a3dad (operator archive).
# Site paths redacted: /projects/geofam -> /cluster-site-redacted.
[rank: 0] Seed set to 0
GPU available: True (cuda), used: True
TPU available: False, using: 0 TPU cores
💡 Tip: For seamless cloud logging and experiment tracking, try installing [litlogger](https://pypi.org/project/litlogger/) to enable LitLogger, which logs metrics and artifacts automatically to the Lightning Experiments platform.
/cluster-site-redacted/jroth/envs/xview3-h100-fp32-dgx-a4af214a/lib/python3.11/site-packages/lightning/pytorch/trainer/configuration_validator.py:70: You defined a `validation_step` but have no `val_dataloader`. Skipping val loop.
You are using a CUDA device ('NVIDIA H100 80GB HBM3') that has Tensor Cores. To properly utilize them, you should set `torch.set_float32_matmul_precision('medium' | 'high')` which will trade-off precision for performance. For more details, read https://pytorch.org/docs/stable/generated/torch.set_float32_matmul_precision.html#torch.set_float32_matmul_precision
LOCAL_RANK: 0 - CUDA_VISIBLE_DEVICES: [4]

  | Name     | Type             | Params | Mode  | FLOPs
--------------------------------------------------------------
0 | backbone | ConvNeXtBackbone | 87.7 M | train | 0    
1 | head     | HeatmapHead      | 6.3 M  | train | 0    
--------------------------------------------------------------
94.0 M    Trainable params
0         Non-trainable params
94.0 M    Total params
375.955   Total estimated model params size (MB)
481       Modules in train mode
0         Modules in eval mode
0         Total Flops
SLURM auto-requeueing enabled. Setting signal handlers.
/cluster-site-redacted/jroth/envs/xview3-h100-fp32-dgx-a4af214a/lib/python3.11/site-packages/lightning/pytorch/utilities/_pytree.py:21: `isinstance(treespec, LeafSpec)` is deprecated, use `isinstance(treespec, TreeSpec) and treespec.is_leaf()` instead.
[bigearthnet_s1] matched=378 missing=0 unexpected=0

Training: |          | 0/? [00:00<?, ?it/s]
Training: |          | 0/? [00:00<?, ?it/s]
Epoch 0:   0%|          | 0/1662 [00:00<?, ?it/s]
Epoch 0:   0%|          | 1/1662 [00:04<1:51:16,  0.25it/s]
Epoch 0:   0%|          | 1/1662 [00:04<1:51:17,  0.25it/s, v_num=rics, train_loss=31.00]
Epoch 0:   0%|          | 2/1662 [00:04<59:24,  0.47it/s, v_num=rics, train_loss=31.00]  
Epoch 0:   0%|          | 2/1662 [00:04<1:03:09,  0.44it/s, v_num=rics, train_loss=21.90]
Epoch 0:   0%|          | 3/1662 [00:04<44:37,  0.62it/s, v_num=rics, train_loss=21.90]  
Epoch 0:   0%|          | 3/1662 [00:05<47:08,  0.59it/s, v_num=rics, train_loss=19.40]
Epoch 0:   0%|          | 4/1662 [00:05<37:13,  0.74it/s, v_num=rics, train_loss=19.40]
Epoch 0:   0%|          | 4/1662 [00:05<39:05,  0.71it/s, v_num=rics, train_loss=19.00]
Epoch 0:   0%|          | 5/1662 [00:05<32:46,  0.84it/s, v_num=rics, train_loss=19.00]
Epoch 0:   0%|          | 5/1662 [00:06<34:16,  0.81it/s, v_num=rics, train_loss=8.300]
Epoch 0:   0%|          | 6/1662 [00:06<29:48,  0.93it/s, v_num=rics, train_loss=8.300]
Epoch 0:   0%|          | 6/1662 [00:06<31:02,  0.89it/s, v_num=rics, train_loss=7.680]
Epoch 0:   0%|          | 7/1662 [00:07<27:40,  1.00it/s, v_num=rics, train_loss=7.680]
Epoch 0:   0%|          | 7/1662 [00:07<28:44,  0.96it/s, v_num=rics, train_loss=6.030]
Epoch 0:   0%|          | 8/1662 [00:07<26:05,  1.06it/s, v_num=rics, train_loss=6.030]
Epoch 0:   0%|          | 8/1662 [00:07<27:01,  1.02it/s, v_num=rics, train_loss=4.850]
Epoch 0:   1%|          | 9/1662 [00:08<24:50,  1.11it/s, v_num=rics, train_loss=4.850]
Epoch 0:   1%|          | 9/1662 [00:08<25:40,  1.07it/s, v_num=rics, train_loss=6.070]
Epoch 0:   1%|          | 10/1662 [00:08<23:51,  1.15it/s, v_num=rics, train_loss=6.070]
Epoch 0:   1%|          | 10/1662 [00:08<24:36,  1.12it/s, v_num=rics, train_loss=4.920]
Epoch 0:   1%|          | 11/1662 [00:09<23:04,  1.19it/s, v_num=rics, train_loss=4.920]
Epoch 0:   1%|          | 11/1662 [00:09<23:45,  1.16it/s, v_num=rics, train_loss=4.200]
Epoch 0:   1%|          | 12/1662 [00:09<22:24,  1.23it/s, v_num=rics, train_loss=4.200]
Epoch 0:   1%|          | 12/1662 [00:10<23:01,  1.19it/s, v_num=rics, train_loss=4.260]
Epoch 0:   1%|          | 13/1662 [00:10<21:49,  1.26it/s, v_num=rics, train_loss=4.260]
Epoch 0:   1%|          | 13/1662 [00:10<22:23,  1.23it/s, v_num=rics, train_loss=4.140]
Epoch 0:   1%|          | 14/1662 [00:10<21:19,  1.29it/s, v_num=rics, train_loss=4.140]
Epoch 0:   1%|          | 14/1662 [00:11<21:50,  1.26it/s, v_num=rics, train_loss=4.010]
Epoch 0:   1%|          | 15/1662 [00:11<20:53,  1.31it/s, v_num=rics, train_loss=4.010]
Epoch 0:   1%|          | 15/1662 [00:11<21:22,  1.28it/s, v_num=rics, train_loss=4.570]
Epoch 0:   1%|          | 16/1662 [00:11<20:30,  1.34it/s, v_num=rics, train_loss=4.570]
Epoch 0:   1%|          | 16/1662 [00:12<20:58,  1.31it/s, v_num=rics, train_loss=3.970]
Epoch 0:   1%|          | 17/1662 [00:12<20:10,  1.36it/s, v_num=rics, train_loss=3.970]
[... 116393 lines elided ...]
Epoch 34:  99%|█████████▉| 1652/1662 [15:01<00:05,  1.83it/s, v_num=rics, train_loss=0.189, dev_f1=0.866]
Epoch 34:  99%|█████████▉| 1652/1662 [15:01<00:05,  1.83it/s, v_num=rics, train_loss=0.00216, dev_f1=0.866]
Epoch 34:  99%|█████████▉| 1653/1662 [15:01<00:04,  1.83it/s, v_num=rics, train_loss=0.00216, dev_f1=0.866]
Epoch 34:  99%|█████████▉| 1653/1662 [15:02<00:04,  1.83it/s, v_num=rics, train_loss=0.00135, dev_f1=0.866]
Epoch 34: 100%|█████████▉| 1654/1662 [15:02<00:04,  1.83it/s, v_num=rics, train_loss=0.00135, dev_f1=0.866]
Epoch 34: 100%|█████████▉| 1654/1662 [15:02<00:04,  1.83it/s, v_num=rics, train_loss=0.000993, dev_f1=0.866]
Epoch 34: 100%|█████████▉| 1655/1662 [15:02<00:03,  1.83it/s, v_num=rics, train_loss=0.000993, dev_f1=0.866]
Epoch 34: 100%|█████████▉| 1655/1662 [15:03<00:03,  1.83it/s, v_num=rics, train_loss=0.00288, dev_f1=0.866] 
Epoch 34: 100%|█████████▉| 1656/1662 [15:03<00:03,  1.83it/s, v_num=rics, train_loss=0.00288, dev_f1=0.866]
Epoch 34: 100%|█████████▉| 1656/1662 [15:03<00:03,  1.83it/s, v_num=rics, train_loss=0.189, dev_f1=0.866]  
Epoch 34: 100%|█████████▉| 1657/1662 [15:04<00:02,  1.83it/s, v_num=rics, train_loss=0.189, dev_f1=0.866]
Epoch 34: 100%|█████████▉| 1657/1662 [15:04<00:02,  1.83it/s, v_num=rics, train_loss=0.00428, dev_f1=0.866]
Epoch 34: 100%|█████████▉| 1658/1662 [15:04<00:02,  1.83it/s, v_num=rics, train_loss=0.00428, dev_f1=0.866]
Epoch 34: 100%|█████████▉| 1658/1662 [15:04<00:02,  1.83it/s, v_num=rics, train_loss=0.00218, dev_f1=0.866]
Epoch 34: 100%|█████████▉| 1659/1662 [15:05<00:01,  1.83it/s, v_num=rics, train_loss=0.00218, dev_f1=0.866]
Epoch 34: 100%|█████████▉| 1659/1662 [15:05<00:01,  1.83it/s, v_num=rics, train_loss=0.00464, dev_f1=0.866]
Epoch 34: 100%|█████████▉| 1660/1662 [15:05<00:01,  1.83it/s, v_num=rics, train_loss=0.00464, dev_f1=0.866]
Epoch 34: 100%|█████████▉| 1660/1662 [15:05<00:01,  1.83it/s, v_num=rics, train_loss=0.00346, dev_f1=0.866]
Epoch 34: 100%|█████████▉| 1661/1662 [15:06<00:00,  1.83it/s, v_num=rics, train_loss=0.00346, dev_f1=0.866]
Epoch 34: 100%|█████████▉| 1661/1662 [15:06<00:00,  1.83it/s, v_num=rics, train_loss=0.00597, dev_f1=0.866]
Epoch 34: 100%|██████████| 1662/1662 [15:06<00:00,  1.83it/s, v_num=rics, train_loss=0.00597, dev_f1=0.866]
Epoch 34: 100%|██████████| 1662/1662 [15:07<00:00,  1.83it/s, v_num=rics, train_loss=0.00272, dev_f1=0.866][dev eval, checkpoint epoch 34] {'f1': 0.8621359223300971, 'precision': 0.8654970760233918, 'recall': 0.8588007736943907, 'tp': 444, 'fp': 69, 'fn': 73, 'ignored_predictions': 69, 'threshold': 0.91015625, 'n_candidates': 1453, 'epoch': 34}

Epoch 34: 100%|██████████| 1662/1662 [21:52<00:00,  1.27it/s, v_num=rics, train_loss=0.00272, dev_f1=0.862]
Epoch 34: 100%|██████████| 1662/1662 [21:52<00:00,  1.27it/s, v_num=rics, train_loss=0.00272, dev_f1=0.862]
{
 "result_schema": 2,
 "exp_id": "beS1-f25-s0",
 "git_sha": "06b2e61dbb85dc5fa5a5d5853f9ba15f6a87dca9",
 "detector_sha256": "c42ae65bf9045cc93f0d73ae1437b2f6a1300670cb49d8e93f83a39d58a62a12",
 "precision": "32-true",
 "micro_batch": 16,
 "gradient_accumulation": 1,
 "effective_batch": 16,
 "epochs_run": 35,
 "best_dev_f1": 0.8867562380038387,
 "best_dev": {
  "f1": 0.8867562380038387,
  "precision": 0.88,
  "recall": 0.8936170212765957,
  "tp": 462,
  "fp": 63,
  "fn": 55,
  "ignored_predictions": 73,
  "threshold": 0.87646484375,
  "n_candidates": 1736,
  "epoch": 14
 },
 "best_checkpoint": {
  "relative_path": "checkpoints/best.ckpt",
  "sha256": "2647a74a3f594b691fc9aed1ff221305a0899c1374fad2de32801713bec1bce8",
  "epoch": 14
 },
 "last_dev": {
  "f1": 0.8621359223300971,
  "precision": 0.8654970760233918,
  "recall": 0.8588007736943907,
  "tp": 444,
  "fp": 69,
  "fn": 73,
  "ignored_predictions": 69,
  "threshold": 0.91015625,
  "n_candidates": 1453,
  "epoch": 34
 },
 "train_loss": 0.0027213566936552525,
 "h100_runtime_contract": {
  "schema": 1,
  "status": "verified",
  "pre_trainer": {
   "schema": 1,
   "status": "verified",
   "stage": "pre-trainer",
   "precision": "32-true",
   "devices": 1,
   "micro_batch": 16,
   "gradient_accumulation": 1,
   "effective_batch": 16,
   "strict_fp32": {
    "cuda_matmul_fp32_precision": "ieee",
    "cudnn_conv_fp32_precision": "ieee",
    "cudnn_rnn_fp32_precision": "ieee"
   },
   "autocast": {
    "global": false,
    "cuda": false,
    "cpu": false
   },
   "process": {
    "WORLD_SIZE": "unset",
    "SLURM_NTASKS": "1",
    "effective_world_size": 1
   },
   "model": {
    "floating_parameter_count": 392,
    "floating_parameter_dtypes": [
     "torch.float32"
    ]
   }
  },
  "resolved_trainer": {
   "accelerator": "lightning.pytorch.accelerators.cuda.CUDAAccelerator",
   "precision_plugin": "lightning.pytorch.plugins.precision.precision.Precision",
   "precision": "32-true",
   "gradient_scaler": null,
   "strategy": "lightning.pytorch.strategies.single_device.SingleDeviceStrategy",
   "root_device_type": "cuda",
   "root_device_index": 0,
   "num_devices": 1,
   "world_size": 1,
   "device_ids": [
    0
   ],
   "gradient_accumulation": 1
  }
 }
}
[2026-10-01T21:45:59] beS1-f25-s0: scoring frozen TEST with cohort-bound best-dev threshold
[2026-10-01T21:58:43] beS1-f25-s0: test F1 0.8030; near-shore F1 0.0000 on 2 GT
[2026-10-01T21:58:43] scored 1 runs
