# Excerpt of the full H100 training log for beS2-f50-s0.
# Full log: 331541 lines, sha256 11bbfa7a10b2b3b02c84be9f4ec7f93ddbb1bb4715a6c278f5e01da52bbd45eb (operator archive).
# Site paths redacted: /projects/geofam -> /cluster-site-redacted.
[rank: 0] Seed set to 0
GPU available: True (cuda), used: True
TPU available: False, using: 0 TPU cores
💡 Tip: For seamless cloud logging and experiment tracking, try installing [litlogger](https://pypi.org/project/litlogger/) to enable LitLogger, which logs metrics and artifacts automatically to the Lightning Experiments platform.
/cluster-site-redacted/jroth/envs/xview3-h100-fp32-dgx-a4af214a/lib/python3.11/site-packages/lightning/pytorch/trainer/configuration_validator.py:70: You defined a `validation_step` but have no `val_dataloader`. Skipping val loop.
You are using a CUDA device ('NVIDIA H100 80GB HBM3') that has Tensor Cores. To properly utilize them, you should set `torch.set_float32_matmul_precision('medium' | 'high')` which will trade-off precision for performance. For more details, read https://pytorch.org/docs/stable/generated/torch.set_float32_matmul_precision.html#torch.set_float32_matmul_precision
LOCAL_RANK: 0 - CUDA_VISIBLE_DEVICES: [2]

  | Name     | Type             | Params | Mode  | FLOPs
--------------------------------------------------------------
0 | backbone | ConvNeXtBackbone | 87.7 M | train | 0    
1 | head     | HeatmapHead      | 6.3 M  | train | 0    
--------------------------------------------------------------
94.0 M    Trainable params
0         Non-trainable params
94.0 M    Total params
375.955   Total estimated model params size (MB)
481       Modules in train mode
0         Modules in eval mode
0         Total Flops
SLURM auto-requeueing enabled. Setting signal handlers.
/cluster-site-redacted/jroth/envs/xview3-h100-fp32-dgx-a4af214a/lib/python3.11/site-packages/lightning/pytorch/utilities/_pytree.py:21: `isinstance(treespec, LeafSpec)` is deprecated, use `isinstance(treespec, TreeSpec) and treespec.is_leaf()` instead.
[bigearthnet_s2] {"description": "BigEarthNet-S2 post-stem transfer with a seeded three-channel first convolution", "loaded_target_keys": ["head.norm.bias", "head.norm.weight", "stages.0.blocks.0.conv_dw.bias", "stages.0.blocks.0.conv_dw.weight", "stages.0.blocks.0.mlp.fc1.bias", "stages.0.blocks.0.mlp.fc1.weight", "stages.0.blocks.0.mlp.fc2.bias", "stages.0.blocks.0.mlp.fc2.weight", "stages.0.blocks.0.mlp.grn.bias", "stages.0.blocks.0.mlp.grn.weight", "stages.0.blocks.0.norm.bias", "stages.0.blocks.0.norm.weight", "stages.0.blocks.1.conv_dw.bias", "stages.0.blocks.1.conv_dw.weight", "stages.0.blocks.1.mlp.fc1.bias", "stages.0.blocks.1.mlp.fc1.weight", "stages.0.blocks.1.mlp.fc2.bias", "stages.0.blocks.1.mlp.fc2.weight", "stages.0.blocks.1.mlp.grn.bias", "stages.0.blocks.1.mlp.grn.weight", "stages.0.blocks.1.norm.bias", "stages.0.blocks.1.norm.weight", "stages.0.blocks.2.conv_dw.bias", "stages.0.blocks.2.conv_dw.weight", "stages.0.blocks.2.mlp.fc1.bias", "stages.0.blocks.2.mlp.fc1.weight", "stages.0.blocks.2.mlp.fc2.bias", "stages.0.blocks.2.mlp.fc2.weight", "stages.0.blocks.2.mlp.grn.bias", "stages.0.blocks.2.mlp.grn.weight", "stages.0.blocks.2.norm.bias", "stages.0.blocks.2.norm.weight", "stages.1.blocks.0.conv_dw.bias", "stages.1.blocks.0.conv_dw.weight", "stages.1.blocks.0.mlp.fc1.bias", "stages.1.blocks.0.mlp.fc1.weight", "stages.1.blocks.0.mlp.fc2.bias", "stages.1.blocks.0.mlp.fc2.weight", "stages.1.blocks.0.mlp.grn.bias", "stages.1.blocks.0.mlp.grn.weight", "stages.1.blocks.0.norm.bias", "stages.1.blocks.0.norm.weight", "stages.1.blocks.1.conv_dw.bias", "stages.1.blocks.1.conv_dw.weight", "stages.1.blocks.1.mlp.fc1.bias", "stages.1.blocks.1.mlp.fc1.weight", "stages.1.blocks.1.mlp.fc2.bias", "stages.1.blocks.1.mlp.fc2.weight", "stages.1.blocks.1.mlp.grn.bias", "stages.1.blocks.1.mlp.grn.weight", "stages.1.blocks.1.norm.bias", "stages.1.blocks.1.norm.weight", "stages.1.blocks.2.conv_dw.bias", "stages.1.blocks.2.conv_dw.weight", "stages.1.blocks.2.mlp.fc1.bias", "stages.1.blocks.2.mlp.fc1.weight", "stages.1.blocks.2.mlp.fc2.bias", "stages.1.blocks.2.mlp.fc2.weight", "stages.1.blocks.2.mlp.grn.bias", "stages.1.blocks.2.mlp.grn.weight", "stages.1.blocks.2.norm.bias", "stages.1.blocks.2.norm.weight", "stages.1.downsample.0.bias", "stages.1.downsample.0.weight", "stages.1.downsample.1.bias", "stages.1.downsample.1.weight", "stages.2.blocks.0.conv_dw.bias", "stages.2.blocks.0.conv_dw.weight", "stages.2.blocks.0.mlp.fc1.bias", "stages.2.blocks.0.mlp.fc1.weight", "stages.2.blocks.0.mlp.fc2.bias", "stages.2.blocks.0.mlp.fc2.weight", "stages.2.blocks.0.mlp.grn.bias", "stages.2.blocks.0.mlp.grn.weight", "stages.2.blocks.0.norm.bias", "stages.2.blocks.0.norm.weight", "stages.2.blocks.1.conv_dw.bias", "stages.2.blocks.1.conv_dw.weight", "stages.2.blocks.1.mlp.fc1.bias", "stages.2.blocks.1.mlp.fc1.weight", "stages.2.blocks.1.mlp.fc2.bias", "stages.2.blocks.1.mlp.fc2.weight", "stages.2.blocks.1.mlp.grn.bias", "stages.2.blocks.1.mlp.grn.weight", "stages.2.blocks.1.norm.bias", "stages.2.blocks.1.norm.weight", "stages.2.blocks.10.conv_dw.bias", "stages.2.blocks.10.conv_dw.weight", "stages.2.blocks.10.mlp.fc1.bias", "stages.2.blocks.10.mlp.fc1.weight", "stages.2.blocks.10.mlp.fc2.bias", "stages.2.blocks.10.mlp.fc2.weight", "stages.2.blocks.10.mlp.grn.bias", "stages.2.blocks.10.mlp.grn.weight", "stages.2.blocks.10.norm.bias", "stages.2.blocks.10.norm.weight", "stages.2.blocks.11.conv_dw.bias", "stages.2.blocks.11.conv_dw.weight", "stages.2.blocks.11.mlp.fc1.bias", "stages.2.blocks.11.mlp.fc1.weight", "stages.2.blocks.11.mlp.fc2.bias", "stages.2.blocks.11.mlp.fc2.weight", "stages.2.blocks.11.mlp.grn.bias", "stages.2.blocks.11.mlp.grn.weight", "stages.2.blocks.11.norm.bias", "stages.2.blocks.11.norm.weight", "stages.2.blocks.12.conv_dw.bias", "stages.2.blocks.12.conv_dw.weight", "stages.2.blocks.12.mlp.fc1.bias", "stages.2.blocks.12.mlp.fc1.weight", "stages.2.blocks.12.mlp.fc2.bias", "stages.2.blocks.12.mlp.fc2.weight", "stages.2.blocks.12.mlp.grn.bias", "stages.2.blocks.12.mlp.grn.weight", "stages.2.blocks.12.norm.bias", "stages.2.blocks.12.norm.weight", "stages.2.blocks.13.conv_dw.bias", "stages.2.blocks.13.conv_dw.weight", "stages.2.blocks.13.mlp.fc1.bias", "stages.2.blocks.13.mlp.fc1.weight", "stages.2.blocks.13.mlp.fc2.bias", "stages.2.blocks.13.mlp.fc2.weight", "stages.2.blocks.13.mlp.grn.bias", "stages.2.blocks.13.mlp.grn.weight", "stages.2.blocks.13.norm.bias", "stages.2.blocks.13.norm.weight", "stages.2.blocks.14.conv_dw.bias", "stages.2.blocks.14.conv_dw.weight", "stages.2.blocks.14.mlp.fc1.bias", "stages.2.blocks.14.mlp.fc1.weight", "stages.2.blocks.14.mlp.fc2.bias", "stages.2.blocks.14.mlp.fc2.weight", "stages.2.blocks.14.mlp.grn.bias", "stages.2.blocks.14.mlp.grn.weight", "stages.2.blocks.14.norm.bias", "stages.2.blocks.14.norm.weight", "stages.2.blocks.15.conv_dw.bias", "stages.2.blocks.15.conv_dw.weight", "stages.2.blocks.15.mlp.fc1.bias", "stages.2.blocks.15.mlp.fc1.weight", "stages.2.blocks.15.mlp.fc2.bias", "stages.2.blocks.15.mlp.fc2.weight", "stages.2.blocks.15.mlp.grn.bias", "stages.2.blocks.15.mlp.grn.weight", "stages.2.blocks.15.norm.bias", "stages.2.blocks.15.norm.weight", "stages.2.blocks.16.conv_dw.bias", "stages.2.blocks.16.conv_dw.weight", "stages.2.blocks.16.mlp.fc1.bias", "stages.2.blocks.16.mlp.fc1.weight", "stages.2.blocks.16.mlp.fc2.bias", "stages.2.blocks.16.mlp.fc2.weight", "stages.2.blocks.16.mlp.grn.bias", "stages.2.blocks.16.mlp.grn.weight", "stages.2.blocks.16.norm.bias", "stages.2.blocks.16.norm.weight", "stages.2.blocks.17.conv_dw.bias", "stages.2.blocks.17.conv_dw.weight", "stages.2.blocks.17.mlp.fc1.bias", "stages.2.blocks.17.mlp.fc1.weight", "stages.2.blocks.17.mlp.fc2.bias", "stages.2.blocks.17.mlp.fc2.weight", "stages.2.blocks.17.mlp.grn.bias", "stages.2.blocks.17.mlp.grn.weight", "stages.2.blocks.17.norm.bias", "stages.2.blocks.17.norm.weight", "stages.2.blocks.18.conv_dw.bias", "stages.2.blocks.18.conv_dw.weight", "stages.2.blocks.18.mlp.fc1.bias", "stages.2.blocks.18.mlp.fc1.weight", "stages.2.blocks.18.mlp.fc2.bias", "stages.2.blocks.18.mlp.fc2.weight", "stages.2.blocks.18.mlp.grn.bias", "stages.2.blocks.18.mlp.grn.weight", "stages.2.blocks.18.norm.bias", "stages.2.blocks.18.norm.weight", "stages.2.blocks.19.conv_dw.bias", "stages.2.blocks.19.conv_dw.weight", "stages.2.blocks.19.mlp.fc1.bias", "stages.2.blocks.19.mlp.fc1.weight", "stages.2.blocks.19.mlp.fc2.bias", "stages.2.blocks.19.mlp.fc2.weight", "stages.2.blocks.19.mlp.grn.bias", "stages.2.blocks.19.mlp.grn.weight", "stages.2.blocks.19.norm.bias", "stages.2.blocks.19.norm.weight", "stages.2.blocks.2.conv_dw.bias", "stages.2.blocks.2.conv_dw.weight", "stages.2.blocks.2.mlp.fc1.bias", "stages.2.blocks.2.mlp.fc1.weight", "stages.2.blocks.2.mlp.fc2.bias", "stages.2.blocks.2.mlp.fc2.weight", "stages.2.blocks.2.mlp.grn.bias", "stages.2.blocks.2.mlp.grn.weight", "stages.2.blocks.2.norm.bias", "stages.2.blocks.2.norm.weight", "stages.2.blocks.20.conv_dw.bias", "stages.2.blocks.20.conv_dw.weight", "stages.2.blocks.20.mlp.fc1.bias", "stages.2.blocks.20.mlp.fc1.weight", "stages.2.blocks.20.mlp.fc2.bias", "stages.2.blocks.20.mlp.fc2.weight", "stages.2.blocks.20.mlp.grn.bias", "stages.2.blocks.20.mlp.grn.weight", "stages.2.blocks.20.norm.bias", "stages.2.blocks.20.norm.weight", "stages.2.blocks.21.conv_dw.bias", "stages.2.blocks.21.conv_dw.weight", "stages.2.blocks.21.mlp.fc1.bias", "stages.2.blocks.21.mlp.fc1.weight", "stages.2.blocks.21.mlp.fc2.bias", "stages.2.blocks.21.mlp.fc2.weight", "stages.2.blocks.21.mlp.grn.bias", "stages.2.blocks.21.mlp.grn.weight", "stages.2.blocks.21.norm.bias", "stages.2.blocks.21.norm.weight", "stages.2.blocks.22.conv_dw.bias", "stages.2.blocks.22.conv_dw.weight", "stages.2.blocks.22.mlp.fc1.bias", "stages.2.blocks.22.mlp.fc1.weight", "stages.2.blocks.22.mlp.fc2.bias", "stages.2.blocks.22.mlp.fc2.weight", "stages.2.blocks.22.mlp.grn.bias", "stages.2.blocks.22.mlp.grn.weight", "stages.2.blocks.22.norm.bias", "stages.2.blocks.22.norm.weight", "stages.2.blocks.23.conv_dw.bias", "stages.2.blocks.23.conv_dw.weight", "stages.2.blocks.23.mlp.fc1.bias", "stages.2.blocks.23.mlp.fc1.weight", "stages.2.blocks.23.mlp.fc2.bias", "stages.2.blocks.23.mlp.fc2.weight", "stages.2.blocks.23.mlp.grn.bias", "stages.2.blocks.23.mlp.grn.weight", "stages.2.blocks.23.norm.bias", "stages.2.blocks.23.norm.weight", "stages.2.blocks.24.conv_dw.bias", "stages.2.blocks.24.conv_dw.weight", "stages.2.blocks.24.mlp.fc1.bias", "stages.2.blocks.24.mlp.fc1.weight", "stages.2.blocks.24.mlp.fc2.bias", "stages.2.blocks.24.mlp.fc2.weight", "stages.2.blocks.24.mlp.grn.bias", "stages.2.blocks.24.mlp.grn.weight", "stages.2.blocks.24.norm.bias", "stages.2.blocks.24.norm.weight", "stages.2.blocks.25.conv_dw.bias", "stages.2.blocks.25.conv_dw.weight", "stages.2.blocks.25.mlp.fc1.bias", "stages.2.blocks.25.mlp.fc1.weight", "stages.2.blocks.25.mlp.fc2.bias", "stages.2.blocks.25.mlp.fc2.weight", "stages.2.blocks.25.mlp.grn.bias", "stages.2.blocks.25.mlp.grn.weight", "stages.2.blocks.25.norm.bias", "stages.2.blocks.25.norm.weight", "stages.2.blocks.26.conv_dw.bias", "stages.2.blocks.26.conv_dw.weight", "stages.2.blocks.26.mlp.fc1.bias", "stages.2.blocks.26.mlp.fc1.weight", "stages.2.blocks.26.mlp.fc2.bias", "stages.2.blocks.26.mlp.fc2.weight", "stages.2.blocks.26.mlp.grn.bias", "stages.2.blocks.26.mlp.grn.weight", "stages.2.blocks.26.norm.bias", "stages.2.blocks.26.norm.weight", "stages.2.blocks.3.conv_dw.bias", "stages.2.blocks.3.conv_dw.weight", "stages.2.blocks.3.mlp.fc1.bias", "stages.2.blocks.3.mlp.fc1.weight", "stages.2.blocks.3.mlp.fc2.bias", "stages.2.blocks.3.mlp.fc2.weight", "stages.2.blocks.3.mlp.grn.bias", "stages.2.blocks.3.mlp.grn.weight", "stages.2.blocks.3.norm.bias", "stages.2.blocks.3.norm.weight", "stages.2.blocks.4.conv_dw.bias", "stages.2.blocks.4.conv_dw.weight", "stages.2.blocks.4.mlp.fc1.bias", "stages.2.blocks.4.mlp.fc1.weight", "stages.2.blocks.4.mlp.fc2.bias", "stages.2.blocks.4.mlp.fc2.weight", "stages.2.blocks.4.mlp.grn.bias", "stages.2.blocks.4.mlp.grn.weight", "stages.2.blocks.4.norm.bias", "stages.2.blocks.4.norm.weight", "stages.2.blocks.5.conv_dw.bias", "stages.2.blocks.5.conv_dw.weight", "stages.2.blocks.5.mlp.fc1.bias", "stages.2.blocks.5.mlp.fc1.weight", "stages.2.blocks.5.mlp.fc2.bias", "stages.2.blocks.5.mlp.fc2.weight", "stages.2.blocks.5.mlp.grn.bias", "stages.2.blocks.5.mlp.grn.weight", "stages.2.blocks.5.norm.bias", "stages.2.blocks.5.norm.weight", "stages.2.blocks.6.conv_dw.bias", "stages.2.blocks.6.conv_dw.weight", "stages.2.blocks.6.mlp.fc1.bias", "stages.2.blocks.6.mlp.fc1.weight", "stages.2.blocks.6.mlp.fc2.bias", "stages.2.blocks.6.mlp.fc2.weight", "stages.2.blocks.6.mlp.grn.bias", "stages.2.blocks.6.mlp.grn.weight", "stages.2.blocks.6.norm.bias", "stages.2.blocks.6.norm.weight", "stages.2.blocks.7.conv_dw.bias", "stages.2.blocks.7.conv_dw.weight", "stages.2.blocks.7.mlp.fc1.bias", "stages.2.blocks.7.mlp.fc1.weight", "stages.2.blocks.7.mlp.fc2.bias", "stages.2.blocks.7.mlp.fc2.weight", "stages.2.blocks.7.mlp.grn.bias", "stages.2.blocks.7.mlp.grn.weight", "stages.2.blocks.7.norm.bias", "stages.2.blocks.7.norm.weight", "stages.2.blocks.8.conv_dw.bias", "stages.2.blocks.8.conv_dw.weight", "stages.2.blocks.8.mlp.fc1.bias", "stages.2.blocks.8.mlp.fc1.weight", "stages.2.blocks.8.mlp.fc2.bias", "stages.2.blocks.8.mlp.fc2.weight", "stages.2.blocks.8.mlp.grn.bias", "stages.2.blocks.8.mlp.grn.weight", "stages.2.blocks.8.norm.bias", "stages.2.blocks.8.norm.weight", "stages.2.blocks.9.conv_dw.bias", "stages.2.blocks.9.conv_dw.weight", "stages.2.blocks.9.mlp.fc1.bias", "stages.2.blocks.9.mlp.fc1.weight", "stages.2.blocks.9.mlp.fc2.bias", "stages.2.blocks.9.mlp.fc2.weight", "stages.2.blocks.9.mlp.grn.bias", "stages.2.blocks.9.mlp.grn.weight", "stages.2.blocks.9.norm.bias", "stages.2.blocks.9.norm.weight", "stages.2.downsample.0.bias", "stages.2.downsample.0.weight", "stages.2.downsample.1.bias", "stages.2.downsample.1.weight", "stages.3.blocks.0.conv_dw.bias", "stages.3.blocks.0.conv_dw.weight", "stages.3.blocks.0.mlp.fc1.bias", "stages.3.blocks.0.mlp.fc1.weight", "stages.3.blocks.0.mlp.fc2.bias", "stages.3.blocks.0.mlp.fc2.weight", "stages.3.blocks.0.mlp.grn.bias", "stages.3.blocks.0.mlp.grn.weight", "stages.3.blocks.0.norm.bias", "stages.3.blocks.0.norm.weight", "stages.3.blocks.1.conv_dw.bias", "stages.3.blocks.1.conv_dw.weight", "stages.3.blocks.1.mlp.fc1.bias", "stages.3.blocks.1.mlp.fc1.weight", "stages.3.blocks.1.mlp.fc2.bias", "stages.3.blocks.1.mlp.fc2.weight", "stages.3.blocks.1.mlp.grn.bias", "stages.3.blocks.1.mlp.grn.weight", "stages.3.blocks.1.norm.bias", "stages.3.blocks.1.norm.weight", "stages.3.blocks.2.conv_dw.bias", "stages.3.blocks.2.conv_dw.weight", "stages.3.blocks.2.mlp.fc1.bias", "stages.3.blocks.2.mlp.fc1.weight", "stages.3.blocks.2.mlp.fc2.bias", "stages.3.blocks.2.mlp.fc2.weight", "stages.3.blocks.2.mlp.grn.bias", "stages.3.blocks.2.mlp.grn.weight", "stages.3.blocks.2.norm.bias", "stages.3.blocks.2.norm.weight", "stages.3.downsample.0.bias", "stages.3.downsample.0.weight", "stages.3.downsample.1.bias", "stages.3.downsample.1.weight", "stem.0.bias", "stem.1.bias", "stem.1.weight"], "retained_seeded_target_keys": ["backbone.model.stem.0.weight"], "seeded_target_stem_sha256": "d3ab6509237ab6324010cce191d2aa3213541c3585cb8dd4ecd6dd10473a2487", "source_checkpoint": "bigearthnet_s2/model.safetensors", "source_checkpoint_sha256": "b09d0e41cc683878243a9128a6f4724d6a71d562318beeae716f0dce9cbbf454", "stem_policy": "timm-unsupported-input-conv-fallback-seeded-target-weight"}

Training: |          | 0/? [00:00<?, ?it/s]
Training: |          | 0/? [00:00<?, ?it/s]
Epoch 0:   0%|          | 0/3310 [00:00<?, ?it/s]
Epoch 0:   0%|          | 1/3310 [00:04<3:51:00,  0.24it/s]
Epoch 0:   0%|          | 1/3310 [00:04<3:51:01,  0.24it/s, v_num=rics, train_loss=33.20]
Epoch 0:   0%|          | 2/3310 [00:04<2:03:02,  0.45it/s, v_num=rics, train_loss=33.20]
Epoch 0:   0%|          | 2/3310 [00:04<2:10:33,  0.42it/s, v_num=rics, train_loss=22.70]
Epoch 0:   0%|          | 3/3310 [00:05<1:32:05,  0.60it/s, v_num=rics, train_loss=22.70]
Epoch 0:   0%|          | 3/3310 [00:05<1:37:05,  0.57it/s, v_num=rics, train_loss=10.20]
Epoch 0:   0%|          | 4/3310 [00:05<1:16:35,  0.72it/s, v_num=rics, train_loss=10.20]
Epoch 0:   0%|          | 4/3310 [00:05<1:20:17,  0.69it/s, v_num=rics, train_loss=12.70]
Epoch 0:   0%|          | 5/3310 [00:06<1:07:16,  0.82it/s, v_num=rics, train_loss=12.70]
Epoch 0:   0%|          | 5/3310 [00:06<1:10:16,  0.78it/s, v_num=rics, train_loss=7.060]
Epoch 0:   0%|          | 6/3310 [00:06<1:01:03,  0.90it/s, v_num=rics, train_loss=7.060]
Epoch 0:   0%|          | 6/3310 [00:06<1:03:31,  0.87it/s, v_num=rics, train_loss=5.500]
Epoch 0:   0%|          | 7/3310 [00:07<56:36,  0.97it/s, v_num=rics, train_loss=5.500]  
Epoch 0:   0%|          | 7/3310 [00:07<58:43,  0.94it/s, v_num=rics, train_loss=5.030]
Epoch 0:   0%|          | 8/3310 [00:07<53:15,  1.03it/s, v_num=rics, train_loss=5.030]
Epoch 0:   0%|          | 8/3310 [00:08<55:07,  1.00it/s, v_num=rics, train_loss=4.920]
Epoch 0:   0%|          | 9/3310 [00:08<50:39,  1.09it/s, v_num=rics, train_loss=4.920]
Epoch 0:   0%|          | 9/3310 [00:08<52:19,  1.05it/s, v_num=rics, train_loss=4.780]
Epoch 0:   0%|          | 10/3310 [00:08<48:35,  1.13it/s, v_num=rics, train_loss=4.780]
Epoch 0:   0%|          | 10/3310 [00:09<50:06,  1.10it/s, v_num=rics, train_loss=4.280]
Epoch 0:   0%|          | 11/3310 [00:09<46:56,  1.17it/s, v_num=rics, train_loss=4.280]
Epoch 0:   0%|          | 11/3310 [00:09<48:16,  1.14it/s, v_num=rics, train_loss=4.540]
Epoch 0:   0%|          | 12/3310 [00:09<45:30,  1.21it/s, v_num=rics, train_loss=4.540]
Epoch 0:   0%|          | 12/3310 [00:10<46:44,  1.18it/s, v_num=rics, train_loss=5.290]
Epoch 0:   0%|          | 13/3310 [00:10<44:17,  1.24it/s, v_num=rics, train_loss=5.290]
Epoch 0:   0%|          | 13/3310 [00:10<45:26,  1.21it/s, v_num=rics, train_loss=4.170]
Epoch 0:   0%|          | 14/3310 [00:11<43:15,  1.27it/s, v_num=rics, train_loss=4.170]
Epoch 0:   0%|          | 14/3310 [00:11<44:19,  1.24it/s, v_num=rics, train_loss=4.090]
Epoch 0:   0%|          | 15/3310 [00:11<42:22,  1.30it/s, v_num=rics, train_loss=4.090]
Epoch 0:   0%|          | 15/3310 [00:11<43:21,  1.27it/s, v_num=rics, train_loss=4.300]
Epoch 0:   0%|          | 16/3310 [00:12<41:34,  1.32it/s, v_num=rics, train_loss=4.300]
Epoch 0:   0%|          | 16/3310 [00:12<42:29,  1.29it/s, v_num=rics, train_loss=4.110]
Epoch 0:   1%|          | 17/3310 [00:12<40:51,  1.34it/s, v_num=rics, train_loss=4.110]
[... 331361 lines elided ...]
Epoch 49: 100%|█████████▉| 3300/3310 [30:00<00:05,  1.83it/s, v_num=rics, train_loss=0.0432, dev_f1=0.876]
Epoch 49: 100%|█████████▉| 3301/3310 [30:00<00:04,  1.83it/s, v_num=rics, train_loss=0.0432, dev_f1=0.876]
Epoch 49: 100%|█████████▉| 3301/3310 [30:00<00:04,  1.83it/s, v_num=rics, train_loss=0.029, dev_f1=0.876] 
Epoch 49: 100%|█████████▉| 3302/3310 [30:00<00:04,  1.83it/s, v_num=rics, train_loss=0.029, dev_f1=0.876]
Epoch 49: 100%|█████████▉| 3302/3310 [30:01<00:04,  1.83it/s, v_num=rics, train_loss=0.563, dev_f1=0.876]
Epoch 49: 100%|█████████▉| 3303/3310 [30:01<00:03,  1.83it/s, v_num=rics, train_loss=0.563, dev_f1=0.876]
Epoch 49: 100%|█████████▉| 3303/3310 [30:01<00:03,  1.83it/s, v_num=rics, train_loss=0.00572, dev_f1=0.876]
Epoch 49: 100%|█████████▉| 3304/3310 [30:02<00:03,  1.83it/s, v_num=rics, train_loss=0.00572, dev_f1=0.876]
Epoch 49: 100%|█████████▉| 3304/3310 [30:02<00:03,  1.83it/s, v_num=rics, train_loss=0.00305, dev_f1=0.876]
Epoch 49: 100%|█████████▉| 3305/3310 [30:02<00:02,  1.83it/s, v_num=rics, train_loss=0.00305, dev_f1=0.876]
Epoch 49: 100%|█████████▉| 3305/3310 [30:02<00:02,  1.83it/s, v_num=rics, train_loss=0.287, dev_f1=0.876]  
Epoch 49: 100%|█████████▉| 3306/3310 [30:03<00:02,  1.83it/s, v_num=rics, train_loss=0.287, dev_f1=0.876]
Epoch 49: 100%|█████████▉| 3306/3310 [30:03<00:02,  1.83it/s, v_num=rics, train_loss=0.0235, dev_f1=0.876]
Epoch 49: 100%|█████████▉| 3307/3310 [30:03<00:01,  1.83it/s, v_num=rics, train_loss=0.0235, dev_f1=0.876]
Epoch 49: 100%|█████████▉| 3307/3310 [30:03<00:01,  1.83it/s, v_num=rics, train_loss=0.00865, dev_f1=0.876]
Epoch 49: 100%|█████████▉| 3308/3310 [30:04<00:01,  1.83it/s, v_num=rics, train_loss=0.00865, dev_f1=0.876]
Epoch 49: 100%|█████████▉| 3308/3310 [30:04<00:01,  1.83it/s, v_num=rics, train_loss=0.547, dev_f1=0.876]  
Epoch 49: 100%|█████████▉| 3309/3310 [30:04<00:00,  1.83it/s, v_num=rics, train_loss=0.547, dev_f1=0.876]
Epoch 49: 100%|█████████▉| 3309/3310 [30:05<00:00,  1.83it/s, v_num=rics, train_loss=1.250, dev_f1=0.876]
Epoch 49: 100%|██████████| 3310/3310 [30:05<00:00,  1.83it/s, v_num=rics, train_loss=1.250, dev_f1=0.876]
Epoch 49: 100%|██████████| 3310/3310 [30:05<00:00,  1.83it/s, v_num=rics, train_loss=0.00349, dev_f1=0.876][dev eval, checkpoint epoch 49] {'f1': 0.874880611270296, 'precision': 0.8641509433962264, 'recall': 0.8858800773694391, 'tp': 458, 'fp': 72, 'fn': 59, 'ignored_predictions': 70, 'threshold': 0.869140625, 'n_candidates': 1179, 'epoch': 49}

Epoch 49: 100%|██████████| 3310/3310 [36:55<00:00,  1.49it/s, v_num=rics, train_loss=0.00349, dev_f1=0.875]`Trainer.fit` stopped: `max_epochs=50` reached.

Epoch 49: 100%|██████████| 3310/3310 [36:55<00:00,  1.49it/s, v_num=rics, train_loss=0.00349, dev_f1=0.875]
{
 "result_schema": 2,
 "exp_id": "beS2-f50-s0",
 "git_sha": "06b2e61dbb85dc5fa5a5d5853f9ba15f6a87dca9",
 "detector_sha256": "c42ae65bf9045cc93f0d73ae1437b2f6a1300670cb49d8e93f83a39d58a62a12",
 "precision": "32-true",
 "micro_batch": 16,
 "gradient_accumulation": 1,
 "effective_batch": 16,
 "epochs_run": 50,
 "best_dev_f1": 0.8825757575757575,
 "best_dev": {
  "f1": 0.8825757575757575,
  "precision": 0.8645640074211502,
  "recall": 0.9013539651837524,
  "tp": 466,
  "fp": 73,
  "fn": 51,
  "ignored_predictions": 70,
  "threshold": 0.8642578125,
  "n_candidates": 1307,
  "epoch": 39
 },
 "best_checkpoint": {
  "relative_path": "checkpoints/best.ckpt",
  "sha256": "afa015a8e1df3de8590a5e2b75b31f7d9a9e409615676032717eb52c0a98303b",
  "epoch": 39
 },
 "last_dev": {
  "f1": 0.874880611270296,
  "precision": 0.8641509433962264,
  "recall": 0.8858800773694391,
  "tp": 458,
  "fp": 72,
  "fn": 59,
  "ignored_predictions": 70,
  "threshold": 0.869140625,
  "n_candidates": 1179,
  "epoch": 49
 },
 "train_loss": 0.0034909211099147797,
 "h100_runtime_contract": {
  "schema": 1,
  "status": "verified",
  "pre_trainer": {
   "schema": 1,
   "status": "verified",
   "stage": "pre-trainer",
   "precision": "32-true",
   "devices": 1,
   "micro_batch": 16,
   "gradient_accumulation": 1,
   "effective_batch": 16,
   "strict_fp32": {
    "cuda_matmul_fp32_precision": "ieee",
    "cudnn_conv_fp32_precision": "ieee",
    "cudnn_rnn_fp32_precision": "ieee"
   },
   "autocast": {
    "global": false,
    "cuda": false,
    "cpu": false
   },
   "process": {
    "WORLD_SIZE": "unset",
    "SLURM_NTASKS": "1",
    "effective_world_size": 1
   },
   "model": {
    "floating_parameter_count": 392,
    "floating_parameter_dtypes": [
     "torch.float32"
    ]
   }
  },
  "resolved_trainer": {
   "accelerator": "lightning.pytorch.accelerators.cuda.CUDAAccelerator",
   "precision_plugin": "lightning.pytorch.plugins.precision.precision.Precision",
   "precision": "32-true",
   "gradient_scaler": null,
   "strategy": "lightning.pytorch.strategies.single_device.SingleDeviceStrategy",
   "root_device_type": "cuda",
   "root_device_index": 0,
   "num_devices": 1,
   "world_size": 1,
   "device_ids": [
    0
   ],
   "gradient_accumulation": 1
  }
 }
}
[2026-10-01T19:42:22] beS2-f50-s0: scoring frozen TEST with cohort-bound best-dev threshold
[2026-10-01T19:55:21] beS2-f50-s0: test F1 0.8214; near-shore F1 0.0000 on 2 GT
[2026-10-01T19:55:21] scored 1 runs
