# Excerpt of the full H100 training log for cnnin1k-f10-s0.
# Full log: 35251 lines, sha256 eb0aacf163dae5ec940bed987613ff075137c702c5d0b4b39b3cadb862c379f2 (operator archive).
# Site paths redacted: /projects/geofam -> /cluster-site-redacted.
[rank: 0] Seed set to 0
GPU available: True (cuda), used: True
TPU available: False, using: 0 TPU cores
💡 Tip: For seamless cloud logging and experiment tracking, try installing [litlogger](https://pypi.org/project/litlogger/) to enable LitLogger, which logs metrics and artifacts automatically to the Lightning Experiments platform.
/cluster-site-redacted/jroth/envs/xview3-h100-fp32-dgx-a4af214a/lib/python3.11/site-packages/lightning/pytorch/trainer/configuration_validator.py:70: You defined a `validation_step` but have no `val_dataloader`. Skipping val loop.
You are using a CUDA device ('NVIDIA H100 80GB HBM3') that has Tensor Cores. To properly utilize them, you should set `torch.set_float32_matmul_precision('medium' | 'high')` which will trade-off precision for performance. For more details, read https://pytorch.org/docs/stable/generated/torch.set_float32_matmul_precision.html#torch.set_float32_matmul_precision
LOCAL_RANK: 0 - CUDA_VISIBLE_DEVICES: [7]

  | Name     | Type             | Params | Mode  | FLOPs
--------------------------------------------------------------
0 | backbone | ConvNeXtBackbone | 87.7 M | train | 0    
1 | head     | HeatmapHead      | 6.3 M  | train | 0    
--------------------------------------------------------------
94.0 M    Trainable params
0         Non-trainable params
94.0 M    Total params
375.955   Total estimated model params size (MB)
481       Modules in train mode
0         Modules in eval mode
0         Total Flops
SLURM auto-requeueing enabled. Setting signal handlers.
/cluster-site-redacted/jroth/envs/xview3-h100-fp32-dgx-a4af214a/lib/python3.11/site-packages/lightning/pytorch/utilities/_pytree.py:21: `isinstance(treespec, LeafSpec)` is deprecated, use `isinstance(treespec, TreeSpec) and treespec.is_leaf()` instead.
[cnn_imagenet] matched=378 missing=0 unexpected=0

Training: |          | 0/? [00:00<?, ?it/s]
Training: |          | 0/? [00:00<?, ?it/s]
Epoch 0:   0%|          | 0/701 [00:00<?, ?it/s]
Epoch 0:   0%|          | 1/701 [00:03<46:30,  0.25it/s]
Epoch 0:   0%|          | 1/701 [00:03<46:30,  0.25it/s, v_num=rics, train_loss=41.00]
Epoch 0:   0%|          | 2/701 [00:04<24:49,  0.47it/s, v_num=rics, train_loss=41.00]
Epoch 0:   0%|          | 2/701 [00:04<26:22,  0.44it/s, v_num=rics, train_loss=27.20]
Epoch 0:   0%|          | 3/701 [00:04<18:37,  0.62it/s, v_num=rics, train_loss=27.20]
Epoch 0:   0%|          | 3/701 [00:05<19:40,  0.59it/s, v_num=rics, train_loss=20.50]
Epoch 0:   1%|          | 4/701 [00:05<15:31,  0.75it/s, v_num=rics, train_loss=20.50]
Epoch 0:   1%|          | 4/701 [00:05<16:19,  0.71it/s, v_num=rics, train_loss=20.50]
Epoch 0:   1%|          | 5/701 [00:05<13:40,  0.85it/s, v_num=rics, train_loss=20.50]
Epoch 0:   1%|          | 5/701 [00:06<14:18,  0.81it/s, v_num=rics, train_loss=12.50]
Epoch 0:   1%|          | 6/701 [00:06<12:26,  0.93it/s, v_num=rics, train_loss=12.50]
Epoch 0:   1%|          | 6/701 [00:06<12:57,  0.89it/s, v_num=rics, train_loss=9.410]
Epoch 0:   1%|          | 7/701 [00:06<11:32,  1.00it/s, v_num=rics, train_loss=9.410]
Epoch 0:   1%|          | 7/701 [00:07<11:59,  0.97it/s, v_num=rics, train_loss=8.370]
Epoch 0:   1%|          | 8/701 [00:07<10:52,  1.06it/s, v_num=rics, train_loss=8.370]
Epoch 0:   1%|          | 8/701 [00:07<11:15,  1.03it/s, v_num=rics, train_loss=9.500]
Epoch 0:   1%|▏         | 9/701 [00:08<10:20,  1.12it/s, v_num=rics, train_loss=9.500]
Epoch 0:   1%|▏         | 9/701 [00:08<10:41,  1.08it/s, v_num=rics, train_loss=7.790]
Epoch 0:   1%|▏         | 10/701 [00:08<09:55,  1.16it/s, v_num=rics, train_loss=7.790]
Epoch 0:   1%|▏         | 10/701 [00:08<10:14,  1.13it/s, v_num=rics, train_loss=7.040]
Epoch 0:   2%|▏         | 11/701 [00:09<09:34,  1.20it/s, v_num=rics, train_loss=7.040]
Epoch 0:   2%|▏         | 11/701 [00:09<09:51,  1.17it/s, v_num=rics, train_loss=5.690]
Epoch 0:   2%|▏         | 12/701 [00:09<09:17,  1.24it/s, v_num=rics, train_loss=5.690]
Epoch 0:   2%|▏         | 12/701 [00:09<09:32,  1.20it/s, v_num=rics, train_loss=5.260]
Epoch 0:   2%|▏         | 13/701 [00:10<09:02,  1.27it/s, v_num=rics, train_loss=5.260]
Epoch 0:   2%|▏         | 13/701 [00:10<09:16,  1.24it/s, v_num=rics, train_loss=5.620]
Epoch 0:   2%|▏         | 14/701 [00:10<08:49,  1.30it/s, v_num=rics, train_loss=5.620]
Epoch 0:   2%|▏         | 14/701 [00:11<09:02,  1.27it/s, v_num=rics, train_loss=5.580]
Epoch 0:   2%|▏         | 15/701 [00:11<08:38,  1.32it/s, v_num=rics, train_loss=5.580]
Epoch 0:   2%|▏         | 15/701 [00:11<08:50,  1.29it/s, v_num=rics, train_loss=5.200]
Epoch 0:   2%|▏         | 16/701 [00:11<08:28,  1.35it/s, v_num=rics, train_loss=5.200]
Epoch 0:   2%|▏         | 16/701 [00:12<08:40,  1.32it/s, v_num=rics, train_loss=4.510]
Epoch 0:   2%|▏         | 17/701 [00:12<08:19,  1.37it/s, v_num=rics, train_loss=4.510]
[... 35071 lines elided ...]
Epoch 24:  99%|█████████▊| 691/701 [06:16<00:05,  1.83it/s, v_num=rics, train_loss=0.00339, dev_f1=0.860]
Epoch 24:  99%|█████████▊| 691/701 [06:17<00:05,  1.83it/s, v_num=rics, train_loss=0.0017, dev_f1=0.860] 
Epoch 24:  99%|█████████▊| 692/701 [06:17<00:04,  1.83it/s, v_num=rics, train_loss=0.0017, dev_f1=0.860]
Epoch 24:  99%|█████████▊| 692/701 [06:17<00:04,  1.83it/s, v_num=rics, train_loss=0.00135, dev_f1=0.860]
Epoch 24:  99%|█████████▉| 693/701 [06:17<00:04,  1.83it/s, v_num=rics, train_loss=0.00135, dev_f1=0.860]
Epoch 24:  99%|█████████▉| 693/701 [06:18<00:04,  1.83it/s, v_num=rics, train_loss=0.000926, dev_f1=0.860]
Epoch 24:  99%|█████████▉| 694/701 [06:18<00:03,  1.83it/s, v_num=rics, train_loss=0.000926, dev_f1=0.860]
Epoch 24:  99%|█████████▉| 694/701 [06:18<00:03,  1.83it/s, v_num=rics, train_loss=0.00199, dev_f1=0.860] 
Epoch 24:  99%|█████████▉| 695/701 [06:19<00:03,  1.83it/s, v_num=rics, train_loss=0.00199, dev_f1=0.860]
Epoch 24:  99%|█████████▉| 695/701 [06:19<00:03,  1.83it/s, v_num=rics, train_loss=0.015, dev_f1=0.860]  
Epoch 24:  99%|█████████▉| 696/701 [06:19<00:02,  1.83it/s, v_num=rics, train_loss=0.015, dev_f1=0.860]
Epoch 24:  99%|█████████▉| 696/701 [06:19<00:02,  1.83it/s, v_num=rics, train_loss=0.953, dev_f1=0.860]
Epoch 24:  99%|█████████▉| 697/701 [06:20<00:02,  1.83it/s, v_num=rics, train_loss=0.953, dev_f1=0.860]
Epoch 24:  99%|█████████▉| 697/701 [06:20<00:02,  1.83it/s, v_num=rics, train_loss=0.00116, dev_f1=0.860]
Epoch 24: 100%|█████████▉| 698/701 [06:20<00:01,  1.83it/s, v_num=rics, train_loss=0.00116, dev_f1=0.860]
Epoch 24: 100%|█████████▉| 698/701 [06:20<00:01,  1.83it/s, v_num=rics, train_loss=0.00287, dev_f1=0.860]
Epoch 24: 100%|█████████▉| 699/701 [06:21<00:01,  1.83it/s, v_num=rics, train_loss=0.00287, dev_f1=0.860]
Epoch 24: 100%|█████████▉| 699/701 [06:21<00:01,  1.83it/s, v_num=rics, train_loss=0.00147, dev_f1=0.860]
Epoch 24: 100%|█████████▉| 700/701 [06:21<00:00,  1.83it/s, v_num=rics, train_loss=0.00147, dev_f1=0.860]
Epoch 24: 100%|█████████▉| 700/701 [06:22<00:00,  1.83it/s, v_num=rics, train_loss=0.000534, dev_f1=0.860]
Epoch 24: 100%|██████████| 701/701 [06:22<00:00,  1.83it/s, v_num=rics, train_loss=0.000534, dev_f1=0.860]
Epoch 24: 100%|██████████| 701/701 [06:22<00:00,  1.83it/s, v_num=rics, train_loss=0.00058, dev_f1=0.860] [dev eval, checkpoint epoch 24] {'f1': 0.878095238095238, 'precision': 0.8649155722326454, 'recall': 0.8916827852998066, 'tp': 461, 'fp': 72, 'fn': 56, 'ignored_predictions': 64, 'threshold': 0.923828125, 'n_candidates': 798, 'epoch': 24}

Epoch 24: 100%|██████████| 701/701 [13:00<00:00,  0.90it/s, v_num=rics, train_loss=0.00058, dev_f1=0.878]
Epoch 24: 100%|██████████| 701/701 [13:00<00:00,  0.90it/s, v_num=rics, train_loss=0.00058, dev_f1=0.878]
{
 "result_schema": 2,
 "exp_id": "cnnin1k-f10-s0",
 "git_sha": "06b2e61dbb85dc5fa5a5d5853f9ba15f6a87dca9",
 "detector_sha256": "c42ae65bf9045cc93f0d73ae1437b2f6a1300670cb49d8e93f83a39d58a62a12",
 "precision": "32-true",
 "micro_batch": 16,
 "gradient_accumulation": 1,
 "effective_batch": 16,
 "epochs_run": 25,
 "best_dev_f1": 0.888888888888889,
 "best_dev": {
  "f1": 0.888888888888889,
  "precision": 0.8958742632612967,
  "recall": 0.8820116054158608,
  "tp": 456,
  "fp": 53,
  "fn": 61,
  "ignored_predictions": 68,
  "threshold": 0.86083984375,
  "n_candidates": 1312,
  "epoch": 4
 },
 "best_checkpoint": {
  "relative_path": "checkpoints/best.ckpt",
  "sha256": "6dc3a26cfc070f1255d2743937200812893a25252dc304c2d18db74c7250ef1a",
  "epoch": 4
 },
 "last_dev": {
  "f1": 0.878095238095238,
  "precision": 0.8649155722326454,
  "recall": 0.8916827852998066,
  "tp": 461,
  "fp": 72,
  "fn": 56,
  "ignored_predictions": 64,
  "threshold": 0.923828125,
  "n_candidates": 798,
  "epoch": 24
 },
 "train_loss": 0.0005797065095975995,
 "h100_runtime_contract": {
  "schema": 1,
  "status": "verified",
  "pre_trainer": {
   "schema": 1,
   "status": "verified",
   "stage": "pre-trainer",
   "precision": "32-true",
   "devices": 1,
   "micro_batch": 16,
   "gradient_accumulation": 1,
   "effective_batch": 16,
   "strict_fp32": {
    "cuda_matmul_fp32_precision": "ieee",
    "cudnn_conv_fp32_precision": "ieee",
    "cudnn_rnn_fp32_precision": "ieee"
   },
   "autocast": {
    "global": false,
    "cuda": false,
    "cpu": false
   },
   "process": {
    "WORLD_SIZE": "unset",
    "SLURM_NTASKS": "1",
    "effective_world_size": 1
   },
   "model": {
    "floating_parameter_count": 392,
    "floating_parameter_dtypes": [
     "torch.float32"
    ]
   }
  },
  "resolved_trainer": {
   "accelerator": "lightning.pytorch.accelerators.cuda.CUDAAccelerator",
   "precision_plugin": "lightning.pytorch.plugins.precision.precision.Precision",
   "precision": "32-true",
   "gradient_scaler": null,
   "strategy": "lightning.pytorch.strategies.single_device.SingleDeviceStrategy",
   "root_device_type": "cuda",
   "root_device_index": 0,
   "num_devices": 1,
   "world_size": 1,
   "device_ids": [
    0
   ],
   "gradient_accumulation": 1
  }
 }
}
[2026-10-01T23:46:29] cnnin1k-f10-s0: scoring frozen TEST with cohort-bound best-dev threshold
[2026-10-01T23:59:04] cnnin1k-f10-s0: test F1 0.7925; near-shore F1 0.0000 on 2 GT
[2026-10-01T23:59:04] scored 1 runs
