# Excerpt of the full H100 training log for cnnrand-f25-s0.
# Full log: 166478 lines, sha256 75b17a578f64e20214f496f67f360680de297e5f8b761640ae9cfae1ca3fa4d7 (operator archive).
# Site paths redacted: /projects/geofam -> /cluster-site-redacted.
[rank: 0] Seed set to 0
GPU available: True (cuda), used: True
TPU available: False, using: 0 TPU cores
💡 Tip: For seamless cloud logging and experiment tracking, try installing [litlogger](https://pypi.org/project/litlogger/) to enable LitLogger, which logs metrics and artifacts automatically to the Lightning Experiments platform.
/cluster-site-redacted/jroth/envs/xview3-h100-fp32-dgx-a4af214a/lib/python3.11/site-packages/lightning/pytorch/trainer/configuration_validator.py:70: You defined a `validation_step` but have no `val_dataloader`. Skipping val loop.
You are using a CUDA device ('NVIDIA H100 80GB HBM3') that has Tensor Cores. To properly utilize them, you should set `torch.set_float32_matmul_precision('medium' | 'high')` which will trade-off precision for performance. For more details, read https://pytorch.org/docs/stable/generated/torch.set_float32_matmul_precision.html#torch.set_float32_matmul_precision
LOCAL_RANK: 0 - CUDA_VISIBLE_DEVICES: [5]

  | Name     | Type             | Params | Mode  | FLOPs
--------------------------------------------------------------
0 | backbone | ConvNeXtBackbone | 87.7 M | train | 0    
1 | head     | HeatmapHead      | 6.3 M  | train | 0    
--------------------------------------------------------------
94.0 M    Trainable params
0         Non-trainable params
94.0 M    Total params
375.955   Total estimated model params size (MB)
481       Modules in train mode
0         Modules in eval mode
0         Total Flops
SLURM auto-requeueing enabled. Setting signal handlers.
/cluster-site-redacted/jroth/envs/xview3-h100-fp32-dgx-a4af214a/lib/python3.11/site-packages/lightning/pytorch/utilities/_pytree.py:21: `isinstance(treespec, LeafSpec)` is deprecated, use `isinstance(treespec, TreeSpec) and treespec.is_leaf()` instead.

Training: |          | 0/? [00:00<?, ?it/s]
Training: |          | 0/? [00:00<?, ?it/s]
Epoch 0:   0%|          | 0/1662 [00:00<?, ?it/s]
Epoch 0:   0%|          | 1/1662 [00:04<2:04:31,  0.22it/s]
Epoch 0:   0%|          | 1/1662 [00:04<2:04:32,  0.22it/s, v_num=rics, train_loss=23.70]
Epoch 0:   0%|          | 2/1662 [00:04<1:06:02,  0.42it/s, v_num=rics, train_loss=23.70]
Epoch 0:   0%|          | 2/1662 [00:05<1:09:48,  0.40it/s, v_num=rics, train_loss=15.80]
Epoch 0:   0%|          | 3/1662 [00:05<49:02,  0.56it/s, v_num=rics, train_loss=15.80]  
Epoch 0:   0%|          | 3/1662 [00:05<51:33,  0.54it/s, v_num=rics, train_loss=15.20]
Epoch 0:   0%|          | 4/1662 [00:05<40:32,  0.68it/s, v_num=rics, train_loss=15.20]
Epoch 0:   0%|          | 4/1662 [00:06<42:25,  0.65it/s, v_num=rics, train_loss=17.80]
Epoch 0:   0%|          | 5/1662 [00:06<35:26,  0.78it/s, v_num=rics, train_loss=17.80]
Epoch 0:   0%|          | 5/1662 [00:06<36:55,  0.75it/s, v_num=rics, train_loss=8.630]
Epoch 0:   0%|          | 6/1662 [00:06<32:01,  0.86it/s, v_num=rics, train_loss=8.630]
Epoch 0:   0%|          | 6/1662 [00:07<33:15,  0.83it/s, v_num=rics, train_loss=10.00]
Epoch 0:   0%|          | 7/1662 [00:07<29:34,  0.93it/s, v_num=rics, train_loss=10.00]
Epoch 0:   0%|          | 7/1662 [00:07<30:39,  0.90it/s, v_num=rics, train_loss=8.120]
Epoch 0:   0%|          | 8/1662 [00:08<27:45,  0.99it/s, v_num=rics, train_loss=8.120]
Epoch 0:   0%|          | 8/1662 [00:08<28:41,  0.96it/s, v_num=rics, train_loss=6.450]
Epoch 0:   1%|          | 9/1662 [00:08<26:19,  1.05it/s, v_num=rics, train_loss=6.450]
Epoch 0:   1%|          | 9/1662 [00:08<27:09,  1.01it/s, v_num=rics, train_loss=9.200]
Epoch 0:   1%|          | 10/1662 [00:09<25:11,  1.09it/s, v_num=rics, train_loss=9.200]
Epoch 0:   1%|          | 10/1662 [00:09<25:56,  1.06it/s, v_num=rics, train_loss=6.700]
Epoch 0:   1%|          | 11/1662 [00:09<24:16,  1.13it/s, v_num=rics, train_loss=6.700]
Epoch 0:   1%|          | 11/1662 [00:09<24:57,  1.10it/s, v_num=rics, train_loss=5.710]
Epoch 0:   1%|          | 12/1662 [00:10<23:29,  1.17it/s, v_num=rics, train_loss=5.710]
Epoch 0:   1%|          | 12/1662 [00:10<24:06,  1.14it/s, v_num=rics, train_loss=5.340]
Epoch 0:   1%|          | 13/1662 [00:10<22:49,  1.20it/s, v_num=rics, train_loss=5.340]
Epoch 0:   1%|          | 13/1662 [00:11<23:23,  1.17it/s, v_num=rics, train_loss=5.000]
Epoch 0:   1%|          | 14/1662 [00:11<22:14,  1.23it/s, v_num=rics, train_loss=5.000]
Epoch 0:   1%|          | 14/1662 [00:11<22:46,  1.21it/s, v_num=rics, train_loss=4.720]
Epoch 0:   1%|          | 15/1662 [00:11<21:45,  1.26it/s, v_num=rics, train_loss=4.720]
Epoch 0:   1%|          | 15/1662 [00:12<22:15,  1.23it/s, v_num=rics, train_loss=6.330]
Epoch 0:   1%|          | 16/1662 [00:12<21:19,  1.29it/s, v_num=rics, train_loss=6.330]
Epoch 0:   1%|          | 16/1662 [00:12<21:47,  1.26it/s, v_num=rics, train_loss=4.450]
Epoch 0:   1%|          | 17/1662 [00:12<20:56,  1.31it/s, v_num=rics, train_loss=4.450]
Epoch 0:   1%|          | 17/1662 [00:13<21:22,  1.28it/s, v_num=rics, train_loss=5.550]
[... 166298 lines elided ...]
Epoch 49:  99%|█████████▉| 1651/1662 [15:01<00:06,  1.83it/s, v_num=rics, train_loss=0.0797, dev_f1=0.817]
Epoch 49:  99%|█████████▉| 1651/1662 [15:02<00:06,  1.83it/s, v_num=rics, train_loss=0.00565, dev_f1=0.817]
Epoch 49:  99%|█████████▉| 1652/1662 [15:02<00:05,  1.83it/s, v_num=rics, train_loss=0.00565, dev_f1=0.817]
Epoch 49:  99%|█████████▉| 1652/1662 [15:02<00:05,  1.83it/s, v_num=rics, train_loss=0.00429, dev_f1=0.817]
Epoch 49:  99%|█████████▉| 1653/1662 [15:02<00:04,  1.83it/s, v_num=rics, train_loss=0.00429, dev_f1=0.817]
Epoch 49:  99%|█████████▉| 1653/1662 [15:03<00:04,  1.83it/s, v_num=rics, train_loss=0.215, dev_f1=0.817]  
Epoch 49: 100%|█████████▉| 1654/1662 [15:03<00:04,  1.83it/s, v_num=rics, train_loss=0.215, dev_f1=0.817]
Epoch 49: 100%|█████████▉| 1654/1662 [15:03<00:04,  1.83it/s, v_num=rics, train_loss=0.0124, dev_f1=0.817]
Epoch 49: 100%|█████████▉| 1655/1662 [15:04<00:03,  1.83it/s, v_num=rics, train_loss=0.0124, dev_f1=0.817]
Epoch 49: 100%|█████████▉| 1655/1662 [15:04<00:03,  1.83it/s, v_num=rics, train_loss=0.100, dev_f1=0.817] 
Epoch 49: 100%|█████████▉| 1656/1662 [15:04<00:03,  1.83it/s, v_num=rics, train_loss=0.100, dev_f1=0.817]
Epoch 49: 100%|█████████▉| 1656/1662 [15:04<00:03,  1.83it/s, v_num=rics, train_loss=0.00439, dev_f1=0.817]
Epoch 49: 100%|█████████▉| 1657/1662 [15:05<00:02,  1.83it/s, v_num=rics, train_loss=0.00439, dev_f1=0.817]
Epoch 49: 100%|█████████▉| 1657/1662 [15:05<00:02,  1.83it/s, v_num=rics, train_loss=0.153, dev_f1=0.817]  
Epoch 49: 100%|█████████▉| 1658/1662 [15:05<00:02,  1.83it/s, v_num=rics, train_loss=0.153, dev_f1=0.817]
Epoch 49: 100%|█████████▉| 1658/1662 [15:05<00:02,  1.83it/s, v_num=rics, train_loss=0.00703, dev_f1=0.817]
Epoch 49: 100%|█████████▉| 1659/1662 [15:06<00:01,  1.83it/s, v_num=rics, train_loss=0.00703, dev_f1=0.817]
Epoch 49: 100%|█████████▉| 1659/1662 [15:06<00:01,  1.83it/s, v_num=rics, train_loss=0.0037, dev_f1=0.817] 
Epoch 49: 100%|█████████▉| 1660/1662 [15:06<00:01,  1.83it/s, v_num=rics, train_loss=0.0037, dev_f1=0.817]
Epoch 49: 100%|█████████▉| 1660/1662 [15:07<00:01,  1.83it/s, v_num=rics, train_loss=0.0261, dev_f1=0.817]
Epoch 49: 100%|█████████▉| 1661/1662 [15:07<00:00,  1.83it/s, v_num=rics, train_loss=0.0261, dev_f1=0.817]
Epoch 49: 100%|█████████▉| 1661/1662 [15:07<00:00,  1.83it/s, v_num=rics, train_loss=0.450, dev_f1=0.817] 
Epoch 49: 100%|██████████| 1662/1662 [15:07<00:00,  1.83it/s, v_num=rics, train_loss=0.450, dev_f1=0.817]
Epoch 49: 100%|██████████| 1662/1662 [15:08<00:00,  1.83it/s, v_num=rics, train_loss=0.083, dev_f1=0.817][dev eval, checkpoint epoch 49] {'f1': 0.8137254901960784, 'precision': 0.8250497017892644, 'recall': 0.8027079303675049, 'tp': 415, 'fp': 88, 'fn': 102, 'ignored_predictions': 55, 'threshold': 0.8193359375, 'n_candidates': 3376, 'epoch': 49}

Epoch 49: 100%|██████████| 1662/1662 [21:38<00:00,  1.28it/s, v_num=rics, train_loss=0.083, dev_f1=0.814]`Trainer.fit` stopped: `max_epochs=50` reached.

Epoch 49: 100%|██████████| 1662/1662 [21:38<00:00,  1.28it/s, v_num=rics, train_loss=0.083, dev_f1=0.814]
{
 "result_schema": 2,
 "exp_id": "cnnrand-f25-s0",
 "git_sha": "1a82d508fbeb9fdf6868a9637611e9018952fb43",
 "detector_sha256": "c42ae65bf9045cc93f0d73ae1437b2f6a1300670cb49d8e93f83a39d58a62a12",
 "precision": "32-true",
 "micro_batch": 16,
 "gradient_accumulation": 1,
 "effective_batch": 16,
 "epochs_run": 50,
 "best_dev_f1": 0.8166828322017458,
 "best_dev": {
  "f1": 0.8166828322017458,
  "precision": 0.8190661478599222,
  "recall": 0.8143133462282398,
  "tp": 421,
  "fp": 93,
  "fn": 96,
  "ignored_predictions": 58,
  "threshold": 0.8193359375,
  "n_candidates": 3511,
  "epoch": 44
 },
 "best_checkpoint": {
  "relative_path": "checkpoints/best.ckpt",
  "sha256": "da72713b5b32609d380fcc334852ac633ee886d66c957be0870551c6bdaa9f7a",
  "epoch": 44
 },
 "last_dev": {
  "f1": 0.8137254901960784,
  "precision": 0.8250497017892644,
  "recall": 0.8027079303675049,
  "tp": 415,
  "fp": 88,
  "fn": 102,
  "ignored_predictions": 55,
  "threshold": 0.8193359375,
  "n_candidates": 3376,
  "epoch": 49
 },
 "train_loss": 0.0830073356628418,
 "h100_runtime_contract": {
  "schema": 1,
  "status": "verified",
  "pre_trainer": {
   "schema": 1,
   "status": "verified",
   "stage": "pre-trainer",
   "precision": "32-true",
   "devices": 1,
   "micro_batch": 16,
   "gradient_accumulation": 1,
   "effective_batch": 16,
   "strict_fp32": {
    "cuda_matmul_fp32_precision": "ieee",
    "cudnn_conv_fp32_precision": "ieee",
    "cudnn_rnn_fp32_precision": "ieee"
   },
   "autocast": {
    "global": false,
    "cuda": false,
    "cpu": false
   },
   "process": {
    "WORLD_SIZE": "unset",
    "SLURM_NTASKS": "1",
    "effective_world_size": 1
   },
   "model": {
    "floating_parameter_count": 392,
    "floating_parameter_dtypes": [
     "torch.float32"
    ]
   }
  },
  "resolved_trainer": {
   "accelerator": "lightning.pytorch.accelerators.cuda.CUDAAccelerator",
   "precision_plugin": "lightning.pytorch.plugins.precision.precision.Precision",
   "precision": "32-true",
   "gradient_scaler": null,
   "strategy": "lightning.pytorch.strategies.single_device.SingleDeviceStrategy",
   "root_device_type": "cuda",
   "root_device_index": 0,
   "num_devices": 1,
   "world_size": 1,
   "device_ids": [
    0
   ],
   "gradient_accumulation": 1
  }
 }
}
