# Excerpt of the full H100 training log for cnnrand-f10-s0.
# Full log: 70381 lines, sha256 34ad7d21731093ba95cfbaeefe710a38dda0d13e95377574f54b9e60d4011e26 (operator archive).
# Site paths redacted: /projects/geofam -> /cluster-site-redacted.
[rank: 0] Seed set to 0
GPU available: True (cuda), used: True
TPU available: False, using: 0 TPU cores
💡 Tip: For seamless cloud logging and experiment tracking, try installing [litlogger](https://pypi.org/project/litlogger/) to enable LitLogger, which logs metrics and artifacts automatically to the Lightning Experiments platform.
/cluster-site-redacted/jroth/envs/xview3-h100-fp32-dgx-a4af214a/lib/python3.11/site-packages/lightning/pytorch/trainer/configuration_validator.py:70: You defined a `validation_step` but have no `val_dataloader`. Skipping val loop.
You are using a CUDA device ('NVIDIA H100 80GB HBM3') that has Tensor Cores. To properly utilize them, you should set `torch.set_float32_matmul_precision('medium' | 'high')` which will trade-off precision for performance. For more details, read https://pytorch.org/docs/stable/generated/torch.set_float32_matmul_precision.html#torch.set_float32_matmul_precision
LOCAL_RANK: 0 - CUDA_VISIBLE_DEVICES: [5]

  | Name     | Type             | Params | Mode  | FLOPs
--------------------------------------------------------------
0 | backbone | ConvNeXtBackbone | 87.7 M | train | 0    
1 | head     | HeatmapHead      | 6.3 M  | train | 0    
--------------------------------------------------------------
94.0 M    Trainable params
0         Non-trainable params
94.0 M    Total params
375.955   Total estimated model params size (MB)
481       Modules in train mode
0         Modules in eval mode
0         Total Flops
SLURM auto-requeueing enabled. Setting signal handlers.
/cluster-site-redacted/jroth/envs/xview3-h100-fp32-dgx-a4af214a/lib/python3.11/site-packages/lightning/pytorch/utilities/_pytree.py:21: `isinstance(treespec, LeafSpec)` is deprecated, use `isinstance(treespec, TreeSpec) and treespec.is_leaf()` instead.

Training: |          | 0/? [00:00<?, ?it/s]
Training: |          | 0/? [00:00<?, ?it/s]
Epoch 0:   0%|          | 0/701 [00:00<?, ?it/s]
Epoch 0:   0%|          | 1/701 [00:03<44:25,  0.26it/s]
Epoch 0:   0%|          | 1/701 [00:03<44:26,  0.26it/s, v_num=rics, train_loss=36.60]
Epoch 0:   0%|          | 2/701 [00:04<23:52,  0.49it/s, v_num=rics, train_loss=36.60]
Epoch 0:   0%|          | 2/701 [00:04<25:27,  0.46it/s, v_num=rics, train_loss=35.80]
Epoch 0:   0%|          | 3/701 [00:04<18:00,  0.65it/s, v_num=rics, train_loss=35.80]
Epoch 0:   0%|          | 3/701 [00:04<19:03,  0.61it/s, v_num=rics, train_loss=35.90]
Epoch 0:   1%|          | 4/701 [00:05<15:04,  0.77it/s, v_num=rics, train_loss=35.90]
Epoch 0:   1%|          | 4/701 [00:05<15:51,  0.73it/s, v_num=rics, train_loss=29.30]
Epoch 0:   1%|          | 5/701 [00:05<13:18,  0.87it/s, v_num=rics, train_loss=29.30]
Epoch 0:   1%|          | 5/701 [00:06<13:56,  0.83it/s, v_num=rics, train_loss=16.40]
Epoch 0:   1%|          | 6/701 [00:06<12:07,  0.96it/s, v_num=rics, train_loss=16.40]
Epoch 0:   1%|          | 6/701 [00:06<12:38,  0.92it/s, v_num=rics, train_loss=9.700]
Epoch 0:   1%|          | 7/701 [00:06<11:16,  1.03it/s, v_num=rics, train_loss=9.700]
Epoch 0:   1%|          | 7/701 [00:07<11:43,  0.99it/s, v_num=rics, train_loss=8.160]
Epoch 0:   1%|          | 8/701 [00:07<10:38,  1.09it/s, v_num=rics, train_loss=8.160]
Epoch 0:   1%|          | 8/701 [00:07<11:02,  1.05it/s, v_num=rics, train_loss=9.170]
Epoch 0:   1%|▏         | 9/701 [00:07<10:08,  1.14it/s, v_num=rics, train_loss=9.170]
Epoch 0:   1%|▏         | 9/701 [00:08<10:29,  1.10it/s, v_num=rics, train_loss=6.350]
Epoch 0:   1%|▏         | 10/701 [00:08<09:44,  1.18it/s, v_num=rics, train_loss=6.350]
Epoch 0:   1%|▏         | 10/701 [00:08<10:03,  1.15it/s, v_num=rics, train_loss=6.160]
Epoch 0:   2%|▏         | 11/701 [00:09<09:25,  1.22it/s, v_num=rics, train_loss=6.160]
Epoch 0:   2%|▏         | 11/701 [00:09<09:42,  1.19it/s, v_num=rics, train_loss=5.260]
Epoch 0:   2%|▏         | 12/701 [00:09<09:08,  1.26it/s, v_num=rics, train_loss=5.260]
Epoch 0:   2%|▏         | 12/701 [00:09<09:24,  1.22it/s, v_num=rics, train_loss=4.740]
Epoch 0:   2%|▏         | 13/701 [00:10<08:54,  1.29it/s, v_num=rics, train_loss=4.740]
Epoch 0:   2%|▏         | 13/701 [00:10<09:09,  1.25it/s, v_num=rics, train_loss=4.610]
Epoch 0:   2%|▏         | 14/701 [00:10<08:42,  1.31it/s, v_num=rics, train_loss=4.610]
Epoch 0:   2%|▏         | 14/701 [00:10<08:56,  1.28it/s, v_num=rics, train_loss=5.390]
Epoch 0:   2%|▏         | 15/701 [00:11<08:32,  1.34it/s, v_num=rics, train_loss=5.390]
Epoch 0:   2%|▏         | 15/701 [00:11<08:44,  1.31it/s, v_num=rics, train_loss=5.030]
Epoch 0:   2%|▏         | 16/701 [00:11<08:22,  1.36it/s, v_num=rics, train_loss=5.030]
Epoch 0:   2%|▏         | 16/701 [00:12<08:34,  1.33it/s, v_num=rics, train_loss=4.800]
Epoch 0:   2%|▏         | 17/701 [00:12<08:14,  1.38it/s, v_num=rics, train_loss=4.800]
Epoch 0:   2%|▏         | 17/701 [00:12<08:25,  1.35it/s, v_num=rics, train_loss=4.610]
[... 70201 lines elided ...]
Epoch 49:  99%|█████████▊| 691/701 [06:17<00:05,  1.83it/s, v_num=rics, train_loss=0.943, dev_f1=0.795] 
Epoch 49:  99%|█████████▊| 692/701 [06:17<00:04,  1.83it/s, v_num=rics, train_loss=0.943, dev_f1=0.795]
Epoch 49:  99%|█████████▊| 692/701 [06:17<00:04,  1.83it/s, v_num=rics, train_loss=0.0245, dev_f1=0.795]
Epoch 49:  99%|█████████▉| 693/701 [06:18<00:04,  1.83it/s, v_num=rics, train_loss=0.0245, dev_f1=0.795]
Epoch 49:  99%|█████████▉| 693/701 [06:18<00:04,  1.83it/s, v_num=rics, train_loss=0.0441, dev_f1=0.795]
Epoch 49:  99%|█████████▉| 694/701 [06:18<00:03,  1.83it/s, v_num=rics, train_loss=0.0441, dev_f1=0.795]
Epoch 49:  99%|█████████▉| 694/701 [06:18<00:03,  1.83it/s, v_num=rics, train_loss=0.101, dev_f1=0.795] 
Epoch 49:  99%|█████████▉| 695/701 [06:19<00:03,  1.83it/s, v_num=rics, train_loss=0.101, dev_f1=0.795]
Epoch 49:  99%|█████████▉| 695/701 [06:19<00:03,  1.83it/s, v_num=rics, train_loss=0.0597, dev_f1=0.795]
Epoch 49:  99%|█████████▉| 696/701 [06:19<00:02,  1.83it/s, v_num=rics, train_loss=0.0597, dev_f1=0.795]
Epoch 49:  99%|█████████▉| 696/701 [06:20<00:02,  1.83it/s, v_num=rics, train_loss=0.569, dev_f1=0.795] 
Epoch 49:  99%|█████████▉| 697/701 [06:20<00:02,  1.83it/s, v_num=rics, train_loss=0.569, dev_f1=0.795]
Epoch 49:  99%|█████████▉| 697/701 [06:20<00:02,  1.83it/s, v_num=rics, train_loss=0.00964, dev_f1=0.795]
Epoch 49: 100%|█████████▉| 698/701 [06:20<00:01,  1.83it/s, v_num=rics, train_loss=0.00964, dev_f1=0.795]
Epoch 49: 100%|█████████▉| 698/701 [06:21<00:01,  1.83it/s, v_num=rics, train_loss=0.0112, dev_f1=0.795] 
Epoch 49: 100%|█████████▉| 699/701 [06:21<00:01,  1.83it/s, v_num=rics, train_loss=0.0112, dev_f1=0.795]
Epoch 49: 100%|█████████▉| 699/701 [06:21<00:01,  1.83it/s, v_num=rics, train_loss=0.768, dev_f1=0.795] 
Epoch 49: 100%|█████████▉| 700/701 [06:21<00:00,  1.83it/s, v_num=rics, train_loss=0.768, dev_f1=0.795]
Epoch 49: 100%|█████████▉| 700/701 [06:22<00:00,  1.83it/s, v_num=rics, train_loss=0.224, dev_f1=0.795]
Epoch 49: 100%|██████████| 701/701 [06:22<00:00,  1.83it/s, v_num=rics, train_loss=0.224, dev_f1=0.795]
Epoch 49: 100%|██████████| 701/701 [06:22<00:00,  1.83it/s, v_num=rics, train_loss=0.017, dev_f1=0.795][dev eval, checkpoint epoch 49] {'f1': 0.794776119402985, 'precision': 0.7675675675675676, 'recall': 0.8239845261121856, 'tp': 426, 'fp': 129, 'fn': 91, 'ignored_predictions': 55, 'threshold': 0.71484375, 'n_candidates': 6443, 'epoch': 49}

Epoch 49: 100%|██████████| 701/701 [13:10<00:00,  0.89it/s, v_num=rics, train_loss=0.017, dev_f1=0.795]`Trainer.fit` stopped: `max_epochs=50` reached.

Epoch 49: 100%|██████████| 701/701 [13:10<00:00,  0.89it/s, v_num=rics, train_loss=0.017, dev_f1=0.795]
{
 "result_schema": 2,
 "exp_id": "cnnrand-f10-s0",
 "git_sha": "06b2e61dbb85dc5fa5a5d5853f9ba15f6a87dca9",
 "detector_sha256": "c42ae65bf9045cc93f0d73ae1437b2f6a1300670cb49d8e93f83a39d58a62a12",
 "precision": "32-true",
 "micro_batch": 16,
 "gradient_accumulation": 1,
 "effective_batch": 16,
 "epochs_run": 50,
 "best_dev_f1": 0.7992047713717695,
 "best_dev": {
  "f1": 0.7992047713717695,
  "precision": 0.8220858895705522,
  "recall": 0.7775628626692457,
  "tp": 402,
  "fp": 87,
  "fn": 115,
  "ignored_predictions": 52,
  "threshold": 0.71630859375,
  "n_candidates": 12345,
  "epoch": 29
 },
 "best_checkpoint": {
  "relative_path": "checkpoints/best.ckpt",
  "sha256": "3520622a6c9ed38c41140007b7e9f00d764be2b735f0530bb092109d6107dcfd",
  "epoch": 29
 },
 "last_dev": {
  "f1": 0.794776119402985,
  "precision": 0.7675675675675676,
  "recall": 0.8239845261121856,
  "tp": 426,
  "fp": 129,
  "fn": 91,
  "ignored_predictions": 55,
  "threshold": 0.71484375,
  "n_candidates": 6443,
  "epoch": 49
 },
 "train_loss": 0.016955731436610222,
 "h100_runtime_contract": {
  "schema": 1,
  "status": "verified",
  "pre_trainer": {
   "schema": 1,
   "status": "verified",
   "stage": "pre-trainer",
   "precision": "32-true",
   "devices": 1,
   "micro_batch": 16,
   "gradient_accumulation": 1,
   "effective_batch": 16,
   "strict_fp32": {
    "cuda_matmul_fp32_precision": "ieee",
    "cudnn_conv_fp32_precision": "ieee",
    "cudnn_rnn_fp32_precision": "ieee"
   },
   "autocast": {
    "global": false,
    "cuda": false,
    "cpu": false
   },
   "process": {
    "WORLD_SIZE": "unset",
    "SLURM_NTASKS": "1",
    "effective_world_size": 1
   },
   "model": {
    "floating_parameter_count": 392,
    "floating_parameter_dtypes": [
     "torch.float32"
    ]
   }
  },
  "resolved_trainer": {
   "accelerator": "lightning.pytorch.accelerators.cuda.CUDAAccelerator",
   "precision_plugin": "lightning.pytorch.plugins.precision.precision.Precision",
   "precision": "32-true",
   "gradient_scaler": null,
   "strategy": "lightning.pytorch.strategies.single_device.SingleDeviceStrategy",
   "root_device_type": "cuda",
   "root_device_index": 0,
   "num_devices": 1,
   "world_size": 1,
   "device_ids": [
    0
   ],
   "gradient_accumulation": 1
  }
 }
}
[2026-10-01T23:06:19] cnnrand-f10-s0: scoring frozen TEST with cohort-bound best-dev threshold
[2026-10-01T23:18:41] cnnrand-f10-s0: test F1 0.6571; near-shore F1 0.0000 on 2 GT
[2026-10-01T23:18:41] scored 1 runs
