# Excerpt of the full H100 training log for cnnrand-f50-s0.
# Full log: 331534 lines, sha256 1b418fcb418fe023d144ce58b9ea4b1c495a24432e7ae2c33ec864029719fd7f (operator archive).
# Site paths redacted: /projects/geofam -> /cluster-site-redacted.
[rank: 0] Seed set to 0
GPU available: True (cuda), used: True
TPU available: False, using: 0 TPU cores
💡 Tip: For seamless cloud logging and experiment tracking, try installing [litlogger](https://pypi.org/project/litlogger/) to enable LitLogger, which logs metrics and artifacts automatically to the Lightning Experiments platform.
/cluster-site-redacted/jroth/envs/xview3-h100-fp32-dgx-a4af214a/lib/python3.11/site-packages/lightning/pytorch/trainer/configuration_validator.py:70: You defined a `validation_step` but have no `val_dataloader`. Skipping val loop.
You are using a CUDA device ('NVIDIA H100 80GB HBM3') that has Tensor Cores. To properly utilize them, you should set `torch.set_float32_matmul_precision('medium' | 'high')` which will trade-off precision for performance. For more details, read https://pytorch.org/docs/stable/generated/torch.set_float32_matmul_precision.html#torch.set_float32_matmul_precision
LOCAL_RANK: 0 - CUDA_VISIBLE_DEVICES: [4]

  | Name     | Type             | Params | Mode  | FLOPs
--------------------------------------------------------------
0 | backbone | ConvNeXtBackbone | 87.7 M | train | 0    
1 | head     | HeatmapHead      | 6.3 M  | train | 0    
--------------------------------------------------------------
94.0 M    Trainable params
0         Non-trainable params
94.0 M    Total params
375.955   Total estimated model params size (MB)
481       Modules in train mode
0         Modules in eval mode
0         Total Flops
SLURM auto-requeueing enabled. Setting signal handlers.
/cluster-site-redacted/jroth/envs/xview3-h100-fp32-dgx-a4af214a/lib/python3.11/site-packages/lightning/pytorch/utilities/_pytree.py:21: `isinstance(treespec, LeafSpec)` is deprecated, use `isinstance(treespec, TreeSpec) and treespec.is_leaf()` instead.

Training: |          | 0/? [00:00<?, ?it/s]
Training: |          | 0/? [00:00<?, ?it/s]
Epoch 0:   0%|          | 0/3310 [00:00<?, ?it/s]
Epoch 0:   0%|          | 1/3310 [00:04<3:41:16,  0.25it/s]
Epoch 0:   0%|          | 1/3310 [00:04<3:41:18,  0.25it/s, v_num=rics, train_loss=36.60]
Epoch 0:   0%|          | 2/3310 [00:04<1:58:13,  0.47it/s, v_num=rics, train_loss=36.60]
Epoch 0:   0%|          | 2/3310 [00:04<2:05:41,  0.44it/s, v_num=rics, train_loss=41.60]
Epoch 0:   0%|          | 3/3310 [00:04<1:28:49,  0.62it/s, v_num=rics, train_loss=41.60]
Epoch 0:   0%|          | 3/3310 [00:05<1:33:45,  0.59it/s, v_num=rics, train_loss=17.70]
Epoch 0:   0%|          | 4/3310 [00:05<1:14:04,  0.74it/s, v_num=rics, train_loss=17.70]
Epoch 0:   0%|          | 4/3310 [00:05<1:17:48,  0.71it/s, v_num=rics, train_loss=20.90]
Epoch 0:   0%|          | 5/3310 [00:05<1:05:14,  0.84it/s, v_num=rics, train_loss=20.90]
Epoch 0:   0%|          | 5/3310 [00:06<1:08:12,  0.81it/s, v_num=rics, train_loss=11.00]
Epoch 0:   0%|          | 6/3310 [00:06<59:19,  0.93it/s, v_num=rics, train_loss=11.00]  
Epoch 0:   0%|          | 6/3310 [00:06<1:01:45,  0.89it/s, v_num=rics, train_loss=7.510]
Epoch 0:   0%|          | 7/3310 [00:07<55:04,  1.00it/s, v_num=rics, train_loss=7.510]  
Epoch 0:   0%|          | 7/3310 [00:07<57:11,  0.96it/s, v_num=rics, train_loss=6.610]
Epoch 0:   0%|          | 8/3310 [00:07<51:54,  1.06it/s, v_num=rics, train_loss=6.610]
Epoch 0:   0%|          | 8/3310 [00:07<53:45,  1.02it/s, v_num=rics, train_loss=6.690]
Epoch 0:   0%|          | 9/3310 [00:08<49:26,  1.11it/s, v_num=rics, train_loss=6.690]
Epoch 0:   0%|          | 9/3310 [00:08<51:06,  1.08it/s, v_num=rics, train_loss=6.210]
Epoch 0:   0%|          | 10/3310 [00:08<47:29,  1.16it/s, v_num=rics, train_loss=6.210]
Epoch 0:   0%|          | 10/3310 [00:08<48:58,  1.12it/s, v_num=rics, train_loss=5.030]
Epoch 0:   0%|          | 11/3310 [00:09<45:54,  1.20it/s, v_num=rics, train_loss=5.030]
Epoch 0:   0%|          | 11/3310 [00:09<47:15,  1.16it/s, v_num=rics, train_loss=5.470]
Epoch 0:   0%|          | 12/3310 [00:09<44:33,  1.23it/s, v_num=rics, train_loss=5.470]
Epoch 0:   0%|          | 12/3310 [00:09<45:48,  1.20it/s, v_num=rics, train_loss=7.660]
Epoch 0:   0%|          | 13/3310 [00:10<43:25,  1.27it/s, v_num=rics, train_loss=7.660]
Epoch 0:   0%|          | 13/3310 [00:10<44:33,  1.23it/s, v_num=rics, train_loss=4.790]
Epoch 0:   0%|          | 14/3310 [00:10<42:26,  1.29it/s, v_num=rics, train_loss=4.790]
Epoch 0:   0%|          | 14/3310 [00:11<43:30,  1.26it/s, v_num=rics, train_loss=5.050]
Epoch 0:   0%|          | 15/3310 [00:11<41:35,  1.32it/s, v_num=rics, train_loss=5.050]
Epoch 0:   0%|          | 15/3310 [00:11<42:34,  1.29it/s, v_num=rics, train_loss=4.930]
Epoch 0:   0%|          | 16/3310 [00:11<40:50,  1.34it/s, v_num=rics, train_loss=4.930]
Epoch 0:   0%|          | 16/3310 [00:12<41:46,  1.31it/s, v_num=rics, train_loss=4.500]
Epoch 0:   1%|          | 17/3310 [00:12<40:11,  1.37it/s, v_num=rics, train_loss=4.500]
Epoch 0:   1%|          | 17/3310 [00:12<41:03,  1.34it/s, v_num=rics, train_loss=4.390]
[... 331354 lines elided ...]
Epoch 49: 100%|█████████▉| 3300/3310 [29:58<00:05,  1.83it/s, v_num=rics, train_loss=0.00413, dev_f1=0.871]
Epoch 49: 100%|█████████▉| 3301/3310 [29:58<00:04,  1.84it/s, v_num=rics, train_loss=0.00413, dev_f1=0.871]
Epoch 49: 100%|█████████▉| 3301/3310 [29:59<00:04,  1.83it/s, v_num=rics, train_loss=0.493, dev_f1=0.871]  
Epoch 49: 100%|█████████▉| 3302/3310 [29:59<00:04,  1.84it/s, v_num=rics, train_loss=0.493, dev_f1=0.871]
Epoch 49: 100%|█████████▉| 3302/3310 [29:59<00:04,  1.83it/s, v_num=rics, train_loss=0.112, dev_f1=0.871]
Epoch 49: 100%|█████████▉| 3303/3310 [29:59<00:03,  1.84it/s, v_num=rics, train_loss=0.112, dev_f1=0.871]
Epoch 49: 100%|█████████▉| 3303/3310 [30:00<00:03,  1.83it/s, v_num=rics, train_loss=0.0213, dev_f1=0.871]
Epoch 49: 100%|█████████▉| 3304/3310 [30:00<00:03,  1.84it/s, v_num=rics, train_loss=0.0213, dev_f1=0.871]
Epoch 49: 100%|█████████▉| 3304/3310 [30:00<00:03,  1.83it/s, v_num=rics, train_loss=0.00204, dev_f1=0.871]
Epoch 49: 100%|█████████▉| 3305/3310 [30:01<00:02,  1.84it/s, v_num=rics, train_loss=0.00204, dev_f1=0.871]
Epoch 49: 100%|█████████▉| 3305/3310 [30:01<00:02,  1.83it/s, v_num=rics, train_loss=0.0163, dev_f1=0.871] 
Epoch 49: 100%|█████████▉| 3306/3310 [30:01<00:02,  1.84it/s, v_num=rics, train_loss=0.0163, dev_f1=0.871]
Epoch 49: 100%|█████████▉| 3306/3310 [30:01<00:02,  1.83it/s, v_num=rics, train_loss=0.00531, dev_f1=0.871]
Epoch 49: 100%|█████████▉| 3307/3310 [30:02<00:01,  1.84it/s, v_num=rics, train_loss=0.00531, dev_f1=0.871]
Epoch 49: 100%|█████████▉| 3307/3310 [30:02<00:01,  1.83it/s, v_num=rics, train_loss=0.00486, dev_f1=0.871]
Epoch 49: 100%|█████████▉| 3308/3310 [30:02<00:01,  1.84it/s, v_num=rics, train_loss=0.00486, dev_f1=0.871]
Epoch 49: 100%|█████████▉| 3308/3310 [30:02<00:01,  1.83it/s, v_num=rics, train_loss=0.00213, dev_f1=0.871]
Epoch 49: 100%|█████████▉| 3309/3310 [30:03<00:00,  1.84it/s, v_num=rics, train_loss=0.00213, dev_f1=0.871]
Epoch 49: 100%|█████████▉| 3309/3310 [30:03<00:00,  1.83it/s, v_num=rics, train_loss=0.0122, dev_f1=0.871] 
Epoch 49: 100%|██████████| 3310/3310 [30:03<00:00,  1.84it/s, v_num=rics, train_loss=0.0122, dev_f1=0.871]
Epoch 49: 100%|██████████| 3310/3310 [30:04<00:00,  1.83it/s, v_num=rics, train_loss=0.0269, dev_f1=0.871][dev eval, checkpoint epoch 49] {'f1': 0.8715953307392996, 'precision': 0.8767123287671232, 'recall': 0.8665377176015474, 'tp': 448, 'fp': 63, 'fn': 69, 'ignored_predictions': 66, 'threshold': 0.845703125, 'n_candidates': 2911, 'epoch': 49}

Epoch 49: 100%|██████████| 3310/3310 [36:46<00:00,  1.50it/s, v_num=rics, train_loss=0.0269, dev_f1=0.872]`Trainer.fit` stopped: `max_epochs=50` reached.

Epoch 49: 100%|██████████| 3310/3310 [36:53<00:00,  1.50it/s, v_num=rics, train_loss=0.0269, dev_f1=0.872]
{
 "result_schema": 2,
 "exp_id": "cnnrand-f50-s0",
 "git_sha": "06b2e61dbb85dc5fa5a5d5853f9ba15f6a87dca9",
 "detector_sha256": "c42ae65bf9045cc93f0d73ae1437b2f6a1300670cb49d8e93f83a39d58a62a12",
 "precision": "32-true",
 "micro_batch": 16,
 "gradient_accumulation": 1,
 "effective_batch": 16,
 "epochs_run": 50,
 "best_dev_f1": 0.8715953307392996,
 "best_dev": {
  "f1": 0.8715953307392996,
  "precision": 0.8767123287671232,
  "recall": 0.8665377176015474,
  "tp": 448,
  "fp": 63,
  "fn": 69,
  "ignored_predictions": 66,
  "threshold": 0.845703125,
  "n_candidates": 2911,
  "epoch": 49
 },
 "best_checkpoint": {
  "relative_path": "checkpoints/best.ckpt",
  "sha256": "ba723104140184368eee180d8edcd02cedcb258eeb3af3bd5aa5d16c98a0031f",
  "epoch": 49
 },
 "last_dev": {
  "f1": 0.8715953307392996,
  "precision": 0.8767123287671232,
  "recall": 0.8665377176015474,
  "tp": 448,
  "fp": 63,
  "fn": 69,
  "ignored_predictions": 66,
  "threshold": 0.845703125,
  "n_candidates": 2911,
  "epoch": 49
 },
 "train_loss": 0.02685416303575039,
 "h100_runtime_contract": {
  "schema": 1,
  "status": "verified",
  "pre_trainer": {
   "schema": 1,
   "status": "verified",
   "stage": "pre-trainer",
   "precision": "32-true",
   "devices": 1,
   "micro_batch": 16,
   "gradient_accumulation": 1,
   "effective_batch": 16,
   "strict_fp32": {
    "cuda_matmul_fp32_precision": "ieee",
    "cudnn_conv_fp32_precision": "ieee",
    "cudnn_rnn_fp32_precision": "ieee"
   },
   "autocast": {
    "global": false,
    "cuda": false,
    "cpu": false
   },
   "process": {
    "WORLD_SIZE": "unset",
    "SLURM_NTASKS": "1",
    "effective_world_size": 1
   },
   "model": {
    "floating_parameter_count": 392,
    "floating_parameter_dtypes": [
     "torch.float32"
    ]
   }
  },
  "resolved_trainer": {
   "accelerator": "lightning.pytorch.accelerators.cuda.CUDAAccelerator",
   "precision_plugin": "lightning.pytorch.plugins.precision.precision.Precision",
   "precision": "32-true",
   "gradient_scaler": null,
   "strategy": "lightning.pytorch.strategies.single_device.SingleDeviceStrategy",
   "root_device_type": "cuda",
   "root_device_index": 0,
   "num_devices": 1,
   "world_size": 1,
   "device_ids": [
    0
   ],
   "gradient_accumulation": 1
  }
 }
}
[2026-10-01T19:28:42] cnnrand-f50-s0: scoring frozen TEST with cohort-bound best-dev threshold
[2026-10-01T19:41:35] cnnrand-f50-s0: test F1 0.7803; near-shore F1 0.0000 on 2 GT
[2026-10-01T19:41:35] scored 1 runs
