# Excerpt of the full H100 training log for cnnrand-f100-s0.
# Full log: 659192 lines, sha256 788f4d551281f1c30f0456da7850f8f25abeaa0d66f1262dd34802d714bf13ba (operator archive).
# Site paths redacted: /projects/geofam -> /cluster-site-redacted.
[rank: 0] Seed set to 0
GPU available: True (cuda), used: True
TPU available: False, using: 0 TPU cores
💡 Tip: For seamless cloud logging and experiment tracking, try installing [litlogger](https://pypi.org/project/litlogger/) to enable LitLogger, which logs metrics and artifacts automatically to the Lightning Experiments platform.
/cluster-site-redacted/jroth/envs/xview3-h100-fp32-dgx-a4af214a/lib/python3.11/site-packages/lightning/pytorch/trainer/configuration_validator.py:70: You defined a `validation_step` but have no `val_dataloader`. Skipping val loop.
You are using a CUDA device ('NVIDIA H100 80GB HBM3') that has Tensor Cores. To properly utilize them, you should set `torch.set_float32_matmul_precision('medium' | 'high')` which will trade-off precision for performance. For more details, read https://pytorch.org/docs/stable/generated/torch.set_float32_matmul_precision.html#torch.set_float32_matmul_precision
LOCAL_RANK: 0 - CUDA_VISIBLE_DEVICES: [0]

  | Name     | Type             | Params | Mode  | FLOPs
--------------------------------------------------------------
0 | backbone | ConvNeXtBackbone | 87.7 M | train | 0    
1 | head     | HeatmapHead      | 6.3 M  | train | 0    
--------------------------------------------------------------
94.0 M    Trainable params
0         Non-trainable params
94.0 M    Total params
375.955   Total estimated model params size (MB)
481       Modules in train mode
0         Modules in eval mode
0         Total Flops
SLURM auto-requeueing enabled. Setting signal handlers.
/cluster-site-redacted/jroth/envs/xview3-h100-fp32-dgx-a4af214a/lib/python3.11/site-packages/lightning/pytorch/utilities/_pytree.py:21: `isinstance(treespec, LeafSpec)` is deprecated, use `isinstance(treespec, TreeSpec) and treespec.is_leaf()` instead.

Training: |          | 0/? [00:00<?, ?it/s]
Training: |          | 0/? [00:00<?, ?it/s]
Epoch 0:   0%|          | 0/6588 [00:00<?, ?it/s]
Epoch 0:   0%|          | 1/6588 [00:04<7:19:20,  0.25it/s]
Epoch 0:   0%|          | 1/6588 [00:04<7:19:24,  0.25it/s, v_num=rics, train_loss=48.90]
Epoch 0:   0%|          | 2/6588 [00:04<3:54:49,  0.47it/s, v_num=rics, train_loss=48.90]
Epoch 0:   0%|          | 2/6588 [00:04<4:09:42,  0.44it/s, v_num=rics, train_loss=28.90]
Epoch 0:   0%|          | 3/6588 [00:04<2:56:29,  0.62it/s, v_num=rics, train_loss=28.90]
Epoch 0:   0%|          | 3/6588 [00:05<3:06:23,  0.59it/s, v_num=rics, train_loss=22.40]
Epoch 0:   0%|          | 4/6588 [00:05<2:27:18,  0.74it/s, v_num=rics, train_loss=22.40]
Epoch 0:   0%|          | 4/6588 [00:05<2:34:40,  0.71it/s, v_num=rics, train_loss=30.20]
Epoch 0:   0%|          | 5/6588 [00:05<2:09:44,  0.85it/s, v_num=rics, train_loss=30.20]
Epoch 0:   0%|          | 5/6588 [00:06<2:15:40,  0.81it/s, v_num=rics, train_loss=7.130]
Epoch 0:   0%|          | 6/6588 [00:06<1:58:02,  0.93it/s, v_num=rics, train_loss=7.130]
Epoch 0:   0%|          | 6/6588 [00:06<2:02:58,  0.89it/s, v_num=rics, train_loss=9.170]
Epoch 0:   0%|          | 7/6588 [00:07<1:49:41,  1.00it/s, v_num=rics, train_loss=9.170]
Epoch 0:   0%|          | 7/6588 [00:07<1:53:55,  0.96it/s, v_num=rics, train_loss=12.20]
Epoch 0:   0%|          | 8/6588 [00:07<1:43:26,  1.06it/s, v_num=rics, train_loss=12.20]
Epoch 0:   0%|          | 8/6588 [00:07<1:47:10,  1.02it/s, v_num=rics, train_loss=8.420]
Epoch 0:   0%|          | 9/6588 [00:08<1:38:36,  1.11it/s, v_num=rics, train_loss=8.420]
Epoch 0:   0%|          | 9/6588 [00:08<1:41:54,  1.08it/s, v_num=rics, train_loss=5.820]
Epoch 0:   0%|          | 10/6588 [00:08<1:34:42,  1.16it/s, v_num=rics, train_loss=5.820]
Epoch 0:   0%|          | 10/6588 [00:08<1:37:41,  1.12it/s, v_num=rics, train_loss=10.10]
Epoch 0:   0%|          | 11/6588 [00:09<1:31:35,  1.20it/s, v_num=rics, train_loss=10.10]
Epoch 0:   0%|          | 11/6588 [00:09<1:34:17,  1.16it/s, v_num=rics, train_loss=5.540]
Epoch 0:   0%|          | 12/6588 [00:09<1:28:55,  1.23it/s, v_num=rics, train_loss=5.540]
Epoch 0:   0%|          | 12/6588 [00:10<1:31:23,  1.20it/s, v_num=rics, train_loss=6.020]
Epoch 0:   0%|          | 13/6588 [00:10<1:26:39,  1.26it/s, v_num=rics, train_loss=6.020]
Epoch 0:   0%|          | 13/6588 [00:10<1:28:56,  1.23it/s, v_num=rics, train_loss=6.490]
Epoch 0:   0%|          | 14/6588 [00:10<1:24:43,  1.29it/s, v_num=rics, train_loss=6.490]
Epoch 0:   0%|          | 14/6588 [00:11<1:26:49,  1.26it/s, v_num=rics, train_loss=5.500]
Epoch 0:   0%|          | 15/6588 [00:11<1:23:02,  1.32it/s, v_num=rics, train_loss=5.500]
Epoch 0:   0%|          | 15/6588 [00:11<1:24:59,  1.29it/s, v_num=rics, train_loss=4.280]
Epoch 0:   0%|          | 16/6588 [00:11<1:21:32,  1.34it/s, v_num=rics, train_loss=4.280]
Epoch 0:   0%|          | 16/6588 [00:12<1:23:22,  1.31it/s, v_num=rics, train_loss=6.300]
Epoch 0:   0%|          | 17/6588 [00:12<1:20:13,  1.37it/s, v_num=rics, train_loss=6.300]
Epoch 0:   0%|          | 17/6588 [00:12<1:22:00,  1.34it/s, v_num=rics, train_loss=4.840]
[... 659012 lines elided ...]
 "micro_batch": 16,
 "gradient_accumulation": 1,
 "effective_batch": 16,
 "epochs_run": 50,
 "best_dev_f1": 0.9001919385796545,
 "best_dev": {
  "f1": 0.9001919385796545,
  "precision": 0.8933333333333333,
  "recall": 0.90715667311412,
  "tp": 469,
  "fp": 56,
  "fn": 48,
  "ignored_predictions": 74,
  "threshold": 0.85791015625,
  "n_candidates": 1969,
  "epoch": 39
 },
 "best_checkpoint": {
  "relative_path": "checkpoints/best.ckpt",
  "sha256": "9b6bfab109409e5d93ac948448930568188b9c25bce4da503be8266dc8295d47",
  "epoch": 39
 },
 "last_dev": {
  "f1": 0.8923375363724539,
  "precision": 0.8949416342412452,
  "recall": 0.8897485493230174,
  "tp": 460,
  "fp": 54,
  "fn": 57,
  "ignored_predictions": 74,
  "threshold": 0.88818359375,
  "n_candidates": 1322,
  "epoch": 49
 },
 "train_loss": 0.0014455041382461786,
 "h100_runtime_contract": {
  "schema": 1,
  "status": "verified",
  "pre_trainer": {
   "schema": 1,
   "status": "verified",
   "stage": "pre-trainer",
   "precision": "32-true",
   "devices": 1,
   "micro_batch": 16,
   "gradient_accumulation": 1,
   "effective_batch": 16,
   "strict_fp32": {
    "cuda_matmul_fp32_precision": "ieee",
    "cudnn_conv_fp32_precision": "ieee",
    "cudnn_rnn_fp32_precision": "ieee"
   },
   "autocast": {
    "global": false,
    "cuda": false,
    "cpu": false
   },
   "process": {
    "WORLD_SIZE": "unset",
    "SLURM_NTASKS": "1",
    "effective_world_size": 1
   },
   "model": {
    "floating_parameter_count": 392,
    "floating_parameter_dtypes": [
     "torch.float32"
    ]
   }
  },
  "resolved_trainer": {
   "accelerator": "lightning.pytorch.accelerators.cuda.CUDAAccelerator",
   "precision_plugin": "lightning.pytorch.plugins.precision.precision.Precision",
   "precision": "32-true",
   "gradient_scaler": null,
   "strategy": "lightning.pytorch.strategies.single_device.SingleDeviceStrategy",
   "root_device_type": "cuda",
   "root_device_index": 0,
   "num_devices": 1,
   "world_size": 1,
   "device_ids": [
    0
   ],
   "gradient_accumulation": 1
  }
 }
}
[2026-10-01T15:50:03] cnnrand-f100-s0: scoring frozen TEST with cohort-bound best-dev threshold
Traceback (most recent call last):
  File "/local/xview3-659990-r0/repo/scripts/score_test_split.py", line 15, in <module>
    raise SystemExit(main())
                     ^^^^^^
  File "/local/xview3-659990-r0/repo/scripts/score_test_cohort.py", line 330, in main
    payload = score_run(
              ^^^^^^^^^^
  File "/local/xview3-659990-r0/repo/scripts/score_test_cohort.py", line 168, in score_run
    module = HeatmapLitModule.load_from_checkpoint(str(checkpoint), map_location=device)
             ^^^^^^^^^^^^^^^^^^^^^^^^^^^^^^^^^^^^^^^^^^^^^^^^^^^^^^^^^^^^^^^^^^^^^^^^^^^
  File "/cluster-site-redacted/jroth/envs/xview3-h100-fp32-dgx-a4af214a/lib/python3.11/site-packages/lightning/pytorch/utilities/model_helpers.py", line 130, in wrapper
    return self.method(cls_type, *args, **kwargs)
           ^^^^^^^^^^^^^^^^^^^^^^^^^^^^^^^^^^^^^^
  File "/cluster-site-redacted/jroth/envs/xview3-h100-fp32-dgx-a4af214a/lib/python3.11/site-packages/lightning/pytorch/core/module.py", line 1796, in load_from_checkpoint
    loaded = _load_from_checkpoint(
             ^^^^^^^^^^^^^^^^^^^^^^
  File "/cluster-site-redacted/jroth/envs/xview3-h100-fp32-dgx-a4af214a/lib/python3.11/site-packages/lightning/pytorch/core/saving.py", line 65, in _load_from_checkpoint
    checkpoint = pl_load(checkpoint_path, map_location=map_location, weights_only=weights_only)
                 ^^^^^^^^^^^^^^^^^^^^^^^^^^^^^^^^^^^^^^^^^^^^^^^^^^^^^^^^^^^^^^^^^^^^^^^^^^^^^^
  File "/cluster-site-redacted/jroth/envs/xview3-h100-fp32-dgx-a4af214a/lib/python3.11/site-packages/lightning/fabric/utilities/cloud_io.py", line 73, in _load
    return torch.load(
           ^^^^^^^^^^^
  File "/cluster-site-redacted/jroth/envs/xview3-h100-fp32-dgx-a4af214a/lib/python3.11/site-packages/torch/serialization.py", line 1578, in load
    raise pickle.UnpicklingError(_get_wo_message(str(e))) from None
_pickle.UnpicklingError: Weights only load failed. This file can still be loaded, to do so you have two options, [1mdo those steps only if you trust the source of the checkpoint[0m. 
	(1) In PyTorch 2.6, we changed the default value of the `weights_only` argument in `torch.load` from `False` to `True`. Re-running `torch.load` with `weights_only` set to `False` will likely succeed, but it can result in arbitrary code execution. Do it only if you got the file from a trusted source.
	(2) Alternatively, to load with `weights_only=True` please check the recommended steps in the following error message.
	WeightsUnpickler error: Unsupported global: GLOBAL pathlib.PosixPath was not an allowed global by default. Please use `torch.serialization.add_safe_globals([pathlib.PosixPath])` or the `torch.serialization.safe_globals([pathlib.PosixPath])` context manager to allowlist this global if you trust this class/function.

Check the documentation of torch.load to learn more about types accepted by default with weights_only https://pytorch.org/docs/stable/generated/torch.load.html.
[2026-10-01T17:38:45] cnnrand-f100-s0: scoring frozen TEST with cohort-bound best-dev threshold
[2026-10-01T17:51:52] cnnrand-f100-s0: test F1 0.8155; near-shore F1 0.0000 on 2 GT
[2026-10-01T17:51:52] scored 1 runs
