# Excerpt of the full H100 training log for sarmae-f10-s0.
# Full log: 35251 lines, sha256 6af011fbc9463730ca8def70d3da07087f411290fbcd9235903ad1f118907b3b (operator archive).
# Site paths redacted: /projects/geofam -> /cluster-site-redacted.
[rank: 0] Seed set to 0
GPU available: True (cuda), used: True
TPU available: False, using: 0 TPU cores
💡 Tip: For seamless cloud logging and experiment tracking, try installing [litlogger](https://pypi.org/project/litlogger/) to enable LitLogger, which logs metrics and artifacts automatically to the Lightning Experiments platform.
/cluster-site-redacted/jroth/envs/xview3-h100-fp32-dgx-a4af214a/lib/python3.11/site-packages/lightning/pytorch/trainer/configuration_validator.py:70: You defined a `validation_step` but have no `val_dataloader`. Skipping val loop.
You are using a CUDA device ('NVIDIA H100 80GB HBM3') that has Tensor Cores. To properly utilize them, you should set `torch.set_float32_matmul_precision('medium' | 'high')` which will trade-off precision for performance. For more details, read https://pytorch.org/docs/stable/generated/torch.set_float32_matmul_precision.html#torch.set_float32_matmul_precision
LOCAL_RANK: 0 - CUDA_VISIBLE_DEVICES: [1]

  | Name     | Type        | Params | Mode  | FLOPs
---------------------------------------------------------
0 | backbone | ViTBackbone | 85.8 M | train | 0    
1 | head     | HeatmapHead | 4.2 M  | train | 0    
---------------------------------------------------------
90.0 M    Trainable params
0         Non-trainable params
90.0 M    Total params
359.987   Total estimated model params size (MB)
288       Modules in train mode
0         Modules in eval mode
0         Total Flops
SLURM auto-requeueing enabled. Setting signal handlers.
/cluster-site-redacted/jroth/envs/xview3-h100-fp32-dgx-a4af214a/lib/python3.11/site-packages/lightning/pytorch/utilities/_pytree.py:21: `isinstance(treespec, LeafSpec)` is deprecated, use `isinstance(treespec, TreeSpec) and treespec.is_leaf()` instead.
[sarmae_b] matched=150 missing=0 unexpected=0

Training: |          | 0/? [00:00<?, ?it/s]
Training: |          | 0/? [00:00<?, ?it/s]
Epoch 0:   0%|          | 0/701 [00:00<?, ?it/s]
Epoch 0:   0%|          | 1/701 [00:01<15:55,  0.73it/s]
Epoch 0:   0%|          | 1/701 [00:01<15:55,  0.73it/s, v_num=rics, train_loss=97.30]
Epoch 0:   0%|          | 2/701 [00:01<08:36,  1.35it/s, v_num=rics, train_loss=97.30]
Epoch 0:   0%|          | 2/701 [00:01<09:39,  1.21it/s, v_num=rics, train_loss=69.20]
Epoch 0:   0%|          | 3/701 [00:01<06:50,  1.70it/s, v_num=rics, train_loss=69.20]
Epoch 0:   0%|          | 3/701 [00:01<07:33,  1.54it/s, v_num=rics, train_loss=70.20]
Epoch 0:   1%|          | 4/701 [00:02<05:57,  1.95it/s, v_num=rics, train_loss=70.20]
Epoch 0:   1%|          | 4/701 [00:02<06:30,  1.79it/s, v_num=rics, train_loss=25.50]
Epoch 0:   1%|          | 5/701 [00:02<05:26,  2.13it/s, v_num=rics, train_loss=25.50]
Epoch 0:   1%|          | 5/701 [00:02<05:52,  1.97it/s, v_num=rics, train_loss=18.40]
Epoch 0:   1%|          | 6/701 [00:02<05:05,  2.28it/s, v_num=rics, train_loss=18.40]
Epoch 0:   1%|          | 6/701 [00:02<05:26,  2.13it/s, v_num=rics, train_loss=9.410]
Epoch 0:   1%|          | 7/701 [00:02<04:50,  2.39it/s, v_num=rics, train_loss=9.410]
Epoch 0:   1%|          | 7/701 [00:03<05:08,  2.25it/s, v_num=rics, train_loss=6.970]
Epoch 0:   1%|          | 8/701 [00:03<04:39,  2.48it/s, v_num=rics, train_loss=6.970]
Epoch 0:   1%|          | 8/701 [00:03<04:54,  2.35it/s, v_num=rics, train_loss=8.100]
Epoch 0:   1%|▏         | 9/701 [00:03<04:29,  2.56it/s, v_num=rics, train_loss=8.100]
Epoch 0:   1%|▏         | 9/701 [00:03<04:44,  2.43it/s, v_num=rics, train_loss=6.120]
Epoch 0:   1%|▏         | 10/701 [00:03<04:22,  2.63it/s, v_num=rics, train_loss=6.120]
Epoch 0:   1%|▏         | 10/701 [00:03<04:35,  2.51it/s, v_num=rics, train_loss=4.610]
Epoch 0:   2%|▏         | 11/701 [00:04<04:16,  2.69it/s, v_num=rics, train_loss=4.610]
Epoch 0:   2%|▏         | 11/701 [00:04<04:28,  2.57it/s, v_num=rics, train_loss=4.620]
Epoch 0:   2%|▏         | 12/701 [00:04<04:11,  2.74it/s, v_num=rics, train_loss=4.620]
Epoch 0:   2%|▏         | 12/701 [00:04<04:22,  2.62it/s, v_num=rics, train_loss=3.960]
Epoch 0:   2%|▏         | 13/701 [00:04<04:07,  2.78it/s, v_num=rics, train_loss=3.960]
Epoch 0:   2%|▏         | 13/701 [00:04<04:17,  2.67it/s, v_num=rics, train_loss=4.110]
Epoch 0:   2%|▏         | 14/701 [00:04<04:04,  2.82it/s, v_num=rics, train_loss=4.110]
Epoch 0:   2%|▏         | 14/701 [00:05<04:12,  2.72it/s, v_num=rics, train_loss=4.340]
Epoch 0:   2%|▏         | 15/701 [00:05<04:00,  2.85it/s, v_num=rics, train_loss=4.340]
Epoch 0:   2%|▏         | 15/701 [00:05<04:09,  2.75it/s, v_num=rics, train_loss=4.090]
Epoch 0:   2%|▏         | 16/701 [00:05<03:57,  2.88it/s, v_num=rics, train_loss=4.090]
Epoch 0:   2%|▏         | 16/701 [00:05<04:05,  2.79it/s, v_num=rics, train_loss=3.870]
Epoch 0:   2%|▏         | 17/701 [00:05<03:54,  2.91it/s, v_num=rics, train_loss=3.870]
[... 35071 lines elided ...]
Epoch 24:  99%|█████████▊| 691/701 [03:21<00:02,  3.42it/s, v_num=rics, train_loss=0.00765, dev_f1=0.878]
Epoch 24:  99%|█████████▊| 691/701 [03:21<00:02,  3.42it/s, v_num=rics, train_loss=0.00276, dev_f1=0.878]
Epoch 24:  99%|█████████▊| 692/701 [03:22<00:02,  3.42it/s, v_num=rics, train_loss=0.00276, dev_f1=0.878]
Epoch 24:  99%|█████████▊| 692/701 [03:22<00:02,  3.42it/s, v_num=rics, train_loss=0.00133, dev_f1=0.878]
Epoch 24:  99%|█████████▉| 693/701 [03:22<00:02,  3.42it/s, v_num=rics, train_loss=0.00133, dev_f1=0.878]
Epoch 24:  99%|█████████▉| 693/701 [03:22<00:02,  3.42it/s, v_num=rics, train_loss=0.00202, dev_f1=0.878]
Epoch 24:  99%|█████████▉| 694/701 [03:22<00:02,  3.42it/s, v_num=rics, train_loss=0.00202, dev_f1=0.878]
Epoch 24:  99%|█████████▉| 694/701 [03:22<00:02,  3.42it/s, v_num=rics, train_loss=0.000991, dev_f1=0.878]
Epoch 24:  99%|█████████▉| 695/701 [03:22<00:01,  3.42it/s, v_num=rics, train_loss=0.000991, dev_f1=0.878]
Epoch 24:  99%|█████████▉| 695/701 [03:23<00:01,  3.42it/s, v_num=rics, train_loss=0.155, dev_f1=0.878]   
Epoch 24:  99%|█████████▉| 696/701 [03:23<00:01,  3.42it/s, v_num=rics, train_loss=0.155, dev_f1=0.878]
Epoch 24:  99%|█████████▉| 696/701 [03:23<00:01,  3.42it/s, v_num=rics, train_loss=0.000984, dev_f1=0.878]
Epoch 24:  99%|█████████▉| 697/701 [03:23<00:01,  3.42it/s, v_num=rics, train_loss=0.000984, dev_f1=0.878]
Epoch 24:  99%|█████████▉| 697/701 [03:23<00:01,  3.42it/s, v_num=rics, train_loss=0.0027, dev_f1=0.878]  
Epoch 24: 100%|█████████▉| 698/701 [03:23<00:00,  3.42it/s, v_num=rics, train_loss=0.0027, dev_f1=0.878]
Epoch 24: 100%|█████████▉| 698/701 [03:24<00:00,  3.42it/s, v_num=rics, train_loss=0.0378, dev_f1=0.878]
Epoch 24: 100%|█████████▉| 699/701 [03:24<00:00,  3.42it/s, v_num=rics, train_loss=0.0378, dev_f1=0.878]
Epoch 24: 100%|█████████▉| 699/701 [03:24<00:00,  3.42it/s, v_num=rics, train_loss=0.00242, dev_f1=0.878]
Epoch 24: 100%|█████████▉| 700/701 [03:24<00:00,  3.42it/s, v_num=rics, train_loss=0.00242, dev_f1=0.878]
Epoch 24: 100%|█████████▉| 700/701 [03:24<00:00,  3.42it/s, v_num=rics, train_loss=0.00353, dev_f1=0.878]
Epoch 24: 100%|██████████| 701/701 [03:24<00:00,  3.42it/s, v_num=rics, train_loss=0.00353, dev_f1=0.878]
Epoch 24: 100%|██████████| 701/701 [03:24<00:00,  3.42it/s, v_num=rics, train_loss=0.00303, dev_f1=0.878][dev eval, checkpoint epoch 24] {'f1': 0.8290062667860341, 'precision': 0.7716666666666666, 'recall': 0.8955512572533849, 'tp': 463, 'fp': 137, 'fn': 54, 'ignored_predictions': 72, 'threshold': 0.9052734375, 'n_candidates': 997, 'epoch': 24}

Epoch 24: 100%|██████████| 701/701 [10:38<00:00,  1.10it/s, v_num=rics, train_loss=0.00303, dev_f1=0.829]
Epoch 24: 100%|██████████| 701/701 [10:38<00:00,  1.10it/s, v_num=rics, train_loss=0.00303, dev_f1=0.829]
{
 "result_schema": 2,
 "exp_id": "sarmae-f10-s0",
 "git_sha": "06b2e61dbb85dc5fa5a5d5853f9ba15f6a87dca9",
 "detector_sha256": "c42ae65bf9045cc93f0d73ae1437b2f6a1300670cb49d8e93f83a39d58a62a12",
 "precision": "32-true",
 "micro_batch": 16,
 "gradient_accumulation": 1,
 "effective_batch": 16,
 "epochs_run": 25,
 "best_dev_f1": 0.8856589147286822,
 "best_dev": {
  "f1": 0.8856589147286822,
  "precision": 0.887378640776699,
  "recall": 0.8839458413926499,
  "tp": 457,
  "fp": 58,
  "fn": 60,
  "ignored_predictions": 62,
  "threshold": 0.5869140625,
  "n_candidates": 931,
  "epoch": 4
 },
 "best_checkpoint": {
  "relative_path": "checkpoints/best.ckpt",
  "sha256": "81293b96d2d17362954f9d3d73cebc051470f79482d20a445ef9b1a1df61c68c",
  "epoch": 4
 },
 "last_dev": {
  "f1": 0.8290062667860341,
  "precision": 0.7716666666666666,
  "recall": 0.8955512572533849,
  "tp": 463,
  "fp": 137,
  "fn": 54,
  "ignored_predictions": 72,
  "threshold": 0.9052734375,
  "n_candidates": 997,
  "epoch": 24
 },
 "train_loss": 0.0030258065089583397,
 "h100_runtime_contract": {
  "schema": 1,
  "status": "verified",
  "pre_trainer": {
   "schema": 1,
   "status": "verified",
   "stage": "pre-trainer",
   "precision": "32-true",
   "devices": 1,
   "micro_batch": 16,
   "gradient_accumulation": 1,
   "effective_batch": 16,
   "strict_fp32": {
    "cuda_matmul_fp32_precision": "ieee",
    "cudnn_conv_fp32_precision": "ieee",
    "cudnn_rnn_fp32_precision": "ieee"
   },
   "autocast": {
    "global": false,
    "cuda": false,
    "cpu": false
   },
   "process": {
    "WORLD_SIZE": "unset",
    "SLURM_NTASKS": "1",
    "effective_world_size": 1
   },
   "model": {
    "floating_parameter_count": 160,
    "floating_parameter_dtypes": [
     "torch.float32"
    ]
   }
  },
  "resolved_trainer": {
   "accelerator": "lightning.pytorch.accelerators.cuda.CUDAAccelerator",
   "precision_plugin": "lightning.pytorch.plugins.precision.precision.Precision",
   "precision": "32-true",
   "gradient_scaler": null,
   "strategy": "lightning.pytorch.strategies.single_device.SingleDeviceStrategy",
   "root_device_type": "cuda",
   "root_device_index": 0,
   "num_devices": 1,
   "world_size": 1,
   "device_ids": [
    0
   ],
   "gradient_accumulation": 1
  }
 }
}
[2026-10-02T00:26:44] sarmae-f10-s0: scoring frozen TEST with cohort-bound best-dev threshold
[2026-10-02T00:38:59] sarmae-f10-s0: test F1 0.8041; near-shore F1 0.2857 on 2 GT
[2026-10-02T00:38:59] scored 1 runs
