# Excerpt of the full H100 training log for sarmae-f50-s0.
# Full log: 331282 lines, sha256 451310dc04d8295d3a87b3cb79c0aaf20268c8108d3d1b1c68d05acc7d2c7691 (operator archive).
# Site paths redacted: /projects/geofam -> /cluster-site-redacted.
[rank: 0] Seed set to 0
GPU available: True (cuda), used: True
TPU available: False, using: 0 TPU cores
💡 Tip: For seamless cloud logging and experiment tracking, try installing [litlogger](https://pypi.org/project/litlogger/) to enable LitLogger, which logs metrics and artifacts automatically to the Lightning Experiments platform.
/cluster-site-redacted/jroth/envs/xview3-h100-fp32-dgx-a4af214a/lib/python3.11/site-packages/lightning/pytorch/trainer/configuration_validator.py:70: You defined a `validation_step` but have no `val_dataloader`. Skipping val loop.
You are using a CUDA device ('NVIDIA H100 80GB HBM3') that has Tensor Cores. To properly utilize them, you should set `torch.set_float32_matmul_precision('medium' | 'high')` which will trade-off precision for performance. For more details, read https://pytorch.org/docs/stable/generated/torch.set_float32_matmul_precision.html#torch.set_float32_matmul_precision
LOCAL_RANK: 0 - CUDA_VISIBLE_DEVICES: [1]

  | Name     | Type        | Params | Mode  | FLOPs
---------------------------------------------------------
0 | backbone | ViTBackbone | 85.8 M | train | 0    
1 | head     | HeatmapHead | 4.2 M  | train | 0    
---------------------------------------------------------
90.0 M    Trainable params
0         Non-trainable params
90.0 M    Total params
359.987   Total estimated model params size (MB)
288       Modules in train mode
0         Modules in eval mode
0         Total Flops
SLURM auto-requeueing enabled. Setting signal handlers.
/cluster-site-redacted/jroth/envs/xview3-h100-fp32-dgx-a4af214a/lib/python3.11/site-packages/lightning/pytorch/utilities/_pytree.py:21: `isinstance(treespec, LeafSpec)` is deprecated, use `isinstance(treespec, TreeSpec) and treespec.is_leaf()` instead.
[sarmae_b] matched=150 missing=0 unexpected=0

Training: |          | 0/? [00:00<?, ?it/s]
Training: |          | 0/? [00:00<?, ?it/s]
Epoch 0:   0%|          | 0/3310 [00:00<?, ?it/s]
Epoch 0:   0%|          | 1/3310 [00:01<1:23:03,  0.66it/s]
Epoch 0:   0%|          | 1/3310 [00:01<1:23:05,  0.66it/s, v_num=rics, train_loss=120.0]
Epoch 0:   0%|          | 2/3310 [00:01<44:52,  1.23it/s, v_num=rics, train_loss=120.0]  
Epoch 0:   0%|          | 2/3310 [00:01<49:59,  1.10it/s, v_num=rics, train_loss=105.0]
Epoch 0:   0%|          | 3/3310 [00:01<35:15,  1.56it/s, v_num=rics, train_loss=105.0]
Epoch 0:   0%|          | 3/3310 [00:02<38:39,  1.43it/s, v_num=rics, train_loss=28.10]
Epoch 0:   0%|          | 4/3310 [00:02<30:27,  1.81it/s, v_num=rics, train_loss=28.10]
Epoch 0:   0%|          | 4/3310 [00:02<32:59,  1.67it/s, v_num=rics, train_loss=37.40]
Epoch 0:   0%|          | 5/3310 [00:02<27:38,  1.99it/s, v_num=rics, train_loss=37.40]
Epoch 0:   0%|          | 5/3310 [00:02<29:36,  1.86it/s, v_num=rics, train_loss=20.60]
Epoch 0:   0%|          | 6/3310 [00:02<25:38,  2.15it/s, v_num=rics, train_loss=20.60]
Epoch 0:   0%|          | 6/3310 [00:02<27:20,  2.01it/s, v_num=rics, train_loss=7.570]
Epoch 0:   0%|          | 7/3310 [00:03<24:15,  2.27it/s, v_num=rics, train_loss=7.570]
Epoch 0:   0%|          | 7/3310 [00:03<25:42,  2.14it/s, v_num=rics, train_loss=8.550]
Epoch 0:   0%|          | 8/3310 [00:03<23:12,  2.37it/s, v_num=rics, train_loss=8.550]
Epoch 0:   0%|          | 8/3310 [00:03<24:28,  2.25it/s, v_num=rics, train_loss=6.440]
Epoch 0:   0%|          | 9/3310 [00:03<22:25,  2.45it/s, v_num=rics, train_loss=6.440]
Epoch 0:   0%|          | 9/3310 [00:03<23:31,  2.34it/s, v_num=rics, train_loss=5.880]
Epoch 0:   0%|          | 10/3310 [00:03<21:44,  2.53it/s, v_num=rics, train_loss=5.880]
Epoch 0:   0%|          | 10/3310 [00:04<22:45,  2.42it/s, v_num=rics, train_loss=4.710]
Epoch 0:   0%|          | 11/3310 [00:04<21:13,  2.59it/s, v_num=rics, train_loss=4.710]
Epoch 0:   0%|          | 11/3310 [00:04<22:09,  2.48it/s, v_num=rics, train_loss=4.810]
Epoch 0:   0%|          | 12/3310 [00:04<20:47,  2.64it/s, v_num=rics, train_loss=4.810]
Epoch 0:   0%|          | 12/3310 [00:04<21:38,  2.54it/s, v_num=rics, train_loss=5.020]
Epoch 0:   0%|          | 13/3310 [00:04<20:24,  2.69it/s, v_num=rics, train_loss=5.020]
Epoch 0:   0%|          | 13/3310 [00:05<21:11,  2.59it/s, v_num=rics, train_loss=3.980]
Epoch 0:   0%|          | 14/3310 [00:05<20:05,  2.73it/s, v_num=rics, train_loss=3.980]
Epoch 0:   0%|          | 14/3310 [00:05<20:49,  2.64it/s, v_num=rics, train_loss=5.390]
Epoch 0:   0%|          | 15/3310 [00:05<19:48,  2.77it/s, v_num=rics, train_loss=5.390]
Epoch 0:   0%|          | 15/3310 [00:05<20:29,  2.68it/s, v_num=rics, train_loss=4.290]
Epoch 0:   0%|          | 16/3310 [00:05<19:33,  2.81it/s, v_num=rics, train_loss=4.290]
Epoch 0:   0%|          | 16/3310 [00:05<20:11,  2.72it/s, v_num=rics, train_loss=4.090]
Epoch 0:   1%|          | 17/3310 [00:05<19:20,  2.84it/s, v_num=rics, train_loss=4.090]
[... 331102 lines elided ...]
Epoch 49: 100%|█████████▉| 3300/3310 [16:04<00:02,  3.42it/s, v_num=rics, train_loss=0.00116, dev_f1=0.917] 
Epoch 49: 100%|█████████▉| 3301/3310 [16:04<00:02,  3.42it/s, v_num=rics, train_loss=0.00116, dev_f1=0.917]
Epoch 49: 100%|█████████▉| 3301/3310 [16:04<00:02,  3.42it/s, v_num=rics, train_loss=0.000236, dev_f1=0.917]
Epoch 49: 100%|█████████▉| 3302/3310 [16:04<00:02,  3.42it/s, v_num=rics, train_loss=0.000236, dev_f1=0.917]
Epoch 49: 100%|█████████▉| 3302/3310 [16:05<00:02,  3.42it/s, v_num=rics, train_loss=0.00106, dev_f1=0.917] 
Epoch 49: 100%|█████████▉| 3303/3310 [16:05<00:02,  3.42it/s, v_num=rics, train_loss=0.00106, dev_f1=0.917]
Epoch 49: 100%|█████████▉| 3303/3310 [16:05<00:02,  3.42it/s, v_num=rics, train_loss=0.000936, dev_f1=0.917]
Epoch 49: 100%|█████████▉| 3304/3310 [16:05<00:01,  3.42it/s, v_num=rics, train_loss=0.000936, dev_f1=0.917]
Epoch 49: 100%|█████████▉| 3304/3310 [16:05<00:01,  3.42it/s, v_num=rics, train_loss=0.000809, dev_f1=0.917]
Epoch 49: 100%|█████████▉| 3305/3310 [16:05<00:01,  3.42it/s, v_num=rics, train_loss=0.000809, dev_f1=0.917]
Epoch 49: 100%|█████████▉| 3305/3310 [16:05<00:01,  3.42it/s, v_num=rics, train_loss=0.0123, dev_f1=0.917]  
Epoch 49: 100%|█████████▉| 3306/3310 [16:06<00:01,  3.42it/s, v_num=rics, train_loss=0.0123, dev_f1=0.917]
Epoch 49: 100%|█████████▉| 3306/3310 [16:06<00:01,  3.42it/s, v_num=rics, train_loss=0.000749, dev_f1=0.917]
Epoch 49: 100%|█████████▉| 3307/3310 [16:06<00:00,  3.42it/s, v_num=rics, train_loss=0.000749, dev_f1=0.917]
Epoch 49: 100%|█████████▉| 3307/3310 [16:06<00:00,  3.42it/s, v_num=rics, train_loss=0.00255, dev_f1=0.917] 
Epoch 49: 100%|█████████▉| 3308/3310 [16:06<00:00,  3.42it/s, v_num=rics, train_loss=0.00255, dev_f1=0.917]
Epoch 49: 100%|█████████▉| 3308/3310 [16:06<00:00,  3.42it/s, v_num=rics, train_loss=0.511, dev_f1=0.917]  
Epoch 49: 100%|█████████▉| 3309/3310 [16:06<00:00,  3.42it/s, v_num=rics, train_loss=0.511, dev_f1=0.917]
Epoch 49: 100%|█████████▉| 3309/3310 [16:07<00:00,  3.42it/s, v_num=rics, train_loss=0.241, dev_f1=0.917]
Epoch 49: 100%|██████████| 3310/3310 [16:07<00:00,  3.42it/s, v_num=rics, train_loss=0.241, dev_f1=0.917]
Epoch 49: 100%|██████████| 3310/3310 [16:07<00:00,  3.42it/s, v_num=rics, train_loss=0.00097, dev_f1=0.917][dev eval, checkpoint epoch 49] {'f1': 0.9165085388994306, 'precision': 0.8994413407821229, 'recall': 0.9342359767891683, 'tp': 483, 'fp': 54, 'fn': 34, 'ignored_predictions': 81, 'threshold': 0.86572265625, 'n_candidates': 755, 'epoch': 49}

Epoch 49: 100%|██████████| 3310/3310 [23:10<00:00,  2.38it/s, v_num=rics, train_loss=0.00097, dev_f1=0.917]`Trainer.fit` stopped: `max_epochs=50` reached.

Epoch 49: 100%|██████████| 3310/3310 [23:10<00:00,  2.38it/s, v_num=rics, train_loss=0.00097, dev_f1=0.917]
{
 "result_schema": 2,
 "exp_id": "sarmae-f50-s0",
 "git_sha": "06b2e61dbb85dc5fa5a5d5853f9ba15f6a87dca9",
 "detector_sha256": "c42ae65bf9045cc93f0d73ae1437b2f6a1300670cb49d8e93f83a39d58a62a12",
 "precision": "32-true",
 "micro_batch": 16,
 "gradient_accumulation": 1,
 "effective_batch": 16,
 "epochs_run": 50,
 "best_dev_f1": 0.9184060721062619,
 "best_dev": {
  "f1": 0.9184060721062619,
  "precision": 0.9013035381750466,
  "recall": 0.9361702127659575,
  "tp": 484,
  "fp": 53,
  "fn": 33,
  "ignored_predictions": 78,
  "threshold": 0.87841796875,
  "n_candidates": 766,
  "epoch": 39
 },
 "best_checkpoint": {
  "relative_path": "checkpoints/best.ckpt",
  "sha256": "698e77d7d79125ff7db489fcd0843d900d274928cecfd9a8b3c2ec1402aa4b05",
  "epoch": 39
 },
 "last_dev": {
  "f1": 0.9165085388994306,
  "precision": 0.8994413407821229,
  "recall": 0.9342359767891683,
  "tp": 483,
  "fp": 54,
  "fn": 34,
  "ignored_predictions": 81,
  "threshold": 0.86572265625,
  "n_candidates": 755,
  "epoch": 49
 },
 "train_loss": 0.000970102846622467,
 "h100_runtime_contract": {
  "schema": 1,
  "status": "verified",
  "pre_trainer": {
   "schema": 1,
   "status": "verified",
   "stage": "pre-trainer",
   "precision": "32-true",
   "devices": 1,
   "micro_batch": 16,
   "gradient_accumulation": 1,
   "effective_batch": 16,
   "strict_fp32": {
    "cuda_matmul_fp32_precision": "ieee",
    "cudnn_conv_fp32_precision": "ieee",
    "cudnn_rnn_fp32_precision": "ieee"
   },
   "autocast": {
    "global": false,
    "cuda": false,
    "cpu": false
   },
   "process": {
    "WORLD_SIZE": "unset",
    "SLURM_NTASKS": "1",
    "effective_world_size": 1
   },
   "model": {
    "floating_parameter_count": 160,
    "floating_parameter_dtypes": [
     "torch.float32"
    ]
   }
  },
  "resolved_trainer": {
   "accelerator": "lightning.pytorch.accelerators.cuda.CUDAAccelerator",
   "precision_plugin": "lightning.pytorch.plugins.precision.precision.Precision",
   "precision": "32-true",
   "gradient_scaler": null,
   "strategy": "lightning.pytorch.strategies.single_device.SingleDeviceStrategy",
   "root_device_type": "cuda",
   "root_device_index": 0,
   "num_devices": 1,
   "world_size": 1,
   "device_ids": [
    0
   ],
   "gradient_accumulation": 1
  }
 }
}
[2026-10-01T20:51:21] sarmae-f50-s0: scoring frozen TEST with cohort-bound best-dev threshold
[2026-10-01T21:04:08] sarmae-f50-s0: test F1 0.8652; near-shore F1 0.4000 on 2 GT
[2026-10-01T21:04:08] scored 1 runs
