# Excerpt of the full H100 training log for satdino-f10-s0.
# Full log: 70382 lines, sha256 85e93162dca78eafdf5372a4ac336bafb2181915d77d88cfb3cfac8a8787100b (operator archive).
# Site paths redacted: /projects/geofam -> /cluster-site-redacted.
[rank: 0] Seed set to 0
GPU available: True (cuda), used: True
TPU available: False, using: 0 TPU cores
💡 Tip: For seamless cloud logging and experiment tracking, try installing [litlogger](https://pypi.org/project/litlogger/) to enable LitLogger, which logs metrics and artifacts automatically to the Lightning Experiments platform.
/cluster-site-redacted/jroth/envs/xview3-h100-fp32-dgx-a4af214a/lib/python3.11/site-packages/lightning/pytorch/trainer/configuration_validator.py:70: You defined a `validation_step` but have no `val_dataloader`. Skipping val loop.
You are using a CUDA device ('NVIDIA H100 80GB HBM3') that has Tensor Cores. To properly utilize them, you should set `torch.set_float32_matmul_precision('medium' | 'high')` which will trade-off precision for performance. For more details, read https://pytorch.org/docs/stable/generated/torch.set_float32_matmul_precision.html#torch.set_float32_matmul_precision
LOCAL_RANK: 0 - CUDA_VISIBLE_DEVICES: [2]

  | Name     | Type        | Params | Mode  | FLOPs
---------------------------------------------------------
0 | backbone | ViTBackbone | 85.8 M | train | 0    
1 | head     | HeatmapHead | 4.2 M  | train | 0    
---------------------------------------------------------
90.0 M    Trainable params
0         Non-trainable params
90.0 M    Total params
359.987   Total estimated model params size (MB)
288       Modules in train mode
0         Modules in eval mode
0         Total Flops
SLURM auto-requeueing enabled. Setting signal handlers.
/cluster-site-redacted/jroth/envs/xview3-h100-fp32-dgx-a4af214a/lib/python3.11/site-packages/lightning/pytorch/utilities/_pytree.py:21: `isinstance(treespec, LeafSpec)` is deprecated, use `isinstance(treespec, TreeSpec) and treespec.is_leaf()` instead.
[satdino_b] matched=150 missing=0 unexpected=0

Training: |          | 0/? [00:00<?, ?it/s]
Training: |          | 0/? [00:00<?, ?it/s]
Epoch 0:   0%|          | 0/701 [00:00<?, ?it/s]
Epoch 0:   0%|          | 1/701 [00:01<15:05,  0.77it/s]
Epoch 0:   0%|          | 1/701 [00:01<15:05,  0.77it/s, v_num=rics, train_loss=85.60]
Epoch 0:   0%|          | 2/701 [00:01<08:09,  1.43it/s, v_num=rics, train_loss=85.60]
Epoch 0:   0%|          | 2/701 [00:01<09:15,  1.26it/s, v_num=rics, train_loss=58.90]
Epoch 0:   0%|          | 3/701 [00:01<06:33,  1.77it/s, v_num=rics, train_loss=58.90]
Epoch 0:   0%|          | 3/701 [00:01<07:17,  1.60it/s, v_num=rics, train_loss=59.50]
Epoch 0:   1%|          | 4/701 [00:01<05:45,  2.02it/s, v_num=rics, train_loss=59.50]
Epoch 0:   1%|          | 4/701 [00:02<06:18,  1.84it/s, v_num=rics, train_loss=20.60]
Epoch 0:   1%|          | 5/701 [00:02<05:16,  2.20it/s, v_num=rics, train_loss=20.60]
Epoch 0:   1%|          | 5/701 [00:02<05:42,  2.03it/s, v_num=rics, train_loss=15.70]
Epoch 0:   1%|          | 6/701 [00:02<04:57,  2.34it/s, v_num=rics, train_loss=15.70]
Epoch 0:   1%|          | 6/701 [00:02<05:18,  2.18it/s, v_num=rics, train_loss=7.850]
Epoch 0:   1%|          | 7/701 [00:02<04:43,  2.45it/s, v_num=rics, train_loss=7.850]
Epoch 0:   1%|          | 7/701 [00:03<05:01,  2.30it/s, v_num=rics, train_loss=6.210]
Epoch 0:   1%|          | 8/701 [00:03<04:32,  2.54it/s, v_num=rics, train_loss=6.210]
Epoch 0:   1%|          | 8/701 [00:03<04:48,  2.40it/s, v_num=rics, train_loss=6.830]
Epoch 0:   1%|▏         | 9/701 [00:03<04:24,  2.62it/s, v_num=rics, train_loss=6.830]
Epoch 0:   1%|▏         | 9/701 [00:03<04:38,  2.48it/s, v_num=rics, train_loss=4.620]
Epoch 0:   1%|▏         | 10/701 [00:03<04:17,  2.68it/s, v_num=rics, train_loss=4.620]
Epoch 0:   1%|▏         | 10/701 [00:03<04:30,  2.55it/s, v_num=rics, train_loss=3.810]
Epoch 0:   2%|▏         | 11/701 [00:04<04:12,  2.73it/s, v_num=rics, train_loss=3.810]
Epoch 0:   2%|▏         | 11/701 [00:04<04:24,  2.61it/s, v_num=rics, train_loss=3.710]
Epoch 0:   2%|▏         | 12/701 [00:04<04:07,  2.78it/s, v_num=rics, train_loss=3.710]
Epoch 0:   2%|▏         | 12/701 [00:04<04:18,  2.67it/s, v_num=rics, train_loss=3.860]
Epoch 0:   2%|▏         | 13/701 [00:04<04:03,  2.82it/s, v_num=rics, train_loss=3.860]
Epoch 0:   2%|▏         | 13/701 [00:04<04:13,  2.71it/s, v_num=rics, train_loss=3.510]
Epoch 0:   2%|▏         | 14/701 [00:04<04:00,  2.86it/s, v_num=rics, train_loss=3.510]
Epoch 0:   2%|▏         | 14/701 [00:05<04:09,  2.75it/s, v_num=rics, train_loss=3.530]
Epoch 0:   2%|▏         | 15/701 [00:05<03:57,  2.89it/s, v_num=rics, train_loss=3.530]
Epoch 0:   2%|▏         | 15/701 [00:05<04:05,  2.79it/s, v_num=rics, train_loss=3.460]
Epoch 0:   2%|▏         | 16/701 [00:05<03:54,  2.92it/s, v_num=rics, train_loss=3.460]
Epoch 0:   2%|▏         | 16/701 [00:05<04:02,  2.83it/s, v_num=rics, train_loss=3.550]
Epoch 0:   2%|▏         | 17/701 [00:05<03:52,  2.95it/s, v_num=rics, train_loss=3.550]
[... 70202 lines elided ...]
Epoch 49:  99%|█████████▊| 691/701 [03:21<00:02,  3.43it/s, v_num=rics, train_loss=0.000791, dev_f1=0.893]
Epoch 49:  99%|█████████▊| 692/701 [03:21<00:02,  3.43it/s, v_num=rics, train_loss=0.000791, dev_f1=0.893]
Epoch 49:  99%|█████████▊| 692/701 [03:21<00:02,  3.43it/s, v_num=rics, train_loss=0.00108, dev_f1=0.893] 
Epoch 49:  99%|█████████▉| 693/701 [03:21<00:02,  3.43it/s, v_num=rics, train_loss=0.00108, dev_f1=0.893]
Epoch 49:  99%|█████████▉| 693/701 [03:22<00:02,  3.43it/s, v_num=rics, train_loss=0.00162, dev_f1=0.893]
Epoch 49:  99%|█████████▉| 694/701 [03:22<00:02,  3.43it/s, v_num=rics, train_loss=0.00162, dev_f1=0.893]
Epoch 49:  99%|█████████▉| 694/701 [03:22<00:02,  3.43it/s, v_num=rics, train_loss=0.000497, dev_f1=0.893]
Epoch 49:  99%|█████████▉| 695/701 [03:22<00:01,  3.43it/s, v_num=rics, train_loss=0.000497, dev_f1=0.893]
Epoch 49:  99%|█████████▉| 695/701 [03:22<00:01,  3.43it/s, v_num=rics, train_loss=0.000816, dev_f1=0.893]
Epoch 49:  99%|█████████▉| 696/701 [03:22<00:01,  3.43it/s, v_num=rics, train_loss=0.000816, dev_f1=0.893]
Epoch 49:  99%|█████████▉| 696/701 [03:23<00:01,  3.43it/s, v_num=rics, train_loss=0.100, dev_f1=0.893]   
Epoch 49:  99%|█████████▉| 697/701 [03:23<00:01,  3.43it/s, v_num=rics, train_loss=0.100, dev_f1=0.893]
Epoch 49:  99%|█████████▉| 697/701 [03:23<00:01,  3.43it/s, v_num=rics, train_loss=0.00108, dev_f1=0.893]
Epoch 49: 100%|█████████▉| 698/701 [03:23<00:00,  3.43it/s, v_num=rics, train_loss=0.00108, dev_f1=0.893]
Epoch 49: 100%|█████████▉| 698/701 [03:23<00:00,  3.43it/s, v_num=rics, train_loss=0.00258, dev_f1=0.893]
Epoch 49: 100%|█████████▉| 699/701 [03:23<00:00,  3.43it/s, v_num=rics, train_loss=0.00258, dev_f1=0.893]
Epoch 49: 100%|█████████▉| 699/701 [03:23<00:00,  3.43it/s, v_num=rics, train_loss=0.000535, dev_f1=0.893]
Epoch 49: 100%|█████████▉| 700/701 [03:24<00:00,  3.43it/s, v_num=rics, train_loss=0.000535, dev_f1=0.893]
Epoch 49: 100%|█████████▉| 700/701 [03:24<00:00,  3.43it/s, v_num=rics, train_loss=0.00201, dev_f1=0.893] 
Epoch 49: 100%|██████████| 701/701 [03:24<00:00,  3.43it/s, v_num=rics, train_loss=0.00201, dev_f1=0.893]
Epoch 49: 100%|██████████| 701/701 [03:24<00:00,  3.43it/s, v_num=rics, train_loss=1.600, dev_f1=0.893]  [dev eval, checkpoint epoch 49] {'f1': 0.8932806324110671, 'precision': 0.9131313131313131, 'recall': 0.874274661508704, 'tp': 452, 'fp': 43, 'fn': 65, 'ignored_predictions': 63, 'threshold': 0.9013671875, 'n_candidates': 815, 'epoch': 49}

Epoch 49: 100%|██████████| 701/701 [09:56<00:00,  1.18it/s, v_num=rics, train_loss=1.600, dev_f1=0.893]`Trainer.fit` stopped: `max_epochs=50` reached.

Epoch 49: 100%|██████████| 701/701 [10:02<00:00,  1.16it/s, v_num=rics, train_loss=1.600, dev_f1=0.893]
{
 "result_schema": 2,
 "exp_id": "satdino-f10-s0",
 "git_sha": "06b2e61dbb85dc5fa5a5d5853f9ba15f6a87dca9",
 "detector_sha256": "c42ae65bf9045cc93f0d73ae1437b2f6a1300670cb49d8e93f83a39d58a62a12",
 "precision": "32-true",
 "micro_batch": 16,
 "gradient_accumulation": 1,
 "effective_batch": 16,
 "epochs_run": 50,
 "best_dev_f1": 0.8932806324110671,
 "best_dev": {
  "f1": 0.8932806324110671,
  "precision": 0.9131313131313131,
  "recall": 0.874274661508704,
  "tp": 452,
  "fp": 43,
  "fn": 65,
  "ignored_predictions": 63,
  "threshold": 0.9013671875,
  "n_candidates": 815,
  "epoch": 49
 },
 "best_checkpoint": {
  "relative_path": "checkpoints/best.ckpt",
  "sha256": "26a6654192bda9624affc93a210bd92f512803a12e7eb40fdbec6db7d3dd0074",
  "epoch": 49
 },
 "last_dev": {
  "f1": 0.8932806324110671,
  "precision": 0.9131313131313131,
  "recall": 0.874274661508704,
  "tp": 452,
  "fp": 43,
  "fn": 65,
  "ignored_predictions": 63,
  "threshold": 0.9013671875,
  "n_candidates": 815,
  "epoch": 49
 },
 "train_loss": 1.5979036092758179,
 "h100_runtime_contract": {
  "schema": 1,
  "status": "verified",
  "pre_trainer": {
   "schema": 1,
   "status": "verified",
   "stage": "pre-trainer",
   "precision": "32-true",
   "devices": 1,
   "micro_batch": 16,
   "gradient_accumulation": 1,
   "effective_batch": 16,
   "strict_fp32": {
    "cuda_matmul_fp32_precision": "ieee",
    "cudnn_conv_fp32_precision": "ieee",
    "cudnn_rnn_fp32_precision": "ieee"
   },
   "autocast": {
    "global": false,
    "cuda": false,
    "cpu": false
   },
   "process": {
    "WORLD_SIZE": "unset",
    "SLURM_NTASKS": "1",
    "effective_world_size": 1
   },
   "model": {
    "floating_parameter_count": 160,
    "floating_parameter_dtypes": [
     "torch.float32"
    ]
   }
  },
  "resolved_trainer": {
   "accelerator": "lightning.pytorch.accelerators.cuda.CUDAAccelerator",
   "precision_plugin": "lightning.pytorch.plugins.precision.precision.Precision",
   "precision": "32-true",
   "gradient_scaler": null,
   "strategy": "lightning.pytorch.strategies.single_device.SingleDeviceStrategy",
   "root_device_type": "cuda",
   "root_device_index": 0,
   "num_devices": 1,
   "world_size": 1,
   "device_ids": [
    0
   ],
   "gradient_accumulation": 1
  }
 }
}
[2026-10-02T00:13:02] satdino-f10-s0: scoring frozen TEST with cohort-bound best-dev threshold
[2026-10-02T00:25:53] satdino-f10-s0: test F1 0.8064; near-shore F1 0.3636 on 2 GT
[2026-10-02T00:25:53] scored 1 runs
