# Excerpt of the full H100 training log for vitin1k-f10-s0.
# Full log: 70338 lines, sha256 39310d75d068bf26866ea9a416096af1cccda0c48111716190b8c26501d3eafd (operator archive).
# Site paths redacted: /projects/geofam -> /cluster-site-redacted.
[rank: 0] Seed set to 0
GPU available: True (cuda), used: True
TPU available: False, using: 0 TPU cores
💡 Tip: For seamless cloud logging and experiment tracking, try installing [litlogger](https://pypi.org/project/litlogger/) to enable LitLogger, which logs metrics and artifacts automatically to the Lightning Experiments platform.
/cluster-site-redacted/jroth/envs/xview3-h100-fp32-dgx-a4af214a/lib/python3.11/site-packages/lightning/pytorch/trainer/configuration_validator.py:70: You defined a `validation_step` but have no `val_dataloader`. Skipping val loop.
You are using a CUDA device ('NVIDIA H100 80GB HBM3') that has Tensor Cores. To properly utilize them, you should set `torch.set_float32_matmul_precision('medium' | 'high')` which will trade-off precision for performance. For more details, read https://pytorch.org/docs/stable/generated/torch.set_float32_matmul_precision.html#torch.set_float32_matmul_precision
LOCAL_RANK: 0 - CUDA_VISIBLE_DEVICES: [1]

  | Name     | Type        | Params | Mode  | FLOPs
---------------------------------------------------------
0 | backbone | ViTBackbone | 85.8 M | train | 0    
1 | head     | HeatmapHead | 4.2 M  | train | 0    
---------------------------------------------------------
90.0 M    Trainable params
0         Non-trainable params
90.0 M    Total params
359.987   Total estimated model params size (MB)
288       Modules in train mode
0         Modules in eval mode
0         Total Flops
SLURM auto-requeueing enabled. Setting signal handlers.
/cluster-site-redacted/jroth/envs/xview3-h100-fp32-dgx-a4af214a/lib/python3.11/site-packages/lightning/pytorch/utilities/_pytree.py:21: `isinstance(treespec, LeafSpec)` is deprecated, use `isinstance(treespec, TreeSpec) and treespec.is_leaf()` instead.
[vit_imagenet] matched=150 missing=0 unexpected=0

Training: |          | 0/? [00:00<?, ?it/s]
Training: |          | 0/? [00:00<?, ?it/s]
Epoch 0:   0%|          | 0/701 [00:00<?, ?it/s]
Epoch 0:   0%|          | 1/701 [00:01<16:06,  0.72it/s]
Epoch 0:   0%|          | 1/701 [00:01<16:07,  0.72it/s, v_num=rics, train_loss=98.60]
Epoch 0:   0%|          | 2/701 [00:01<08:39,  1.35it/s, v_num=rics, train_loss=98.60]
Epoch 0:   0%|          | 2/701 [00:01<09:44,  1.20it/s, v_num=rics, train_loss=65.60]
Epoch 0:   0%|          | 3/701 [00:01<06:54,  1.68it/s, v_num=rics, train_loss=65.60]
Epoch 0:   0%|          | 3/701 [00:01<07:37,  1.53it/s, v_num=rics, train_loss=69.50]
Epoch 0:   1%|          | 4/701 [00:02<06:00,  1.93it/s, v_num=rics, train_loss=69.50]
Epoch 0:   1%|          | 4/701 [00:02<06:33,  1.77it/s, v_num=rics, train_loss=23.80]
Epoch 0:   1%|          | 5/701 [00:02<05:28,  2.12it/s, v_num=rics, train_loss=23.80]
Epoch 0:   1%|          | 5/701 [00:02<05:54,  1.96it/s, v_num=rics, train_loss=17.70]
Epoch 0:   1%|          | 6/701 [00:02<05:07,  2.26it/s, v_num=rics, train_loss=17.70]
Epoch 0:   1%|          | 6/701 [00:02<05:28,  2.11it/s, v_num=rics, train_loss=8.810]
Epoch 0:   1%|          | 7/701 [00:02<04:51,  2.38it/s, v_num=rics, train_loss=8.810]
Epoch 0:   1%|          | 7/701 [00:03<05:10,  2.24it/s, v_num=rics, train_loss=6.500]
Epoch 0:   1%|          | 8/701 [00:03<04:40,  2.47it/s, v_num=rics, train_loss=6.500]
Epoch 0:   1%|          | 8/701 [00:03<04:56,  2.34it/s, v_num=rics, train_loss=7.680]
Epoch 0:   1%|▏         | 9/701 [00:03<04:31,  2.55it/s, v_num=rics, train_loss=7.680]
Epoch 0:   1%|▏         | 9/701 [00:03<04:45,  2.42it/s, v_num=rics, train_loss=5.420]
Epoch 0:   1%|▏         | 10/701 [00:03<04:23,  2.62it/s, v_num=rics, train_loss=5.420]
Epoch 0:   1%|▏         | 10/701 [00:04<04:36,  2.50it/s, v_num=rics, train_loss=4.340]
Epoch 0:   2%|▏         | 11/701 [00:04<04:18,  2.67it/s, v_num=rics, train_loss=4.340]
Epoch 0:   2%|▏         | 11/701 [00:04<04:29,  2.56it/s, v_num=rics, train_loss=4.090]
Epoch 0:   2%|▏         | 12/701 [00:04<04:12,  2.72it/s, v_num=rics, train_loss=4.090]
Epoch 0:   2%|▏         | 12/701 [00:04<04:23,  2.61it/s, v_num=rics, train_loss=3.970]
Epoch 0:   2%|▏         | 13/701 [00:04<04:08,  2.77it/s, v_num=rics, train_loss=3.970]
Epoch 0:   2%|▏         | 13/701 [00:04<04:18,  2.66it/s, v_num=rics, train_loss=3.900]
Epoch 0:   2%|▏         | 14/701 [00:04<04:04,  2.81it/s, v_num=rics, train_loss=3.900]
Epoch 0:   2%|▏         | 14/701 [00:05<04:13,  2.71it/s, v_num=rics, train_loss=4.240]
Epoch 0:   2%|▏         | 15/701 [00:05<04:01,  2.84it/s, v_num=rics, train_loss=4.240]
Epoch 0:   2%|▏         | 15/701 [00:05<04:09,  2.74it/s, v_num=rics, train_loss=3.850]
Epoch 0:   2%|▏         | 16/701 [00:05<03:58,  2.87it/s, v_num=rics, train_loss=3.850]
Epoch 0:   2%|▏         | 16/701 [00:05<04:06,  2.78it/s, v_num=rics, train_loss=3.890]
Epoch 0:   2%|▏         | 17/701 [00:05<03:55,  2.90it/s, v_num=rics, train_loss=3.890]
[... 70158 lines elided ...]
Epoch 49:  95%|█████████▌| 669/701 [03:15<00:09,  3.42it/s, v_num=rics, train_loss=0.00125, dev_f1=0.893]
Epoch 49:  96%|█████████▌| 670/701 [03:15<00:09,  3.42it/s, v_num=rics, train_loss=0.00125, dev_f1=0.893]
Epoch 49:  96%|█████████▌| 670/701 [03:15<00:09,  3.42it/s, v_num=rics, train_loss=0.00201, dev_f1=0.893]
Epoch 49:  96%|█████████▌| 671/701 [03:15<00:08,  3.42it/s, v_num=rics, train_loss=0.00201, dev_f1=0.893]
Epoch 49:  96%|█████████▌| 671/701 [03:16<00:08,  3.42it/s, v_num=rics, train_loss=0.00154, dev_f1=0.893]
Epoch 49:  96%|█████████▌| 672/701 [03:16<00:08,  3.42it/s, v_num=rics, train_loss=0.00154, dev_f1=0.893]
Epoch 49:  96%|█████████▌| 672/701 [03:16<00:08,  3.42it/s, v_num=rics, train_loss=0.00224, dev_f1=0.893]
Epoch 49:  96%|█████████▌| 673/701 [03:16<00:08,  3.42it/s, v_num=rics, train_loss=0.00224, dev_f1=0.893]
Epoch 49:  96%|█████████▌| 673/701 [03:16<00:08,  3.42it/s, v_num=rics, train_loss=0.00174, dev_f1=0.893]
Epoch 49:  96%|█████████▌| 674/701 [03:16<00:07,  3.42it/s, v_num=rics, train_loss=0.00174, dev_f1=0.893]
Epoch 49:  96%|█████████▌| 674/701 [03:16<00:07,  3.42it/s, v_num=rics, train_loss=0.00171, dev_f1=0.893]
Epoch 49:  96%|█████████▋| 675/701 [03:17<00:07,  3.42it/s, v_num=rics, train_loss=0.00171, dev_f1=0.893]
Epoch 49:  96%|█████████▋| 675/701 [03:17<00:07,  3.42it/s, v_num=rics, train_loss=0.00112, dev_f1=0.893]
Epoch 49:  96%|█████████▋| 676/701 [03:17<00:07,  3.42it/s, v_num=rics, train_loss=0.00112, dev_f1=0.893]
Epoch 49:  96%|█████████▋| 676/701 [03:17<00:07,  3.42it/s, v_num=rics, train_loss=0.00182, dev_f1=0.893]
Epoch 49:  97%|█████████▋| 677/701 [03:17<00:07,  3.42it/s, v_num=rics, train_loss=0.00182, dev_f1=0.893]
Epoch 49:  97%|█████████▋| 677/701 [03:17<00:07,  3.42it/s, v_num=rics, train_loss=0.0051, dev_f1=0.893] 
Epoch 49:  97%|█████████▋| 678/701 [03:17<00:06,  3.42it/s, v_num=rics, train_loss=0.0051, dev_f1=0.893]
Epoch 49:  97%|█████████▋| 678/701 [03:18<00:06,  3.42it/s, v_num=rics, train_loss=0.0921, dev_f1=0.893]
Epoch 49:  97%|█████████▋| 679/701 [03:18<00:06,  3.42it/s, v_num=rics, train_loss=0.0921, dev_f1=0.893]
Epoch 49:  97%|█████████▋| 679/701 [03:18<00:06,  3.42it/s, v_num=rics, train_loss=0.000941, dev_f1=0.893]
Epoch 49:  97%|█████████▋| 680/701 [03:18<00:06,  3.42it/s, v_num=rics, train_loss=0.000941, dev_f1=0.893]
Epoch 49:  97%|█████████▋| 680/701 [03:18<00:06,  3.42it/s, v_num=rics, train_loss=0.001, dev_f1=0.893]   
Epoch 49:  97%|█████████▋| 681/701 [03:18<00:05,  3.42it/s, v_num=rics, train_loss=0.001, dev_f1=0.893]
Epoch 49:  97%|█████████▋| 681/701 [03:19<00:05,  3.42it/s, v_num=rics, train_loss=0.00227, dev_f1=0.893]
Epoch 49:  97%|█████████▋| 682/701 [03:19<00:05,  3.42it/s, v_num=rics, train_loss=0.00227, dev_f1=0.893]
Epoch 49:  97%|█████████▋| 682/701 [03:19<00:05,  3.42it/s, v_num=rics, train_loss=0.000878, dev_f1=0.893]
Epoch 49:  97%|█████████▋| 683/701 [03:19<00:05,  3.42it/s, v_num=rics, train_loss=0.000878, dev_f1=0.893]
Epoch 49:  97%|█████████▋| 683/701 [03:19<00:05,  3.42it/s, v_num=rics, train_loss=0.143, dev_f1=0.893]   
Epoch 49:  98%|█████████▊| 684/701 [03:19<00:04,  3.42it/s, v_num=rics, train_loss=0.143, dev_f1=0.893]
Epoch 49:  98%|█████████▊| 684/701 [03:19<00:04,  3.42it/s, v_num=rics, train_loss=0.00162, dev_f1=0.893]
Epoch 49:  98%|█████████▊| 685/701 [03:20<00:04,  3.42it/s, v_num=rics, train_loss=0.00162, dev_f1=0.893]
Epoch 49:  98%|█████████▊| 685/701 [03:20<00:04,  3.42it/s, v_num=rics, train_loss=0.0192, dev_f1=0.893] 
Epoch 49:  98%|█████████▊| 686/701 [03:20<00:04,  3.42it/s, v_num=rics, train_loss=0.0192, dev_f1=0.893]
Epoch 49:  98%|█████████▊| 686/701 [03:20<00:04,  3.42it/s, v_num=rics, train_loss=0.00162, dev_f1=0.893]
Epoch 49:  98%|█████████▊| 687/701 [03:20<00:04,  3.42it/s, v_num=rics, train_loss=0.00162, dev_f1=0.893]
Epoch 49:  98%|█████████▊| 687/701 [03:20<00:04,  3.42it/s, v_num=rics, train_loss=0.00107, dev_f1=0.893]
Epoch 49:  98%|█████████▊| 688/701 [03:20<00:03,  3.42it/s, v_num=rics, train_loss=0.00107, dev_f1=0.893]
Epoch 49:  98%|█████████▊| 688/701 [03:21<00:03,  3.42it/s, v_num=rics, train_loss=0.000926, dev_f1=0.893]
Epoch 49:  98%|█████████▊| 689/701 [03:21<00:03,  3.42it/s, v_num=rics, train_loss=0.000926, dev_f1=0.893]
Epoch 49:  98%|█████████▊| 689/701 [03:21<00:03,  3.42it/s, v_num=rics, train_loss=0.00134, dev_f1=0.893] 
Epoch 49:  98%|█████████▊| 690/701 [03:21<00:03,  3.42it/s, v_num=rics, train_loss=0.00134, dev_f1=0.893]
Epoch 49:  98%|█████████▊| 690/701 [03:21<00:03,  3.42it/s, v_num=rics, train_loss=0.00239, dev_f1=0.893]
Epoch 49:  99%|█████████▊| 691/701 [03:21<00:02,  3.42it/s, v_num=rics, train_loss=0.00239, dev_f1=0.893]
Epoch 49:  99%|█████████▊| 691/701 [03:21<00:02,  3.42it/s, v_num=rics, train_loss=0.00139, dev_f1=0.893]
Epoch 49:  99%|█████████▊| 692/701 [03:22<00:02,  3.42it/s, v_num=rics, train_loss=0.00139, dev_f1=0.893]
Epoch 49:  99%|█████████▊| 692/701 [03:22<00:02,  3.42it/s, v_num=rics, train_loss=0.001, dev_f1=0.893]  
Epoch 49:  99%|█████████▉| 693/701 [03:22<00:02,  3.42it/s, v_num=rics, train_loss=0.001, dev_f1=0.893]
Epoch 49:  99%|█████████▉| 693/701 [03:22<00:02,  3.42it/s, v_num=rics, train_loss=0.00128, dev_f1=0.893]
Epoch 49:  99%|█████████▉| 694/701 [03:22<00:02,  3.42it/s, v_num=rics, train_loss=0.00128, dev_f1=0.893]
Epoch 49:  99%|█████████▉| 694/701 [03:22<00:02,  3.42it/s, v_num=rics, train_loss=0.000661, dev_f1=0.893]
Epoch 49:  99%|█████████▉| 695/701 [03:22<00:01,  3.42it/s, v_num=rics, train_loss=0.000661, dev_f1=0.893]
Epoch 49:  99%|█████████▉| 695/701 [03:23<00:01,  3.42it/s, v_num=rics, train_loss=0.00135, dev_f1=0.893] 
Epoch 49:  99%|█████████▉| 696/701 [03:23<00:01,  3.42it/s, v_num=rics, train_loss=0.00135, dev_f1=0.893]
Epoch 49:  99%|█████████▉| 696/701 [03:23<00:01,  3.42it/s, v_num=rics, train_loss=0.109, dev_f1=0.893]  
Epoch 49:  99%|█████████▉| 697/701 [03:23<00:01,  3.42it/s, v_num=rics, train_loss=0.109, dev_f1=0.893]
Epoch 49:  99%|█████████▉| 697/701 [03:23<00:01,  3.42it/s, v_num=rics, train_loss=0.00138, dev_f1=0.893]
Epoch 49: 100%|█████████▉| 698/701 [03:23<00:00,  3.42it/s, v_num=rics, train_loss=0.00138, dev_f1=0.893]
Epoch 49: 100%|█████████▉| 698/701 [03:23<00:00,  3.42it/s, v_num=rics, train_loss=0.00149, dev_f1=0.893]
Epoch 49: 100%|█████████▉| 699/701 [03:24<00:00,  3.42it/s, v_num=rics, train_loss=0.00149, dev_f1=0.893]
Epoch 49: 100%|█████████▉| 699/701 [03:24<00:00,  3.42it/s, v_num=rics, train_loss=0.0011, dev_f1=0.893] 
Epoch 49: 100%|█████████▉| 700/701 [03:24<00:00,  3.42it/s, v_num=rics, train_loss=0.0011, dev_f1=0.893]
Epoch 49: 100%|█████████▉| 700/701 [03:24<00:00,  3.42it/s, v_num=rics, train_loss=0.0044, dev_f1=0.893]
Epoch 49: 100%|██████████| 701/701 [03:24<00:00,  3.42it/s, v_num=rics, train_loss=0.0044, dev_f1=0.893]
Epoch 49: 100%|██████████| 701/701 [03:24<00:00,  3.42it/s, v_num=rics, train_loss=0.306, dev_f1=0.893] Handling auto-requeue signal: 10
`weights_only` was not set, defaulting to `False`.
requeing job 651465...
Requeued SLURM job: 651465

Detected KeyboardInterrupt, attempting graceful shutdown ...

Epoch 49: 100%|██████████| 701/701 [04:46<00:00,  2.45it/s, v_num=rics, train_loss=0.306, dev_f1=0.893][rank: 0] Seed set to 0
GPU available: True (cuda), used: True
TPU available: False, using: 0 TPU cores
💡 Tip: For seamless cloud logging and experiment tracking, try installing [litlogger](https://pypi.org/project/litlogger/) to enable LitLogger, which logs metrics and artifacts automatically to the Lightning Experiments platform.
/cluster-site-redacted/jroth/envs/xview3-h100-fp32-dgx-a4af214a/lib/python3.11/site-packages/lightning/pytorch/trainer/configuration_validator.py:70: You defined a `validation_step` but have no `val_dataloader`. Skipping val loop.
You are using a CUDA device ('NVIDIA H100 80GB HBM3') that has Tensor Cores. To properly utilize them, you should set `torch.set_float32_matmul_precision('medium' | 'high')` which will trade-off precision for performance. For more details, read https://pytorch.org/docs/stable/generated/torch.set_float32_matmul_precision.html#torch.set_float32_matmul_precision
/cluster-site-redacted/jroth/envs/xview3-h100-fp32-dgx-a4af214a/lib/python3.11/site-packages/lightning/fabric/loggers/csv_logs.py:268: Experiment logs directory runs/vitin1k-f10-s0/metrics exists and is not empty. Previous log files in this directory will be deleted when the new ones are saved!
/cluster-site-redacted/jroth/envs/xview3-h100-fp32-dgx-a4af214a/lib/python3.11/site-packages/lightning/pytorch/callbacks/model_checkpoint.py:881: Checkpoint directory /cluster-site-redacted/jroth/xview3-h100-runs-replacement-06b2e61/vitin1k-f10-s0/checkpoints exists and is not empty.
Restoring states from the checkpoint path at runs/vitin1k-f10-s0/checkpoints/last.ckpt
LOCAL_RANK: 0 - CUDA_VISIBLE_DEVICES: [1]

  | Name     | Type        | Params | Mode  | FLOPs
---------------------------------------------------------
0 | backbone | ViTBackbone | 85.8 M | train | 0    
1 | head     | HeatmapHead | 4.2 M  | train | 0    
---------------------------------------------------------
90.0 M    Trainable params
0         Non-trainable params
90.0 M    Total params
359.987   Total estimated model params size (MB)
288       Modules in train mode
0         Modules in eval mode
0         Total Flops
Restored all states from the checkpoint at runs/vitin1k-f10-s0/checkpoints/last.ckpt
SLURM auto-requeueing enabled. Setting signal handlers.
/cluster-site-redacted/jroth/envs/xview3-h100-fp32-dgx-a4af214a/lib/python3.11/site-packages/lightning/pytorch/utilities/_pytree.py:21: `isinstance(treespec, LeafSpec)` is deprecated, use `isinstance(treespec, TreeSpec) and treespec.is_leaf()` instead.
[vit_imagenet] matched=150 missing=0 unexpected=0
`Trainer.fit` stopped: `max_epochs=50` reached.
Traceback (most recent call last):
  File "<frozen runpy>", line 198, in _run_module_as_main
  File "<frozen runpy>", line 88, in _run_code
  File "/local/xview3-651465-r1/repo/src/train/finetune.py", line 997, in <module>
    raise SystemExit(main())
                     ^^^^^^
  File "/local/xview3-651465-r1/repo/src/train/finetune.py", line 502, in main
    validate_completion_payload(
  File "/local/xview3-651465-r1/repo/src/eval/result_contract.py", line 414, in validate_completion_payload
    _finite_number(payload.get("train_loss"), field="train_loss")
  File "/local/xview3-651465-r1/repo/src/eval/result_contract.py", line 90, in _finite_number
    raise ResultContractError(f"{field} must be a finite number")
src.eval.result_contract.ResultContractError: train_loss must be a finite number
[rank: 0] Seed set to 0
GPU available: True (cuda), used: True
TPU available: False, using: 0 TPU cores
💡 Tip: For seamless cloud logging and experiment tracking, try installing [litlogger](https://pypi.org/project/litlogger/) to enable LitLogger, which logs metrics and artifacts automatically to the Lightning Experiments platform.
{"added_training_steps": 0, "exp_id": "vitin1k-f10-s0", "result_schema": 3, "status": "terminal-recovery-complete"}
[2026-10-02T00:39:50] vitin1k-f10-s0: scoring frozen TEST with cohort-bound best-dev threshold
[2026-10-02T00:52:28] vitin1k-f10-s0: test F1 0.8129; near-shore F1 0.0000 on 2 GT
[2026-10-02T00:52:28] scored 1 runs
