# Excerpt of the full H100 training log for vitin1k-f50-s0.
# Full log: 331282 lines, sha256 e22cb44168c3988793be28008d00db979ee336377ad0bca792c1a7b912e2088b (operator archive).
# Site paths redacted: /projects/geofam -> /cluster-site-redacted.
[rank: 0] Seed set to 0
GPU available: True (cuda), used: True
TPU available: False, using: 0 TPU cores
💡 Tip: For seamless cloud logging and experiment tracking, try installing [litlogger](https://pypi.org/project/litlogger/) to enable LitLogger, which logs metrics and artifacts automatically to the Lightning Experiments platform.
/cluster-site-redacted/jroth/envs/xview3-h100-fp32-dgx-a4af214a/lib/python3.11/site-packages/lightning/pytorch/trainer/configuration_validator.py:70: You defined a `validation_step` but have no `val_dataloader`. Skipping val loop.
You are using a CUDA device ('NVIDIA H100 80GB HBM3') that has Tensor Cores. To properly utilize them, you should set `torch.set_float32_matmul_precision('medium' | 'high')` which will trade-off precision for performance. For more details, read https://pytorch.org/docs/stable/generated/torch.set_float32_matmul_precision.html#torch.set_float32_matmul_precision
LOCAL_RANK: 0 - CUDA_VISIBLE_DEVICES: [2]

  | Name     | Type        | Params | Mode  | FLOPs
---------------------------------------------------------
0 | backbone | ViTBackbone | 85.8 M | train | 0    
1 | head     | HeatmapHead | 4.2 M  | train | 0    
---------------------------------------------------------
90.0 M    Trainable params
0         Non-trainable params
90.0 M    Total params
359.987   Total estimated model params size (MB)
288       Modules in train mode
0         Modules in eval mode
0         Total Flops
SLURM auto-requeueing enabled. Setting signal handlers.
/cluster-site-redacted/jroth/envs/xview3-h100-fp32-dgx-a4af214a/lib/python3.11/site-packages/lightning/pytorch/utilities/_pytree.py:21: `isinstance(treespec, LeafSpec)` is deprecated, use `isinstance(treespec, TreeSpec) and treespec.is_leaf()` instead.
[vit_imagenet] matched=150 missing=0 unexpected=0

Training: |          | 0/? [00:00<?, ?it/s]
Training: |          | 0/? [00:00<?, ?it/s]
Epoch 0:   0%|          | 0/3310 [00:00<?, ?it/s]
Epoch 0:   0%|          | 1/3310 [00:01<1:11:30,  0.77it/s]
Epoch 0:   0%|          | 1/3310 [00:01<1:11:32,  0.77it/s, v_num=rics, train_loss=110.0]
Epoch 0:   0%|          | 2/3310 [00:01<38:46,  1.42it/s, v_num=rics, train_loss=110.0]  
Epoch 0:   0%|          | 2/3310 [00:01<43:50,  1.26it/s, v_num=rics, train_loss=96.70]
Epoch 0:   0%|          | 3/3310 [00:01<31:07,  1.77it/s, v_num=rics, train_loss=96.70]
Epoch 0:   0%|          | 3/3310 [00:01<34:33,  1.59it/s, v_num=rics, train_loss=28.10]
Epoch 0:   0%|          | 4/3310 [00:01<27:20,  2.01it/s, v_num=rics, train_loss=28.10]
Epoch 0:   0%|          | 4/3310 [00:02<29:55,  1.84it/s, v_num=rics, train_loss=33.70]
Epoch 0:   0%|          | 5/3310 [00:02<25:04,  2.20it/s, v_num=rics, train_loss=33.70]
Epoch 0:   0%|          | 5/3310 [00:02<27:08,  2.03it/s, v_num=rics, train_loss=18.30]
Epoch 0:   0%|          | 6/3310 [00:02<23:37,  2.33it/s, v_num=rics, train_loss=18.30]
Epoch 0:   0%|          | 6/3310 [00:02<25:18,  2.18it/s, v_num=rics, train_loss=7.250]
Epoch 0:   0%|          | 7/3310 [00:02<22:29,  2.45it/s, v_num=rics, train_loss=7.250]
Epoch 0:   0%|          | 7/3310 [00:03<23:58,  2.30it/s, v_num=rics, train_loss=7.580]
Epoch 0:   0%|          | 8/3310 [00:03<21:40,  2.54it/s, v_num=rics, train_loss=7.580]
Epoch 0:   0%|          | 8/3310 [00:03<22:57,  2.40it/s, v_num=rics, train_loss=5.700]
Epoch 0:   0%|          | 9/3310 [00:03<21:02,  2.62it/s, v_num=rics, train_loss=5.700]
Epoch 0:   0%|          | 9/3310 [00:03<22:10,  2.48it/s, v_num=rics, train_loss=5.710]
Epoch 0:   0%|          | 10/3310 [00:03<20:31,  2.68it/s, v_num=rics, train_loss=5.710]
Epoch 0:   0%|          | 10/3310 [00:03<21:32,  2.55it/s, v_num=rics, train_loss=4.660]
Epoch 0:   0%|          | 11/3310 [00:04<20:06,  2.73it/s, v_num=rics, train_loss=4.660]
Epoch 0:   0%|          | 11/3310 [00:04<21:02,  2.61it/s, v_num=rics, train_loss=4.320]
Epoch 0:   0%|          | 12/3310 [00:04<19:45,  2.78it/s, v_num=rics, train_loss=4.320]
Epoch 0:   0%|          | 12/3310 [00:04<20:36,  2.67it/s, v_num=rics, train_loss=5.250]
Epoch 0:   0%|          | 13/3310 [00:04<19:28,  2.82it/s, v_num=rics, train_loss=5.250]
Epoch 0:   0%|          | 13/3310 [00:04<20:15,  2.71it/s, v_num=rics, train_loss=3.880]
Epoch 0:   0%|          | 14/3310 [00:04<19:12,  2.86it/s, v_num=rics, train_loss=3.880]
Epoch 0:   0%|          | 14/3310 [00:05<19:56,  2.75it/s, v_num=rics, train_loss=4.320]
Epoch 0:   0%|          | 15/3310 [00:05<18:58,  2.89it/s, v_num=rics, train_loss=4.320]
Epoch 0:   0%|          | 15/3310 [00:05<19:40,  2.79it/s, v_num=rics, train_loss=4.320]
Epoch 0:   0%|          | 16/3310 [00:05<18:47,  2.92it/s, v_num=rics, train_loss=4.320]
Epoch 0:   0%|          | 16/3310 [00:05<19:25,  2.83it/s, v_num=rics, train_loss=4.090]
Epoch 0:   1%|          | 17/3310 [00:05<18:37,  2.95it/s, v_num=rics, train_loss=4.090]
[... 331102 lines elided ...]
Epoch 49: 100%|█████████▉| 3300/3310 [16:03<00:02,  3.43it/s, v_num=rics, train_loss=0.000768, dev_f1=0.920]
Epoch 49: 100%|█████████▉| 3301/3310 [16:03<00:02,  3.43it/s, v_num=rics, train_loss=0.000768, dev_f1=0.920]
Epoch 49: 100%|█████████▉| 3301/3310 [16:03<00:02,  3.43it/s, v_num=rics, train_loss=0.000575, dev_f1=0.920]
Epoch 49: 100%|█████████▉| 3302/3310 [16:03<00:02,  3.43it/s, v_num=rics, train_loss=0.000575, dev_f1=0.920]
Epoch 49: 100%|█████████▉| 3302/3310 [16:03<00:02,  3.43it/s, v_num=rics, train_loss=0.000682, dev_f1=0.920]
Epoch 49: 100%|█████████▉| 3303/3310 [16:03<00:02,  3.43it/s, v_num=rics, train_loss=0.000682, dev_f1=0.920]
Epoch 49: 100%|█████████▉| 3303/3310 [16:04<00:02,  3.43it/s, v_num=rics, train_loss=0.00101, dev_f1=0.920] 
Epoch 49: 100%|█████████▉| 3304/3310 [16:04<00:01,  3.43it/s, v_num=rics, train_loss=0.00101, dev_f1=0.920]
Epoch 49: 100%|█████████▉| 3304/3310 [16:04<00:01,  3.43it/s, v_num=rics, train_loss=0.0156, dev_f1=0.920] 
Epoch 49: 100%|█████████▉| 3305/3310 [16:04<00:01,  3.43it/s, v_num=rics, train_loss=0.0156, dev_f1=0.920]
Epoch 49: 100%|█████████▉| 3305/3310 [16:04<00:01,  3.43it/s, v_num=rics, train_loss=0.00582, dev_f1=0.920]
Epoch 49: 100%|█████████▉| 3306/3310 [16:04<00:01,  3.43it/s, v_num=rics, train_loss=0.00582, dev_f1=0.920]
Epoch 49: 100%|█████████▉| 3306/3310 [16:04<00:01,  3.43it/s, v_num=rics, train_loss=0.000652, dev_f1=0.920]
Epoch 49: 100%|█████████▉| 3307/3310 [16:04<00:00,  3.43it/s, v_num=rics, train_loss=0.000652, dev_f1=0.920]
Epoch 49: 100%|█████████▉| 3307/3310 [16:05<00:00,  3.43it/s, v_num=rics, train_loss=0.000899, dev_f1=0.920]
Epoch 49: 100%|█████████▉| 3308/3310 [16:05<00:00,  3.43it/s, v_num=rics, train_loss=0.000899, dev_f1=0.920]
Epoch 49: 100%|█████████▉| 3308/3310 [16:05<00:00,  3.43it/s, v_num=rics, train_loss=0.610, dev_f1=0.920]   
Epoch 49: 100%|█████████▉| 3309/3310 [16:05<00:00,  3.43it/s, v_num=rics, train_loss=0.610, dev_f1=0.920]
Epoch 49: 100%|█████████▉| 3309/3310 [16:05<00:00,  3.43it/s, v_num=rics, train_loss=0.0699, dev_f1=0.920]
Epoch 49: 100%|██████████| 3310/3310 [16:05<00:00,  3.43it/s, v_num=rics, train_loss=0.0699, dev_f1=0.920]
Epoch 49: 100%|██████████| 3310/3310 [16:06<00:00,  3.43it/s, v_num=rics, train_loss=0.00126, dev_f1=0.920][dev eval, checkpoint epoch 49] {'f1': 0.921875, 'precision': 0.9309664694280079, 'recall': 0.9129593810444874, 'tp': 472, 'fp': 35, 'fn': 45, 'ignored_predictions': 69, 'threshold': 0.92724609375, 'n_candidates': 765, 'epoch': 49}

Epoch 49: 100%|██████████| 3310/3310 [22:58<00:00,  2.40it/s, v_num=rics, train_loss=0.00126, dev_f1=0.922]`Trainer.fit` stopped: `max_epochs=50` reached.

Epoch 49: 100%|██████████| 3310/3310 [22:58<00:00,  2.40it/s, v_num=rics, train_loss=0.00126, dev_f1=0.922]
{
 "result_schema": 2,
 "exp_id": "vitin1k-f50-s0",
 "git_sha": "06b2e61dbb85dc5fa5a5d5853f9ba15f6a87dca9",
 "detector_sha256": "c42ae65bf9045cc93f0d73ae1437b2f6a1300670cb49d8e93f83a39d58a62a12",
 "precision": "32-true",
 "micro_batch": 16,
 "gradient_accumulation": 1,
 "effective_batch": 16,
 "epochs_run": 50,
 "best_dev_f1": 0.9233716475095785,
 "best_dev": {
  "f1": 0.9233716475095785,
  "precision": 0.9146110056925996,
  "recall": 0.9323017408123792,
  "tp": 482,
  "fp": 45,
  "fn": 35,
  "ignored_predictions": 72,
  "threshold": 0.859375,
  "n_candidates": 769,
  "epoch": 39
 },
 "best_checkpoint": {
  "relative_path": "checkpoints/best.ckpt",
  "sha256": "f0d0deaa52f71ccc7d2339a1a2cea0ba98cdc7274fa01186aec5d14b5d39fafa",
  "epoch": 39
 },
 "last_dev": {
  "f1": 0.921875,
  "precision": 0.9309664694280079,
  "recall": 0.9129593810444874,
  "tp": 472,
  "fp": 35,
  "fn": 45,
  "ignored_predictions": 69,
  "threshold": 0.92724609375,
  "n_candidates": 765,
  "epoch": 49
 },
 "train_loss": 0.0012598331086337566,
 "h100_runtime_contract": {
  "schema": 1,
  "status": "verified",
  "pre_trainer": {
   "schema": 1,
   "status": "verified",
   "stage": "pre-trainer",
   "precision": "32-true",
   "devices": 1,
   "micro_batch": 16,
   "gradient_accumulation": 1,
   "effective_batch": 16,
   "strict_fp32": {
    "cuda_matmul_fp32_precision": "ieee",
    "cudnn_conv_fp32_precision": "ieee",
    "cudnn_rnn_fp32_precision": "ieee"
   },
   "autocast": {
    "global": false,
    "cuda": false,
    "cpu": false
   },
   "process": {
    "WORLD_SIZE": "unset",
    "SLURM_NTASKS": "1",
    "effective_world_size": 1
   },
   "model": {
    "floating_parameter_count": 160,
    "floating_parameter_dtypes": [
     "torch.float32"
    ]
   }
  },
  "resolved_trainer": {
   "accelerator": "lightning.pytorch.accelerators.cuda.CUDAAccelerator",
   "precision_plugin": "lightning.pytorch.plugins.precision.precision.Precision",
   "precision": "32-true",
   "gradient_scaler": null,
   "strategy": "lightning.pytorch.strategies.single_device.SingleDeviceStrategy",
   "root_device_type": "cuda",
   "root_device_index": 0,
   "num_devices": 1,
   "world_size": 1,
   "device_ids": [
    0
   ],
   "gradient_accumulation": 1
  }
 }
}
[2026-10-01T21:05:03] vitin1k-f50-s0: scoring frozen TEST with cohort-bound best-dev threshold
[2026-10-01T21:18:04] vitin1k-f50-s0: test F1 0.8589; near-shore F1 0.2222 on 2 GT
[2026-10-01T21:18:04] scored 1 runs
