# Excerpt of the full H100 training log for vitin1k-f25-s0.
# Full log: 166482 lines, sha256 02caeffe32439593ece5a26bf5bd15bedfbd6a224b8e5f67204e6d9e476328ee (operator archive).
# Site paths redacted: /projects/geofam -> /cluster-site-redacted.
[rank: 0] Seed set to 0
GPU available: True (cuda), used: True
TPU available: False, using: 0 TPU cores
💡 Tip: For seamless cloud logging and experiment tracking, try installing [litlogger](https://pypi.org/project/litlogger/) to enable LitLogger, which logs metrics and artifacts automatically to the Lightning Experiments platform.
/cluster-site-redacted/jroth/envs/xview3-h100-fp32-dgx-a4af214a/lib/python3.11/site-packages/lightning/pytorch/trainer/configuration_validator.py:70: You defined a `validation_step` but have no `val_dataloader`. Skipping val loop.
You are using a CUDA device ('NVIDIA H100 80GB HBM3') that has Tensor Cores. To properly utilize them, you should set `torch.set_float32_matmul_precision('medium' | 'high')` which will trade-off precision for performance. For more details, read https://pytorch.org/docs/stable/generated/torch.set_float32_matmul_precision.html#torch.set_float32_matmul_precision
LOCAL_RANK: 0 - CUDA_VISIBLE_DEVICES: [4]

  | Name     | Type        | Params | Mode  | FLOPs
---------------------------------------------------------
0 | backbone | ViTBackbone | 85.8 M | train | 0    
1 | head     | HeatmapHead | 4.2 M  | train | 0    
---------------------------------------------------------
90.0 M    Trainable params
0         Non-trainable params
90.0 M    Total params
359.987   Total estimated model params size (MB)
288       Modules in train mode
0         Modules in eval mode
0         Total Flops
SLURM auto-requeueing enabled. Setting signal handlers.
/cluster-site-redacted/jroth/envs/xview3-h100-fp32-dgx-a4af214a/lib/python3.11/site-packages/lightning/pytorch/utilities/_pytree.py:21: `isinstance(treespec, LeafSpec)` is deprecated, use `isinstance(treespec, TreeSpec) and treespec.is_leaf()` instead.
[vit_imagenet] matched=150 missing=0 unexpected=0

Training: |          | 0/? [00:00<?, ?it/s]
Training: |          | 0/? [00:00<?, ?it/s]
Epoch 0:   0%|          | 0/1662 [00:00<?, ?it/s]
Epoch 0:   0%|          | 1/1662 [00:01<35:07,  0.79it/s]
Epoch 0:   0%|          | 1/1662 [00:01<35:08,  0.79it/s, v_num=rics, train_loss=105.0]
Epoch 0:   0%|          | 2/1662 [00:01<19:04,  1.45it/s, v_num=rics, train_loss=105.0]
Epoch 0:   0%|          | 2/1662 [00:01<21:36,  1.28it/s, v_num=rics, train_loss=48.90]
Epoch 0:   0%|          | 3/1662 [00:01<15:21,  1.80it/s, v_num=rics, train_loss=48.90]
Epoch 0:   0%|          | 3/1662 [00:01<17:04,  1.62it/s, v_num=rics, train_loss=32.30]
Epoch 0:   0%|          | 4/1662 [00:01<13:30,  2.05it/s, v_num=rics, train_loss=32.30]
Epoch 0:   0%|          | 4/1662 [00:02<14:48,  1.87it/s, v_num=rics, train_loss=42.00]
Epoch 0:   0%|          | 5/1662 [00:02<12:24,  2.23it/s, v_num=rics, train_loss=42.00]
Epoch 0:   0%|          | 5/1662 [00:02<13:26,  2.05it/s, v_num=rics, train_loss=11.40]
Epoch 0:   0%|          | 6/1662 [00:02<11:40,  2.36it/s, v_num=rics, train_loss=11.40]
Epoch 0:   0%|          | 6/1662 [00:02<12:31,  2.20it/s, v_num=rics, train_loss=7.810]
Epoch 0:   0%|          | 7/1662 [00:02<11:08,  2.47it/s, v_num=rics, train_loss=7.810]
Epoch 0:   0%|          | 7/1662 [00:03<11:52,  2.32it/s, v_num=rics, train_loss=6.430]
Epoch 0:   0%|          | 8/1662 [00:03<10:45,  2.56it/s, v_num=rics, train_loss=6.430]
Epoch 0:   0%|          | 8/1662 [00:03<11:23,  2.42it/s, v_num=rics, train_loss=5.040]
Epoch 0:   1%|          | 9/1662 [00:03<10:27,  2.64it/s, v_num=rics, train_loss=5.040]
Epoch 0:   1%|          | 9/1662 [00:03<11:00,  2.50it/s, v_num=rics, train_loss=5.920]
Epoch 0:   1%|          | 10/1662 [00:03<10:11,  2.70it/s, v_num=rics, train_loss=5.920]
Epoch 0:   1%|          | 10/1662 [00:03<10:42,  2.57it/s, v_num=rics, train_loss=4.240]
Epoch 0:   1%|          | 11/1662 [00:03<09:59,  2.75it/s, v_num=rics, train_loss=4.240]
Epoch 0:   1%|          | 11/1662 [00:04<10:27,  2.63it/s, v_num=rics, train_loss=4.680]
Epoch 0:   1%|          | 12/1662 [00:04<09:49,  2.80it/s, v_num=rics, train_loss=4.680]
Epoch 0:   1%|          | 12/1662 [00:04<10:15,  2.68it/s, v_num=rics, train_loss=3.880]
Epoch 0:   1%|          | 13/1662 [00:04<09:41,  2.84it/s, v_num=rics, train_loss=3.880]
Epoch 0:   1%|          | 13/1662 [00:04<10:04,  2.73it/s, v_num=rics, train_loss=4.360]
Epoch 0:   1%|          | 14/1662 [00:04<09:33,  2.88it/s, v_num=rics, train_loss=4.360]
Epoch 0:   1%|          | 14/1662 [00:05<09:55,  2.77it/s, v_num=rics, train_loss=3.800]
Epoch 0:   1%|          | 15/1662 [00:05<09:27,  2.90it/s, v_num=rics, train_loss=3.800]
Epoch 0:   1%|          | 15/1662 [00:05<09:47,  2.81it/s, v_num=rics, train_loss=4.560]
Epoch 0:   1%|          | 16/1662 [00:05<09:21,  2.93it/s, v_num=rics, train_loss=4.560]
Epoch 0:   1%|          | 16/1662 [00:05<09:40,  2.84it/s, v_num=rics, train_loss=3.800]
Epoch 0:   1%|          | 17/1662 [00:05<09:15,  2.96it/s, v_num=rics, train_loss=3.800]
[... 166302 lines elided ...]
Epoch 49:  99%|█████████▉| 1652/1662 [08:00<00:02,  3.44it/s, v_num=rics, train_loss=0.000833, dev_f1=0.845]
Epoch 49:  99%|█████████▉| 1653/1662 [08:00<00:02,  3.44it/s, v_num=rics, train_loss=0.000833, dev_f1=0.845]
Epoch 49:  99%|█████████▉| 1653/1662 [08:00<00:02,  3.44it/s, v_num=rics, train_loss=0.000516, dev_f1=0.845]
Epoch 49: 100%|█████████▉| 1654/1662 [08:01<00:02,  3.44it/s, v_num=rics, train_loss=0.000516, dev_f1=0.845]
Epoch 49: 100%|█████████▉| 1654/1662 [08:01<00:02,  3.44it/s, v_num=rics, train_loss=0.013, dev_f1=0.845]   
Epoch 49: 100%|█████████▉| 1655/1662 [08:01<00:02,  3.44it/s, v_num=rics, train_loss=0.013, dev_f1=0.845]
Epoch 49: 100%|█████████▉| 1655/1662 [08:01<00:02,  3.44it/s, v_num=rics, train_loss=0.0313, dev_f1=0.845]
Epoch 49: 100%|█████████▉| 1656/1662 [08:01<00:01,  3.44it/s, v_num=rics, train_loss=0.0313, dev_f1=0.845]
Epoch 49: 100%|█████████▉| 1656/1662 [08:01<00:01,  3.44it/s, v_num=rics, train_loss=0.000533, dev_f1=0.845]
Epoch 49: 100%|█████████▉| 1657/1662 [08:01<00:01,  3.44it/s, v_num=rics, train_loss=0.000533, dev_f1=0.845]
Epoch 49: 100%|█████████▉| 1657/1662 [08:02<00:01,  3.44it/s, v_num=rics, train_loss=0.022, dev_f1=0.845]   
Epoch 49: 100%|█████████▉| 1658/1662 [08:02<00:01,  3.44it/s, v_num=rics, train_loss=0.022, dev_f1=0.845]
Epoch 49: 100%|█████████▉| 1658/1662 [08:02<00:01,  3.44it/s, v_num=rics, train_loss=0.00193, dev_f1=0.845]
Epoch 49: 100%|█████████▉| 1659/1662 [08:02<00:00,  3.44it/s, v_num=rics, train_loss=0.00193, dev_f1=0.845]
Epoch 49: 100%|█████████▉| 1659/1662 [08:02<00:00,  3.44it/s, v_num=rics, train_loss=0.00291, dev_f1=0.845]
Epoch 49: 100%|█████████▉| 1660/1662 [08:02<00:00,  3.44it/s, v_num=rics, train_loss=0.00291, dev_f1=0.845]
Epoch 49: 100%|█████████▉| 1660/1662 [08:03<00:00,  3.44it/s, v_num=rics, train_loss=0.00227, dev_f1=0.845]
Epoch 49: 100%|█████████▉| 1661/1662 [08:03<00:00,  3.44it/s, v_num=rics, train_loss=0.00227, dev_f1=0.845]
Epoch 49: 100%|█████████▉| 1661/1662 [08:03<00:00,  3.44it/s, v_num=rics, train_loss=0.000625, dev_f1=0.845]
Epoch 49: 100%|██████████| 1662/1662 [08:03<00:00,  3.44it/s, v_num=rics, train_loss=0.000625, dev_f1=0.845]
Epoch 49: 100%|██████████| 1662/1662 [08:03<00:00,  3.44it/s, v_num=rics, train_loss=0.0179, dev_f1=0.845]  [dev eval, checkpoint epoch 49] {'f1': 0.845045045045045, 'precision': 0.790893760539629, 'recall': 0.90715667311412, 'tp': 469, 'fp': 124, 'fn': 48, 'ignored_predictions': 66, 'threshold': 0.88232421875, 'n_candidates': 845, 'epoch': 49}

Epoch 49: 100%|██████████| 1662/1662 [14:35<00:00,  1.90it/s, v_num=rics, train_loss=0.0179, dev_f1=0.845]`Trainer.fit` stopped: `max_epochs=50` reached.

Epoch 49: 100%|██████████| 1662/1662 [14:35<00:00,  1.90it/s, v_num=rics, train_loss=0.0179, dev_f1=0.845]
{
 "result_schema": 2,
 "exp_id": "vitin1k-f25-s0",
 "git_sha": "06b2e61dbb85dc5fa5a5d5853f9ba15f6a87dca9",
 "detector_sha256": "c42ae65bf9045cc93f0d73ae1437b2f6a1300670cb49d8e93f83a39d58a62a12",
 "precision": "32-true",
 "micro_batch": 16,
 "gradient_accumulation": 1,
 "effective_batch": 16,
 "epochs_run": 50,
 "best_dev_f1": 0.8765315739868049,
 "best_dev": {
  "f1": 0.8765315739868049,
  "precision": 0.8547794117647058,
  "recall": 0.8994197292069632,
  "tp": 465,
  "fp": 79,
  "fn": 52,
  "ignored_predictions": 60,
  "threshold": 0.89208984375,
  "n_candidates": 835,
  "epoch": 29
 },
 "best_checkpoint": {
  "relative_path": "checkpoints/best.ckpt",
  "sha256": "4134c7b69db8a9bb7f33447ad41dd35c5f42b0cbc8363b12fc024e0a6d2ec583",
  "epoch": 29
 },
 "last_dev": {
  "f1": 0.845045045045045,
  "precision": 0.790893760539629,
  "recall": 0.90715667311412,
  "tp": 469,
  "fp": 124,
  "fn": 48,
  "ignored_predictions": 66,
  "threshold": 0.88232421875,
  "n_candidates": 845,
  "epoch": 49
 },
 "train_loss": 0.017884453758597374,
 "h100_runtime_contract": {
  "schema": 1,
  "status": "verified",
  "pre_trainer": {
   "schema": 1,
   "status": "verified",
   "stage": "pre-trainer",
   "precision": "32-true",
   "devices": 1,
   "micro_batch": 16,
   "gradient_accumulation": 1,
   "effective_batch": 16,
   "strict_fp32": {
    "cuda_matmul_fp32_precision": "ieee",
    "cudnn_conv_fp32_precision": "ieee",
    "cudnn_rnn_fp32_precision": "ieee"
   },
   "autocast": {
    "global": false,
    "cuda": false,
    "cpu": false
   },
   "process": {
    "WORLD_SIZE": "unset",
    "SLURM_NTASKS": "1",
    "effective_world_size": 1
   },
   "model": {
    "floating_parameter_count": 160,
    "floating_parameter_dtypes": [
     "torch.float32"
    ]
   }
  },
  "resolved_trainer": {
   "accelerator": "lightning.pytorch.accelerators.cuda.CUDAAccelerator",
   "precision_plugin": "lightning.pytorch.plugins.precision.precision.Precision",
   "precision": "32-true",
   "gradient_scaler": null,
   "strategy": "lightning.pytorch.strategies.single_device.SingleDeviceStrategy",
   "root_device_type": "cuda",
   "root_device_index": 0,
   "num_devices": 1,
   "world_size": 1,
   "device_ids": [
    0
   ],
   "gradient_accumulation": 1
  }
 }
}
[2026-10-01T22:52:47] vitin1k-f25-s0: scoring frozen TEST with cohort-bound best-dev threshold
[2026-10-01T23:05:27] vitin1k-f25-s0: test F1 0.8476; near-shore F1 0.2500 on 2 GT
[2026-10-01T23:05:27] scored 1 runs
