# Excerpt of the full H100 training log for vitin1k-f100-s0.
# Full log: 659082 lines, sha256 4e0d1a90fbaf85fcb7789c75c50911ea0f73a7c136690d1420cd72500e83ae28 (operator archive).
# Site paths redacted: /projects/geofam -> /cluster-site-redacted.
[rank: 0] Seed set to 0
GPU available: True (cuda), used: True
TPU available: False, using: 0 TPU cores
💡 Tip: For seamless cloud logging and experiment tracking, try installing [litlogger](https://pypi.org/project/litlogger/) to enable LitLogger, which logs metrics and artifacts automatically to the Lightning Experiments platform.
/cluster-site-redacted/jroth/envs/xview3-h100-fp32-dgx-a4af214a/lib/python3.11/site-packages/lightning/pytorch/trainer/configuration_validator.py:70: You defined a `validation_step` but have no `val_dataloader`. Skipping val loop.
You are using a CUDA device ('NVIDIA H100 80GB HBM3') that has Tensor Cores. To properly utilize them, you should set `torch.set_float32_matmul_precision('medium' | 'high')` which will trade-off precision for performance. For more details, read https://pytorch.org/docs/stable/generated/torch.set_float32_matmul_precision.html#torch.set_float32_matmul_precision
LOCAL_RANK: 0 - CUDA_VISIBLE_DEVICES: [7]

  | Name     | Type        | Params | Mode  | FLOPs
---------------------------------------------------------
0 | backbone | ViTBackbone | 85.8 M | train | 0    
1 | head     | HeatmapHead | 4.2 M  | train | 0    
---------------------------------------------------------
90.0 M    Trainable params
0         Non-trainable params
90.0 M    Total params
359.987   Total estimated model params size (MB)
288       Modules in train mode
0         Modules in eval mode
0         Total Flops
SLURM auto-requeueing enabled. Setting signal handlers.
/cluster-site-redacted/jroth/envs/xview3-h100-fp32-dgx-a4af214a/lib/python3.11/site-packages/lightning/pytorch/utilities/_pytree.py:21: `isinstance(treespec, LeafSpec)` is deprecated, use `isinstance(treespec, TreeSpec) and treespec.is_leaf()` instead.
[vit_imagenet] matched=150 missing=0 unexpected=0

Training: |          | 0/? [00:00<?, ?it/s]
Training: |          | 0/? [00:00<?, ?it/s]
Epoch 0:   0%|          | 0/6588 [00:00<?, ?it/s]
Epoch 0:   0%|          | 1/6588 [00:01<2:14:05,  0.82it/s]
Epoch 0:   0%|          | 1/6588 [00:01<2:14:09,  0.82it/s, v_num=rics, train_loss=224.0]
Epoch 0:   0%|          | 2/6588 [00:01<1:12:55,  1.51it/s, v_num=rics, train_loss=224.0]
Epoch 0:   0%|          | 2/6588 [00:01<1:23:11,  1.32it/s, v_num=rics, train_loss=61.00]
Epoch 0:   0%|          | 3/6588 [00:01<59:26,  1.85it/s, v_num=rics, train_loss=61.00]  
Epoch 0:   0%|          | 3/6588 [00:01<1:06:09,  1.66it/s, v_num=rics, train_loss=39.70]
Epoch 0:   0%|          | 4/6588 [00:01<52:28,  2.09it/s, v_num=rics, train_loss=39.70]  
Epoch 0:   0%|          | 4/6588 [00:02<57:35,  1.91it/s, v_num=rics, train_loss=24.20]
Epoch 0:   0%|          | 5/6588 [00:02<48:28,  2.26it/s, v_num=rics, train_loss=24.20]
Epoch 0:   0%|          | 5/6588 [00:02<52:28,  2.09it/s, v_num=rics, train_loss=10.00]
Epoch 0:   0%|          | 6/6588 [00:02<45:43,  2.40it/s, v_num=rics, train_loss=10.00]
Epoch 0:   0%|          | 6/6588 [00:02<49:03,  2.24it/s, v_num=rics, train_loss=9.560]
Epoch 0:   0%|          | 7/6588 [00:02<43:42,  2.51it/s, v_num=rics, train_loss=9.560]
Epoch 0:   0%|          | 7/6588 [00:02<46:37,  2.35it/s, v_num=rics, train_loss=8.700]
Epoch 0:   0%|          | 8/6588 [00:03<42:14,  2.60it/s, v_num=rics, train_loss=8.700]
Epoch 0:   0%|          | 8/6588 [00:03<44:47,  2.45it/s, v_num=rics, train_loss=6.010]
Epoch 0:   0%|          | 9/6588 [00:03<41:04,  2.67it/s, v_num=rics, train_loss=6.010]
Epoch 0:   0%|          | 9/6588 [00:03<43:21,  2.53it/s, v_num=rics, train_loss=4.280]
Epoch 0:   0%|          | 10/6588 [00:03<40:12,  2.73it/s, v_num=rics, train_loss=4.280]
Epoch 0:   0%|          | 10/6588 [00:03<42:13,  2.60it/s, v_num=rics, train_loss=5.490]
Epoch 0:   0%|          | 11/6588 [00:03<39:28,  2.78it/s, v_num=rics, train_loss=5.490]
Epoch 0:   0%|          | 11/6588 [00:04<41:19,  2.65it/s, v_num=rics, train_loss=5.100]
Epoch 0:   0%|          | 12/6588 [00:04<38:49,  2.82it/s, v_num=rics, train_loss=5.100]
Epoch 0:   0%|          | 12/6588 [00:04<40:31,  2.70it/s, v_num=rics, train_loss=4.020]
Epoch 0:   0%|          | 13/6588 [00:04<38:17,  2.86it/s, v_num=rics, train_loss=4.020]
Epoch 0:   0%|          | 13/6588 [00:04<39:51,  2.75it/s, v_num=rics, train_loss=4.200]
Epoch 0:   0%|          | 14/6588 [00:04<37:49,  2.90it/s, v_num=rics, train_loss=4.200]
Epoch 0:   0%|          | 14/6588 [00:05<39:16,  2.79it/s, v_num=rics, train_loss=4.180]
Epoch 0:   0%|          | 15/6588 [00:05<37:24,  2.93it/s, v_num=rics, train_loss=4.180]
Epoch 0:   0%|          | 15/6588 [00:05<38:46,  2.83it/s, v_num=rics, train_loss=3.680]
Epoch 0:   0%|          | 16/6588 [00:05<37:03,  2.96it/s, v_num=rics, train_loss=3.680]
Epoch 0:   0%|          | 16/6588 [00:05<38:19,  2.86it/s, v_num=rics, train_loss=3.990]
Epoch 0:   0%|          | 17/6588 [00:05<36:44,  2.98it/s, v_num=rics, train_loss=3.990]
[... 658902 lines elided ...]
Epoch 49: 100%|█████████▉| 6578/6588 [32:04<00:02,  3.42it/s, v_num=rics, train_loss=0.000797, dev_f1=0.937]
Epoch 49: 100%|█████████▉| 6579/6588 [32:04<00:02,  3.42it/s, v_num=rics, train_loss=0.000797, dev_f1=0.937]
Epoch 49: 100%|█████████▉| 6579/6588 [32:05<00:02,  3.42it/s, v_num=rics, train_loss=0.006, dev_f1=0.937]   
Epoch 49: 100%|█████████▉| 6580/6588 [32:05<00:02,  3.42it/s, v_num=rics, train_loss=0.006, dev_f1=0.937]
Epoch 49: 100%|█████████▉| 6580/6588 [32:05<00:02,  3.42it/s, v_num=rics, train_loss=0.0163, dev_f1=0.937]
Epoch 49: 100%|█████████▉| 6581/6588 [32:05<00:02,  3.42it/s, v_num=rics, train_loss=0.0163, dev_f1=0.937]
Epoch 49: 100%|█████████▉| 6581/6588 [32:05<00:02,  3.42it/s, v_num=rics, train_loss=0.000271, dev_f1=0.937]
Epoch 49: 100%|█████████▉| 6582/6588 [32:05<00:01,  3.42it/s, v_num=rics, train_loss=0.000271, dev_f1=0.937]
Epoch 49: 100%|█████████▉| 6582/6588 [32:05<00:01,  3.42it/s, v_num=rics, train_loss=0.00071, dev_f1=0.937] 
Epoch 49: 100%|█████████▉| 6583/6588 [32:06<00:01,  3.42it/s, v_num=rics, train_loss=0.00071, dev_f1=0.937]
Epoch 49: 100%|█████████▉| 6583/6588 [32:06<00:01,  3.42it/s, v_num=rics, train_loss=0.868, dev_f1=0.937]  
Epoch 49: 100%|█████████▉| 6584/6588 [32:06<00:01,  3.42it/s, v_num=rics, train_loss=0.868, dev_f1=0.937]
Epoch 49: 100%|█████████▉| 6584/6588 [32:06<00:01,  3.42it/s, v_num=rics, train_loss=0.00115, dev_f1=0.937]
Epoch 49: 100%|█████████▉| 6585/6588 [32:06<00:00,  3.42it/s, v_num=rics, train_loss=0.00115, dev_f1=0.937]
Epoch 49: 100%|█████████▉| 6585/6588 [32:06<00:00,  3.42it/s, v_num=rics, train_loss=0.000755, dev_f1=0.937]
Epoch 49: 100%|█████████▉| 6586/6588 [32:06<00:00,  3.42it/s, v_num=rics, train_loss=0.000755, dev_f1=0.937]
Epoch 49: 100%|█████████▉| 6586/6588 [32:07<00:00,  3.42it/s, v_num=rics, train_loss=0.285, dev_f1=0.937]   
Epoch 49: 100%|█████████▉| 6587/6588 [32:07<00:00,  3.42it/s, v_num=rics, train_loss=0.285, dev_f1=0.937]
Epoch 49: 100%|█████████▉| 6587/6588 [32:07<00:00,  3.42it/s, v_num=rics, train_loss=0.000922, dev_f1=0.937]
Epoch 49: 100%|██████████| 6588/6588 [32:07<00:00,  3.42it/s, v_num=rics, train_loss=0.000922, dev_f1=0.937]
Epoch 49: 100%|██████████| 6588/6588 [32:07<00:00,  3.42it/s, v_num=rics, train_loss=0.00135, dev_f1=0.937] [dev eval, checkpoint epoch 49] {'f1': 0.9364928909952607, 'precision': 0.9182156133828996, 'recall': 0.9555125725338491, 'tp': 494, 'fp': 44, 'fn': 23, 'ignored_predictions': 76, 'threshold': 0.8798828125, 'n_candidates': 724, 'epoch': 49}

Epoch 49: 100%|██████████| 6588/6588 [39:18<00:00,  2.79it/s, v_num=rics, train_loss=0.00135, dev_f1=0.936]`Trainer.fit` stopped: `max_epochs=50` reached.

Epoch 49: 100%|██████████| 6588/6588 [39:18<00:00,  2.79it/s, v_num=rics, train_loss=0.00135, dev_f1=0.936]
{
 "result_schema": 2,
 "exp_id": "vitin1k-f100-s0",
 "git_sha": "06b2e61dbb85dc5fa5a5d5853f9ba15f6a87dca9",
 "detector_sha256": "c42ae65bf9045cc93f0d73ae1437b2f6a1300670cb49d8e93f83a39d58a62a12",
 "precision": "32-true",
 "micro_batch": 16,
 "gradient_accumulation": 1,
 "effective_batch": 16,
 "epochs_run": 50,
 "best_dev_f1": 0.9367327667610953,
 "best_dev": {
  "f1": 0.9367327667610953,
  "precision": 0.915129151291513,
  "recall": 0.9593810444874274,
  "tp": 496,
  "fp": 46,
  "fn": 21,
  "ignored_predictions": 76,
  "threshold": 0.861328125,
  "n_candidates": 724,
  "epoch": 44
 },
 "best_checkpoint": {
  "relative_path": "checkpoints/best.ckpt",
  "sha256": "95e3190871e01b28952fbc744cb3440f705b57ec7fd488a49fa24050aa5538b0",
  "epoch": 44
 },
 "last_dev": {
  "f1": 0.9364928909952607,
  "precision": 0.9182156133828996,
  "recall": 0.9555125725338491,
  "tp": 494,
  "fp": 44,
  "fn": 23,
  "ignored_predictions": 76,
  "threshold": 0.8798828125,
  "n_candidates": 724,
  "epoch": 49
 },
 "train_loss": 0.0013493646401911974,
 "h100_runtime_contract": {
  "schema": 1,
  "status": "verified",
  "pre_trainer": {
   "schema": 1,
   "status": "verified",
   "stage": "pre-trainer",
   "precision": "32-true",
   "devices": 1,
   "micro_batch": 16,
   "gradient_accumulation": 1,
   "effective_batch": 16,
   "strict_fp32": {
    "cuda_matmul_fp32_precision": "ieee",
    "cudnn_conv_fp32_precision": "ieee",
    "cudnn_rnn_fp32_precision": "ieee"
   },
   "autocast": {
    "global": false,
    "cuda": false,
    "cpu": false
   },
   "process": {
    "WORLD_SIZE": "unset",
    "SLURM_NTASKS": "1",
    "effective_world_size": 1
   },
   "model": {
    "floating_parameter_count": 160,
    "floating_parameter_dtypes": [
     "torch.float32"
    ]
   }
  },
  "resolved_trainer": {
   "accelerator": "lightning.pytorch.accelerators.cuda.CUDAAccelerator",
   "precision_plugin": "lightning.pytorch.plugins.precision.precision.Precision",
   "precision": "32-true",
   "gradient_scaler": null,
   "strategy": "lightning.pytorch.strategies.single_device.SingleDeviceStrategy",
   "root_device_type": "cuda",
   "root_device_index": 0,
   "num_devices": 1,
   "world_size": 1,
   "device_ids": [
    0
   ],
   "gradient_accumulation": 1
  }
 }
}
[2026-10-01T19:15:08] vitin1k-f100-s0: scoring frozen TEST with cohort-bound best-dev threshold
[2026-10-01T19:27:55] vitin1k-f100-s0: test F1 0.8509; near-shore F1 0.4000 on 2 GT
[2026-10-01T19:27:55] scored 1 runs
