# Excerpt of the full H100 training log for vitrand-f10-s0.
# Full log: 49302 lines, sha256 7bd1c94f2d2b58631631cfa8c28e3837f78453c6c844d6e937f7a8f6fc4f0dec (operator archive).
# Site paths redacted: /projects/geofam -> /cluster-site-redacted.
[rank: 0] Seed set to 0
GPU available: True (cuda), used: True
TPU available: False, using: 0 TPU cores
💡 Tip: For seamless cloud logging and experiment tracking, try installing [litlogger](https://pypi.org/project/litlogger/) to enable LitLogger, which logs metrics and artifacts automatically to the Lightning Experiments platform.
/cluster-site-redacted/jroth/envs/xview3-h100-fp32-dgx-a4af214a/lib/python3.11/site-packages/lightning/pytorch/trainer/configuration_validator.py:70: You defined a `validation_step` but have no `val_dataloader`. Skipping val loop.
You are using a CUDA device ('NVIDIA H100 80GB HBM3') that has Tensor Cores. To properly utilize them, you should set `torch.set_float32_matmul_precision('medium' | 'high')` which will trade-off precision for performance. For more details, read https://pytorch.org/docs/stable/generated/torch.set_float32_matmul_precision.html#torch.set_float32_matmul_precision
LOCAL_RANK: 0 - CUDA_VISIBLE_DEVICES: [6]

  | Name     | Type        | Params | Mode  | FLOPs
---------------------------------------------------------
0 | backbone | ViTBackbone | 85.8 M | train | 0    
1 | head     | HeatmapHead | 4.2 M  | train | 0    
---------------------------------------------------------
90.0 M    Trainable params
0         Non-trainable params
90.0 M    Total params
359.987   Total estimated model params size (MB)
288       Modules in train mode
0         Modules in eval mode
0         Total Flops
SLURM auto-requeueing enabled. Setting signal handlers.
/cluster-site-redacted/jroth/envs/xview3-h100-fp32-dgx-a4af214a/lib/python3.11/site-packages/lightning/pytorch/utilities/_pytree.py:21: `isinstance(treespec, LeafSpec)` is deprecated, use `isinstance(treespec, TreeSpec) and treespec.is_leaf()` instead.

Training: |          | 0/? [00:00<?, ?it/s]
Training: |          | 0/? [00:00<?, ?it/s]
Epoch 0:   0%|          | 0/701 [00:00<?, ?it/s]
Epoch 0:   0%|          | 1/701 [00:01<14:54,  0.78it/s]
Epoch 0:   0%|          | 1/701 [00:01<14:54,  0.78it/s, v_num=rics, train_loss=89.30]
Epoch 0:   0%|          | 2/701 [00:01<08:03,  1.45it/s, v_num=rics, train_loss=89.30]
Epoch 0:   0%|          | 2/701 [00:01<09:08,  1.27it/s, v_num=rics, train_loss=53.00]
Epoch 0:   0%|          | 3/701 [00:01<06:29,  1.79it/s, v_num=rics, train_loss=53.00]
Epoch 0:   0%|          | 3/701 [00:01<07:12,  1.61it/s, v_num=rics, train_loss=52.20]
Epoch 0:   1%|          | 4/701 [00:01<05:42,  2.04it/s, v_num=rics, train_loss=52.20]
Epoch 0:   1%|          | 4/701 [00:02<06:14,  1.86it/s, v_num=rics, train_loss=16.80]
Epoch 0:   1%|          | 5/701 [00:02<05:14,  2.21it/s, v_num=rics, train_loss=16.80]
Epoch 0:   1%|          | 5/701 [00:02<05:39,  2.05it/s, v_num=rics, train_loss=12.90]
Epoch 0:   1%|          | 6/701 [00:02<04:54,  2.36it/s, v_num=rics, train_loss=12.90]
Epoch 0:   1%|          | 6/701 [00:02<05:16,  2.20it/s, v_num=rics, train_loss=6.690]
Epoch 0:   1%|          | 7/701 [00:02<04:41,  2.46it/s, v_num=rics, train_loss=6.690]
Epoch 0:   1%|          | 7/701 [00:03<04:59,  2.31it/s, v_num=rics, train_loss=5.760]
Epoch 0:   1%|          | 8/701 [00:03<04:31,  2.55it/s, v_num=rics, train_loss=5.760]
Epoch 0:   1%|          | 8/701 [00:03<04:47,  2.41it/s, v_num=rics, train_loss=6.050]
Epoch 0:   1%|▏         | 9/701 [00:03<04:22,  2.63it/s, v_num=rics, train_loss=6.050]
Epoch 0:   1%|▏         | 9/701 [00:03<04:37,  2.50it/s, v_num=rics, train_loss=4.860]
Epoch 0:   1%|▏         | 10/701 [00:03<04:16,  2.70it/s, v_num=rics, train_loss=4.860]
Epoch 0:   1%|▏         | 10/701 [00:03<04:29,  2.57it/s, v_num=rics, train_loss=4.050]
Epoch 0:   2%|▏         | 11/701 [00:04<04:11,  2.74it/s, v_num=rics, train_loss=4.050]
Epoch 0:   2%|▏         | 11/701 [00:04<04:22,  2.62it/s, v_num=rics, train_loss=4.180]
Epoch 0:   2%|▏         | 12/701 [00:04<04:06,  2.79it/s, v_num=rics, train_loss=4.180]
Epoch 0:   2%|▏         | 12/701 [00:04<04:17,  2.68it/s, v_num=rics, train_loss=4.030]
Epoch 0:   2%|▏         | 13/701 [00:04<04:02,  2.84it/s, v_num=rics, train_loss=4.030]
Epoch 0:   2%|▏         | 13/701 [00:04<04:12,  2.72it/s, v_num=rics, train_loss=4.130]
Epoch 0:   2%|▏         | 14/701 [00:04<03:59,  2.87it/s, v_num=rics, train_loss=4.130]
Epoch 0:   2%|▏         | 14/701 [00:05<04:08,  2.77it/s, v_num=rics, train_loss=4.390]
Epoch 0:   2%|▏         | 15/701 [00:05<03:56,  2.90it/s, v_num=rics, train_loss=4.390]
Epoch 0:   2%|▏         | 15/701 [00:05<04:04,  2.80it/s, v_num=rics, train_loss=4.040]
Epoch 0:   2%|▏         | 16/701 [00:05<03:53,  2.93it/s, v_num=rics, train_loss=4.040]
Epoch 0:   2%|▏         | 16/701 [00:05<04:01,  2.84it/s, v_num=rics, train_loss=4.080]
Epoch 0:   2%|▏         | 17/701 [00:05<03:51,  2.96it/s, v_num=rics, train_loss=4.080]
Epoch 0:   2%|▏         | 17/701 [00:05<03:58,  2.87it/s, v_num=rics, train_loss=4.130]
[... 49122 lines elided ...]
Epoch 34:  99%|█████████▊| 691/701 [03:22<00:02,  3.41it/s, v_num=rics, train_loss=0.00426, dev_f1=0.773]
Epoch 34:  99%|█████████▊| 691/701 [03:22<00:02,  3.41it/s, v_num=rics, train_loss=0.0378, dev_f1=0.773] 
Epoch 34:  99%|█████████▊| 692/701 [03:22<00:02,  3.41it/s, v_num=rics, train_loss=0.0378, dev_f1=0.773]
Epoch 34:  99%|█████████▊| 692/701 [03:22<00:02,  3.41it/s, v_num=rics, train_loss=0.0655, dev_f1=0.773]
Epoch 34:  99%|█████████▉| 693/701 [03:23<00:02,  3.41it/s, v_num=rics, train_loss=0.0655, dev_f1=0.773]
Epoch 34:  99%|█████████▉| 693/701 [03:23<00:02,  3.41it/s, v_num=rics, train_loss=0.0103, dev_f1=0.773]
Epoch 34:  99%|█████████▉| 694/701 [03:23<00:02,  3.41it/s, v_num=rics, train_loss=0.0103, dev_f1=0.773]
Epoch 34:  99%|█████████▉| 694/701 [03:23<00:02,  3.41it/s, v_num=rics, train_loss=0.0169, dev_f1=0.773]
Epoch 34:  99%|█████████▉| 695/701 [03:23<00:01,  3.41it/s, v_num=rics, train_loss=0.0169, dev_f1=0.773]
Epoch 34:  99%|█████████▉| 695/701 [03:23<00:01,  3.41it/s, v_num=rics, train_loss=0.0218, dev_f1=0.773]
Epoch 34:  99%|█████████▉| 696/701 [03:23<00:01,  3.41it/s, v_num=rics, train_loss=0.0218, dev_f1=0.773]
Epoch 34:  99%|█████████▉| 696/701 [03:24<00:01,  3.41it/s, v_num=rics, train_loss=0.0547, dev_f1=0.773]
Epoch 34:  99%|█████████▉| 697/701 [03:24<00:01,  3.41it/s, v_num=rics, train_loss=0.0547, dev_f1=0.773]
Epoch 34:  99%|█████████▉| 697/701 [03:24<00:01,  3.41it/s, v_num=rics, train_loss=0.0396, dev_f1=0.773]
Epoch 34: 100%|█████████▉| 698/701 [03:24<00:00,  3.41it/s, v_num=rics, train_loss=0.0396, dev_f1=0.773]
Epoch 34: 100%|█████████▉| 698/701 [03:24<00:00,  3.41it/s, v_num=rics, train_loss=0.00593, dev_f1=0.773]
Epoch 34: 100%|█████████▉| 699/701 [03:24<00:00,  3.41it/s, v_num=rics, train_loss=0.00593, dev_f1=0.773]
Epoch 34: 100%|█████████▉| 699/701 [03:24<00:00,  3.41it/s, v_num=rics, train_loss=0.017, dev_f1=0.773]  
Epoch 34: 100%|█████████▉| 700/701 [03:25<00:00,  3.41it/s, v_num=rics, train_loss=0.017, dev_f1=0.773]
Epoch 34: 100%|█████████▉| 700/701 [03:25<00:00,  3.41it/s, v_num=rics, train_loss=0.00706, dev_f1=0.773]
Epoch 34: 100%|██████████| 701/701 [03:25<00:00,  3.41it/s, v_num=rics, train_loss=0.00706, dev_f1=0.773]
Epoch 34: 100%|██████████| 701/701 [03:25<00:00,  3.41it/s, v_num=rics, train_loss=0.00703, dev_f1=0.773][dev eval, checkpoint epoch 34] {'f1': 0.778443113772455, 'precision': 0.6978527607361963, 'recall': 0.8800773694390716, 'tp': 455, 'fp': 197, 'fn': 62, 'ignored_predictions': 67, 'threshold': 0.69384765625, 'n_candidates': 2384, 'epoch': 34}

Epoch 34: 100%|██████████| 701/701 [10:13<00:00,  1.14it/s, v_num=rics, train_loss=0.00703, dev_f1=0.778]
Epoch 34: 100%|██████████| 701/701 [10:13<00:00,  1.14it/s, v_num=rics, train_loss=0.00703, dev_f1=0.778]
{
 "result_schema": 2,
 "exp_id": "vitrand-f10-s0",
 "git_sha": "06b2e61dbb85dc5fa5a5d5853f9ba15f6a87dca9",
 "detector_sha256": "c42ae65bf9045cc93f0d73ae1437b2f6a1300670cb49d8e93f83a39d58a62a12",
 "precision": "32-true",
 "micro_batch": 16,
 "gradient_accumulation": 1,
 "effective_batch": 16,
 "epochs_run": 35,
 "best_dev_f1": 0.7916666666666666,
 "best_dev": {
  "f1": 0.7916666666666666,
  "precision": 0.8126272912423625,
  "recall": 0.7717601547388782,
  "tp": 399,
  "fp": 92,
  "fn": 118,
  "ignored_predictions": 56,
  "threshold": 0.80810546875,
  "n_candidates": 9519,
  "epoch": 14
 },
 "best_checkpoint": {
  "relative_path": "checkpoints/best.ckpt",
  "sha256": "18ad3fd5a255a565cad73c8be0d957232aac94ea7b242774c6090771c968c36a",
  "epoch": 14
 },
 "last_dev": {
  "f1": 0.778443113772455,
  "precision": 0.6978527607361963,
  "recall": 0.8800773694390716,
  "tp": 455,
  "fp": 197,
  "fn": 62,
  "ignored_predictions": 67,
  "threshold": 0.69384765625,
  "n_candidates": 2384,
  "epoch": 34
 },
 "train_loss": 0.0070319692604243755,
 "h100_runtime_contract": {
  "schema": 1,
  "status": "verified",
  "pre_trainer": {
   "schema": 1,
   "status": "verified",
   "stage": "pre-trainer",
   "precision": "32-true",
   "devices": 1,
   "micro_batch": 16,
   "gradient_accumulation": 1,
   "effective_batch": 16,
   "strict_fp32": {
    "cuda_matmul_fp32_precision": "ieee",
    "cudnn_conv_fp32_precision": "ieee",
    "cudnn_rnn_fp32_precision": "ieee"
   },
   "autocast": {
    "global": false,
    "cuda": false,
    "cpu": false
   },
   "process": {
    "WORLD_SIZE": "unset",
    "SLURM_NTASKS": "1",
    "effective_world_size": 1
   },
   "model": {
    "floating_parameter_count": 160,
    "floating_parameter_dtypes": [
     "torch.float32"
    ]
   }
  },
  "resolved_trainer": {
   "accelerator": "lightning.pytorch.accelerators.cuda.CUDAAccelerator",
   "precision_plugin": "lightning.pytorch.plugins.precision.precision.Precision",
   "precision": "32-true",
   "gradient_scaler": null,
   "strategy": "lightning.pytorch.strategies.single_device.SingleDeviceStrategy",
   "root_device_type": "cuda",
   "root_device_index": 0,
   "num_devices": 1,
   "world_size": 1,
   "device_ids": [
    0
   ],
   "gradient_accumulation": 1
  }
 }
}
[2026-10-01T23:59:50] vitrand-f10-s0: scoring frozen TEST with cohort-bound best-dev threshold
[2026-10-02T00:12:08] vitrand-f10-s0: test F1 0.6926; near-shore F1 0.0000 on 2 GT
[2026-10-02T00:12:08] scored 1 runs
