# Excerpt of the full H100 training log for vitrand-f50-s0.
# Full log: 331694 lines, sha256 203c7b5666e23558cf5c3ea773b93b39ba479019f782b8afbecdcfe774e15b7e (operator archive).
# Site paths redacted: /projects/geofam -> /cluster-site-redacted.
[rank: 0] Seed set to 0
GPU available: True (cuda), used: True
TPU available: False, using: 0 TPU cores
💡 Tip: For seamless cloud logging and experiment tracking, try installing [litlogger](https://pypi.org/project/litlogger/) to enable LitLogger, which logs metrics and artifacts automatically to the Lightning Experiments platform.
/cluster-site-redacted/jroth/envs/xview3-h100-fp32-dgx-a4af214a/lib/python3.11/site-packages/lightning/pytorch/trainer/configuration_validator.py:70: You defined a `validation_step` but have no `val_dataloader`. Skipping val loop.
You are using a CUDA device ('NVIDIA H100 80GB HBM3') that has Tensor Cores. To properly utilize them, you should set `torch.set_float32_matmul_precision('medium' | 'high')` which will trade-off precision for performance. For more details, read https://pytorch.org/docs/stable/generated/torch.set_float32_matmul_precision.html#torch.set_float32_matmul_precision
LOCAL_RANK: 0 - CUDA_VISIBLE_DEVICES: [6]

  | Name     | Type        | Params | Mode  | FLOPs
---------------------------------------------------------
0 | backbone | ViTBackbone | 85.8 M | train | 0    
1 | head     | HeatmapHead | 4.2 M  | train | 0    
---------------------------------------------------------
90.0 M    Trainable params
0         Non-trainable params
90.0 M    Total params
359.987   Total estimated model params size (MB)
288       Modules in train mode
0         Modules in eval mode
0         Total Flops
SLURM auto-requeueing enabled. Setting signal handlers.
/cluster-site-redacted/jroth/envs/xview3-h100-fp32-dgx-a4af214a/lib/python3.11/site-packages/lightning/pytorch/utilities/_pytree.py:21: `isinstance(treespec, LeafSpec)` is deprecated, use `isinstance(treespec, TreeSpec) and treespec.is_leaf()` instead.

Training: |          | 0/? [00:00<?, ?it/s]
Training: |          | 0/? [00:00<?, ?it/s]
Epoch 0:   0%|          | 0/3310 [00:00<?, ?it/s]
Epoch 0:   0%|          | 1/3310 [00:01<1:19:50,  0.69it/s]
Epoch 0:   0%|          | 1/3310 [00:01<1:19:52,  0.69it/s, v_num=rics, train_loss=103.0]
Epoch 0:   0%|          | 2/3310 [00:01<45:09,  1.22it/s, v_num=rics, train_loss=103.0]  
Epoch 0:   0%|          | 2/3310 [00:01<50:08,  1.10it/s, v_num=rics, train_loss=82.50]
Epoch 0:   0%|          | 3/3310 [00:01<35:21,  1.56it/s, v_num=rics, train_loss=82.50]
Epoch 0:   0%|          | 3/3310 [00:02<38:46,  1.42it/s, v_num=rics, train_loss=22.50]
Epoch 0:   0%|          | 4/3310 [00:02<30:30,  1.81it/s, v_num=rics, train_loss=22.50]
Epoch 0:   0%|          | 4/3310 [00:02<33:04,  1.67it/s, v_num=rics, train_loss=26.30]
Epoch 0:   0%|          | 5/3310 [00:02<27:36,  2.00it/s, v_num=rics, train_loss=26.30]
Epoch 0:   0%|          | 5/3310 [00:02<29:40,  1.86it/s, v_num=rics, train_loss=14.80]
Epoch 0:   0%|          | 6/3310 [00:02<25:41,  2.14it/s, v_num=rics, train_loss=14.80]
Epoch 0:   0%|          | 6/3310 [00:02<27:23,  2.01it/s, v_num=rics, train_loss=6.100]
Epoch 0:   0%|          | 7/3310 [00:03<24:19,  2.26it/s, v_num=rics, train_loss=6.100]
Epoch 0:   0%|          | 7/3310 [00:03<25:46,  2.14it/s, v_num=rics, train_loss=6.640]
Epoch 0:   0%|          | 8/3310 [00:03<23:15,  2.37it/s, v_num=rics, train_loss=6.640]
Epoch 0:   0%|          | 8/3310 [00:03<24:32,  2.24it/s, v_num=rics, train_loss=5.270]
Epoch 0:   0%|          | 9/3310 [00:03<22:28,  2.45it/s, v_num=rics, train_loss=5.270]
Epoch 0:   0%|          | 9/3310 [00:03<23:35,  2.33it/s, v_num=rics, train_loss=5.290]
Epoch 0:   0%|          | 10/3310 [00:03<21:49,  2.52it/s, v_num=rics, train_loss=5.290]
Epoch 0:   0%|          | 10/3310 [00:04<22:50,  2.41it/s, v_num=rics, train_loss=4.530]
Epoch 0:   0%|          | 11/3310 [00:04<21:19,  2.58it/s, v_num=rics, train_loss=4.530]
Epoch 0:   0%|          | 11/3310 [00:04<22:14,  2.47it/s, v_num=rics, train_loss=4.650]
Epoch 0:   0%|          | 12/3310 [00:04<20:52,  2.63it/s, v_num=rics, train_loss=4.650]
Epoch 0:   0%|          | 12/3310 [00:04<21:42,  2.53it/s, v_num=rics, train_loss=4.960]
Epoch 0:   0%|          | 13/3310 [00:04<20:28,  2.68it/s, v_num=rics, train_loss=4.960]
Epoch 0:   0%|          | 13/3310 [00:05<21:15,  2.58it/s, v_num=rics, train_loss=4.150]
Epoch 0:   0%|          | 14/3310 [00:05<20:09,  2.73it/s, v_num=rics, train_loss=4.150]
Epoch 0:   0%|          | 14/3310 [00:05<20:53,  2.63it/s, v_num=rics, train_loss=4.270]
Epoch 0:   0%|          | 15/3310 [00:05<19:52,  2.76it/s, v_num=rics, train_loss=4.270]
Epoch 0:   0%|          | 15/3310 [00:05<20:33,  2.67it/s, v_num=rics, train_loss=4.130]
Epoch 0:   0%|          | 16/3310 [00:05<19:39,  2.79it/s, v_num=rics, train_loss=4.130]
Epoch 0:   0%|          | 16/3310 [00:05<20:16,  2.71it/s, v_num=rics, train_loss=4.200]
Epoch 0:   1%|          | 17/3310 [00:06<19:25,  2.83it/s, v_num=rics, train_loss=4.200]
Epoch 0:   1%|          | 17/3310 [00:06<20:00,  2.74it/s, v_num=rics, train_loss=4.140]
[... 331514 lines elided ...]
Epoch 49: 100%|█████████▉| 3300/3310 [16:07<00:02,  3.41it/s, v_num=rics, train_loss=0.107, dev_f1=0.890]  
Epoch 49: 100%|█████████▉| 3301/3310 [16:07<00:02,  3.41it/s, v_num=rics, train_loss=0.107, dev_f1=0.890]
Epoch 49: 100%|█████████▉| 3301/3310 [16:07<00:02,  3.41it/s, v_num=rics, train_loss=0.177, dev_f1=0.890]
Epoch 49: 100%|█████████▉| 3302/3310 [16:07<00:02,  3.41it/s, v_num=rics, train_loss=0.177, dev_f1=0.890]
Epoch 49: 100%|█████████▉| 3302/3310 [16:07<00:02,  3.41it/s, v_num=rics, train_loss=0.0136, dev_f1=0.890]
Epoch 49: 100%|█████████▉| 3303/3310 [16:07<00:02,  3.41it/s, v_num=rics, train_loss=0.0136, dev_f1=0.890]
Epoch 49: 100%|█████████▉| 3303/3310 [16:08<00:02,  3.41it/s, v_num=rics, train_loss=0.000526, dev_f1=0.890]
Epoch 49: 100%|█████████▉| 3304/3310 [16:08<00:01,  3.41it/s, v_num=rics, train_loss=0.000526, dev_f1=0.890]
Epoch 49: 100%|█████████▉| 3304/3310 [16:08<00:01,  3.41it/s, v_num=rics, train_loss=0.101, dev_f1=0.890]   
Epoch 49: 100%|█████████▉| 3305/3310 [16:08<00:01,  3.41it/s, v_num=rics, train_loss=0.101, dev_f1=0.890]
Epoch 49: 100%|█████████▉| 3305/3310 [16:08<00:01,  3.41it/s, v_num=rics, train_loss=0.090, dev_f1=0.890]
Epoch 49: 100%|█████████▉| 3306/3310 [16:08<00:01,  3.41it/s, v_num=rics, train_loss=0.090, dev_f1=0.890]
Epoch 49: 100%|█████████▉| 3306/3310 [16:09<00:01,  3.41it/s, v_num=rics, train_loss=0.00403, dev_f1=0.890]
Epoch 49: 100%|█████████▉| 3307/3310 [16:09<00:00,  3.41it/s, v_num=rics, train_loss=0.00403, dev_f1=0.890]
Epoch 49: 100%|█████████▉| 3307/3310 [16:09<00:00,  3.41it/s, v_num=rics, train_loss=0.177, dev_f1=0.890]  
Epoch 49: 100%|█████████▉| 3308/3310 [16:09<00:00,  3.41it/s, v_num=rics, train_loss=0.177, dev_f1=0.890]
Epoch 49: 100%|█████████▉| 3308/3310 [16:09<00:00,  3.41it/s, v_num=rics, train_loss=0.00221, dev_f1=0.890]
Epoch 49: 100%|█████████▉| 3309/3310 [16:09<00:00,  3.41it/s, v_num=rics, train_loss=0.00221, dev_f1=0.890]
Epoch 49: 100%|█████████▉| 3309/3310 [16:09<00:00,  3.41it/s, v_num=rics, train_loss=0.0623, dev_f1=0.890] 
Epoch 49: 100%|██████████| 3310/3310 [16:10<00:00,  3.41it/s, v_num=rics, train_loss=0.0623, dev_f1=0.890]
Epoch 49: 100%|██████████| 3310/3310 [16:10<00:00,  3.41it/s, v_num=rics, train_loss=0.00563, dev_f1=0.890][dev eval, checkpoint epoch 49] {'f1': 0.8905803996194099, 'precision': 0.8764044943820225, 'recall': 0.9052224371373307, 'tp': 468, 'fp': 66, 'fn': 49, 'ignored_predictions': 74, 'threshold': 0.8779296875, 'n_candidates': 1437, 'epoch': 49}

Epoch 49: 100%|██████████| 3310/3310 [22:48<00:00,  2.42it/s, v_num=rics, train_loss=0.00563, dev_f1=0.891]`Trainer.fit` stopped: `max_epochs=50` reached.

Epoch 49: 100%|██████████| 3310/3310 [22:48<00:00,  2.42it/s, v_num=rics, train_loss=0.00563, dev_f1=0.891]
{
 "result_schema": 2,
 "exp_id": "vitrand-f50-s0",
 "git_sha": "06b2e61dbb85dc5fa5a5d5853f9ba15f6a87dca9",
 "detector_sha256": "c42ae65bf9045cc93f0d73ae1437b2f6a1300670cb49d8e93f83a39d58a62a12",
 "precision": "32-true",
 "micro_batch": 16,
 "gradient_accumulation": 1,
 "effective_batch": 16,
 "epochs_run": 50,
 "best_dev_f1": 0.8934967012252591,
 "best_dev": {
  "f1": 0.8934967012252591,
  "precision": 0.8713235294117647,
  "recall": 0.9168278529980658,
  "tp": 474,
  "fp": 70,
  "fn": 43,
  "ignored_predictions": 75,
  "threshold": 0.85205078125,
  "n_candidates": 2049,
  "epoch": 34
 },
 "best_checkpoint": {
  "relative_path": "checkpoints/best.ckpt",
  "sha256": "800c699e54c74b787396253791a7b082d688001776f91f5945ff32a3e9b54b4e",
  "epoch": 34
 },
 "last_dev": {
  "f1": 0.8905803996194099,
  "precision": 0.8764044943820225,
  "recall": 0.9052224371373307,
  "tp": 468,
  "fp": 66,
  "fn": 49,
  "ignored_predictions": 74,
  "threshold": 0.8779296875,
  "n_candidates": 1437,
  "epoch": 49
 },
 "train_loss": 0.005628756247460842,
 "h100_runtime_contract": {
  "schema": 1,
  "status": "verified",
  "pre_trainer": {
   "schema": 1,
   "status": "verified",
   "stage": "pre-trainer",
   "precision": "32-true",
   "devices": 1,
   "micro_batch": 16,
   "gradient_accumulation": 1,
   "effective_batch": 16,
   "strict_fp32": {
    "cuda_matmul_fp32_precision": "ieee",
    "cudnn_conv_fp32_precision": "ieee",
    "cudnn_rnn_fp32_precision": "ieee"
   },
   "autocast": {
    "global": false,
    "cuda": false,
    "cpu": false
   },
   "process": {
    "WORLD_SIZE": "unset",
    "SLURM_NTASKS": "1",
    "effective_world_size": 1
   },
   "model": {
    "floating_parameter_count": 160,
    "floating_parameter_dtypes": [
     "torch.float32"
    ]
   }
  },
  "resolved_trainer": {
   "accelerator": "lightning.pytorch.accelerators.cuda.CUDAAccelerator",
   "precision_plugin": "lightning.pytorch.plugins.precision.precision.Precision",
   "precision": "32-true",
   "gradient_scaler": null,
   "strategy": "lightning.pytorch.strategies.single_device.SingleDeviceStrategy",
   "root_device_type": "cuda",
   "root_device_index": 0,
   "num_devices": 1,
   "world_size": 1,
   "device_ids": [
    0
   ],
   "gradient_accumulation": 1
  }
 }
}
[2026-10-01T20:24:19] vitrand-f50-s0: scoring frozen TEST with cohort-bound best-dev threshold
[2026-10-01T20:36:52] vitrand-f50-s0: test F1 0.8091; near-shore F1 0.3636 on 2 GT
[2026-10-01T20:36:52] scored 1 runs
